#
# There is insufficient memory for the Java Runtime Environment to continue.
# Native memory allocation (mmap) failed to map 264241152 bytes for G1 virtual space
# Possible reasons:
#   The system is out of physical RAM or swap space
#   The process is running with CompressedOops enabled, and the Java Heap may be blocking the growth of the native heap
# Possible solutions:
#   Reduce memory load on the system
#   Increase physical memory or swap space
#   Check if swap backing store is full
#   Decrease Java heap size (-Xmx/-Xms)
#   Decrease number of Java threads
#   Decrease Java thread stack sizes (-Xss)
#   Set larger code cache with -XX:ReservedCodeCacheSize=
#   JVM is running with Zero Based Compressed Oops mode in which the Java heap is
#     placed in the first 32GB address space. The Java Heap base address is the
#     maximum limit for the native heap growth. Please use -XX:HeapBaseMinAddress
#     to set the Java Heap base and to place the Java Heap above 32GB virtual address.
# This output file may be truncated or incomplete.
#
#  Out of Memory Error (os_windows.cpp:3552), pid=16644, tid=13648
#
# JRE version:  (17.0.9+11) (build )
# Java VM: Java HotSpot(TM) 64-Bit Server VM (17.0.9+11-LTS-201, mixed mode, sharing, tiered, compressed oops, compressed class ptrs, g1 gc, windows-amd64)
# No core dump will be written. Minidumps are not enabled by default on client versions of Windows
#

---------------  S U M M A R Y ------------

Command Line: -ea -XX:+ShowCodeDetailsInExceptionMessages -Dfile.encoding=UTF-8 org.eclipse.jdt.internal.junit.runner.RemoteTestRunner -version 3 -port 56520 -testLoaderClass org.eclipse.jdt.internal.junit5.runner.JUnit5TestLoader -loaderpluginname org.eclipse.jdt.junit5.runtime -testNameFile C:\Users\raguv\AppData\Local\Temp\testNames8518398792490431830.txt

Host: 11th Gen Intel(R) Core(TM) i7-11800H @ 2.30GHz, 16 cores, 15G,  Windows 11 , 64 bit Build 22621 (10.0.22621.3085)
Time: Fri Mar  8 16:54:39 2024 India Standard Time elapsed time: 0.062410 seconds (0d 0h 0m 0s)

---------------  T H R E A D  ---------------

Current thread (0x00000247b96f4310):  JavaThread "Unknown thread" [_thread_in_vm, id=13648, stack(0x0000004ce5700000,0x0000004ce5800000)]

Stack: [0x0000004ce5700000,0x0000004ce5800000]
Native frames: (J=compiled Java code, j=interpreted, Vv=VM code, C=native code)
V  [jvm.dll+0x678a4a]
V  [jvm.dll+0x7d9cfd]
V  [jvm.dll+0x7db60e]
V  [jvm.dll+0x7dbc73]
V  [jvm.dll+0x245e1f]
V  [jvm.dll+0x6758f9]
V  [jvm.dll+0x66a2a2]
V  [jvm.dll+0x303686]
V  [jvm.dll+0x30ac06]
V  [jvm.dll+0x35a48e]
V  [jvm.dll+0x35a6bf]
V  [jvm.dll+0x2da678]
V  [jvm.dll+0x2db5e4]
V  [jvm.dll+0x7ab6b1]
V  [jvm.dll+0x368041]
V  [jvm.dll+0x78a749]
V  [jvm.dll+0x3ebd4f]
V  [jvm.dll+0x3ed7d1]
C  [jli.dll+0x5297]
C  [ucrtbase.dll+0x29363]
C  [KERNEL32.DLL+0x1257d]
C  [ntdll.dll+0x5aa58]


---------------  P R O C E S S  ---------------

Threads class SMR info:
_java_thread_list=0x00007ffa4a2989d8, length=0, elements={
}

Java Threads: ( => current thread )

Other Threads:
  0x00000247b9762b70 GCTaskThread "GC Thread#0" [stack: 0x0000004ce5800000,0x0000004ce5900000] [id=11560]
  0x00000247b9774cd0 ConcurrentGCThread "G1 Main Marker" [stack: 0x0000004ce5900000,0x0000004ce5a00000] [id=7752]
  0x00000247b97755f0 ConcurrentGCThread "G1 Conc#0" [stack: 0x0000004ce5a00000,0x0000004ce5b00000] [id=9252]

[error occurred during error reporting (printing all threads), id 0xc0000005, EXCEPTION_ACCESS_VIOLATION (0xc0000005) at pc=0x00007ffa49acb2d7]

VM state: not at safepoint (not fully initialized)

VM Mutex/Monitor currently owned by a thread:  ([mutex/lock_event])
[0x00000247b96efda0] Heap_lock - owner thread: 0x00000247b96f4310

Heap address: 0x0000000704a00000, size: 4022 MB, Compressed Oops mode: Zero based, Oop shift amount: 3

CDS archive(s) mapped at: [0x0000000000000000-0x0000000000000000-0x0000000000000000), size 0, SharedBaseAddress: 0x0000000800000000, ArchiveRelocationMode: 1.
Narrow klass base: 0x0000000000000000, Narrow klass shift: 0, Narrow klass range: 0x0

GC Precious Log:
<Empty>

Heap:
 garbage-first heap   total 0K, used 0K [0x0000000704a00000, 0x0000000800000000)
  region size 2048K, 0 young (0K), 0 survivors (0K)

[error occurred during error reporting (printing heap information), id 0xc0000005, EXCEPTION_ACCESS_VIOLATION (0xc0000005) at pc=0x00007ffa49eb2229]

GC Heap History (0 events):
No events

Deoptimization events (0 events):
No events

Classes unloaded (0 events):
No events

Classes redefined (0 events):
No events

Internal exceptions (0 events):
No events

VM Operations (0 events):
No events

Events (1 events):
Event: 0.034 Loaded shared library C:\Program Files\Java\jdk-17\bin\java.dll


Dynamic libraries:
0x00007ff73fae0000 - 0x00007ff73faf0000 	C:\Program Files\Java\jdk-17\bin\java.exe
0x00007ffaf0f90000 - 0x00007ffaf11a7000 	C:\WINDOWS\SYSTEM32\ntdll.dll
0x00007ffaf0c20000 - 0x00007ffaf0ce4000 	C:\WINDOWS\System32\KERNEL32.DLL
0x00007ffaee4a0000 - 0x00007ffaee846000 	C:\WINDOWS\System32\KERNELBASE.dll
0x00007ffaee380000 - 0x00007ffaee491000 	C:\WINDOWS\System32\ucrtbase.dll
0x00007ffae76d0000 - 0x00007ffae76e9000 	C:\Program Files\Java\jdk-17\bin\jli.dll
0x00007ffaf0000000 - 0x00007ffaf00b3000 	C:\WINDOWS\System32\ADVAPI32.dll
0x00007ffaef930000 - 0x00007ffaef9d7000 	C:\WINDOWS\System32\msvcrt.dll
0x00007ffaeed10000 - 0x00007ffaeedb8000 	C:\WINDOWS\System32\sechost.dll
0x00007ffaeebf0000 - 0x00007ffaeec18000 	C:\WINDOWS\System32\bcrypt.dll
0x00007ffaeedc0000 - 0x00007ffaeeed7000 	C:\WINDOWS\System32\RPCRT4.dll
0x00007ffae7670000 - 0x00007ffae768b000 	C:\Program Files\Java\jdk-17\bin\VCRUNTIME140.dll
0x00007ffaef6f0000 - 0x00007ffaef89e000 	C:\WINDOWS\System32\USER32.dll
0x00007ffaee350000 - 0x00007ffaee376000 	C:\WINDOWS\System32\win32u.dll
0x00007ffaeece0000 - 0x00007ffaeed09000 	C:\WINDOWS\System32\GDI32.dll
0x00007ffadf360000 - 0x00007ffadf5f3000 	C:\WINDOWS\WinSxS\amd64_microsoft.windows.common-controls_6595b64144ccf1df_6.0.22621.2506_none_270c5ae97388e100\COMCTL32.dll
0x00007ffaeea30000 - 0x00007ffaeeb48000 	C:\WINDOWS\System32\gdi32full.dll
0x00007ffaeeb50000 - 0x00007ffaeebea000 	C:\WINDOWS\System32\msvcp_win.dll
0x00007ffae6e90000 - 0x00007ffae6e9a000 	C:\WINDOWS\SYSTEM32\VERSION.dll
0x00007ffaf0e90000 - 0x00007ffaf0ec1000 	C:\WINDOWS\System32\IMM32.DLL
0x00007ffae9ae0000 - 0x00007ffae9aec000 	C:\Program Files\Java\jdk-17\bin\vcruntime140_1.dll
0x00007ffae75e0000 - 0x00007ffae766e000 	C:\Program Files\Java\jdk-17\bin\msvcp140.dll
0x00007ffa497e0000 - 0x00007ffa4a3c1000 	C:\Program Files\Java\jdk-17\bin\server\jvm.dll
0x00007ffaef360000 - 0x00007ffaef368000 	C:\WINDOWS\System32\PSAPI.DLL
0x00007ffad0780000 - 0x00007ffad0789000 	C:\WINDOWS\SYSTEM32\WSOCK32.dll
0x00007ffae7540000 - 0x00007ffae7574000 	C:\WINDOWS\SYSTEM32\WINMM.dll
0x00007ffaf0ed0000 - 0x00007ffaf0f41000 	C:\WINDOWS\System32\WS2_32.dll
0x00007ffaed3c0000 - 0x00007ffaed3d8000 	C:\WINDOWS\SYSTEM32\kernel.appcore.dll
0x00007ffae88b0000 - 0x00007ffae88ba000 	C:\Program Files\Java\jdk-17\bin\jimage.dll
0x00007ffaebbb0000 - 0x00007ffaebde3000 	C:\WINDOWS\SYSTEM32\DBGHELP.DLL
0x00007ffaefbb0000 - 0x00007ffaeff39000 	C:\WINDOWS\System32\combase.dll
0x00007ffaf0cf0000 - 0x00007ffaf0dc7000 	C:\WINDOWS\System32\OLEAUT32.dll
0x00007ffacd910000 - 0x00007ffacd942000 	C:\WINDOWS\SYSTEM32\dbgcore.DLL
0x00007ffaee2d0000 - 0x00007ffaee34a000 	C:\WINDOWS\System32\bcryptPrimitives.dll
0x00007ffadd0f0000 - 0x00007ffadd115000 	C:\Program Files\Java\jdk-17\bin\java.dll

dbghelp: loaded successfully - version: 4.0.5 - missing functions: none
symbol engine: initialized successfully - sym options: 0x614 - pdb path: .;C:\Program Files\Java\jdk-17\bin;C:\WINDOWS\SYSTEM32;C:\WINDOWS\WinSxS\amd64_microsoft.windows.common-controls_6595b64144ccf1df_6.0.22621.2506_none_270c5ae97388e100;C:\Program Files\Java\jdk-17\bin\server

VM Arguments:
jvm_args: -ea -XX:+ShowCodeDetailsInExceptionMessages -Dfile.encoding=UTF-8 
java_command: org.eclipse.jdt.internal.junit.runner.RemoteTestRunner -version 3 -port 56520 -testLoaderClass org.eclipse.jdt.internal.junit5.runner.JUnit5TestLoader -loaderpluginname org.eclipse.jdt.junit5.runtime -testNameFile C:\Users\raguv\AppData\Local\Temp\testNames8518398792490431830.txt
java_class_path (initial): c:\Vishal x33\GitHub 2024\JAVATrainingProgramme\Minor Project\course-scheduling\course-scheduling\target\test-classes;c:\Vishal x33\GitHub 2024\JAVATrainingProgramme\Minor Project\course-scheduling\course-scheduling\target\classes;c:\Users\raguv\.m2\repository\org\springframework\boot\spring-boot-starter\3.2.3\spring-boot-starter-3.2.3.jar;c:\Users\raguv\.m2\repository\org\springframework\boot\spring-boot\3.2.3\spring-boot-3.2.3.jar;c:\Users\raguv\.m2\repository\org\springframework\spring-context\6.1.4\spring-context-6.1.4.jar;c:\Users\raguv\.m2\repository\org\springframework\boot\spring-boot-autoconfigure\3.2.3\spring-boot-autoconfigure-3.2.3.jar;c:\Users\raguv\.m2\repository\org\springframework\boot\spring-boot-starter-logging\3.2.3\spring-boot-starter-logging-3.2.3.jar;c:\Users\raguv\.m2\repository\ch\qos\logback\logback-classic\1.4.14\logback-classic-1.4.14.jar;c:\Users\raguv\.m2\repository\ch\qos\logback\logback-core\1.4.14\logback-core-1.4.14.jar;c:\Users\raguv\.m2\repository\org\apache\logging\log4j\log4j-to-slf4j\2.21.1\log4j-to-slf4j-2.21.1.jar;c:\Users\raguv\.m2\repository\org\apache\logging\log4j\log4j-api\2.21.1\log4j-api-2.21.1.jar;c:\Users\raguv\.m2\repository\org\slf4j\jul-to-slf4j\2.0.12\jul-to-slf4j-2.0.12.jar;c:\Users\raguv\.m2\repository\jakarta\annotation\jakarta.annotation-api\2.1.1\jakarta.annotation-api-2.1.1.jar;c:\Users\raguv\.m2\repository\org\springframework\spring-core\6.1.4\spring-core-6.1.4.jar;c:\Users\raguv\.m2\repository\org\springframework\spring-jcl\6.1.4\spring-jcl-6.1.4.jar;c:\Users\raguv\.m2\repository\org\yaml\snakeyaml\2.2\snakeyaml-2.2.jar;c:\Users\raguv\.m2\repository\org\projectlombok\lombok\1.18.30\lombok-1.18.30.jar;c:\Users\raguv\.m2\repository\org\springframework\boot\spring-boot-starter-test\3.2.3\spring-boot-starter-test-3.2.3.jar;c:\Users\raguv\.m2\repository\org\springframework\boot\spring-boot-test\3.2.3\spring-boot-test-3.2.3.jar;c:\Users\raguv\.m2\repository\org\springframework\boot\s
Launcher Type: SUN_STANDARD

[Global flags]
     intx CICompilerCount                          = 12                                        {product} {ergonomic}
     uint ConcGCThreads                            = 3                                         {product} {ergonomic}
     uint G1ConcRefinementThreads                  = 13                                        {product} {ergonomic}
   size_t G1HeapRegionSize                         = 2097152                                   {product} {ergonomic}
    uintx GCDrainStackTargetSize                   = 64                                        {product} {ergonomic}
   size_t InitialHeapSize                          = 264241152                                 {product} {ergonomic}
   size_t MarkStackSize                            = 4194304                                   {product} {ergonomic}
   size_t MaxHeapSize                              = 4217372672                                {product} {ergonomic}
   size_t MinHeapDeltaBytes                        = 2097152                                   {product} {ergonomic}
   size_t MinHeapSize                              = 8388608                                   {product} {ergonomic}
    uintx NonNMethodCodeHeapSize                   = 7602480                                {pd product} {ergonomic}
    uintx NonProfiledCodeHeapSize                  = 122027880                              {pd product} {ergonomic}
    uintx ProfiledCodeHeapSize                     = 122027880                              {pd product} {ergonomic}
    uintx ReservedCodeCacheSize                    = 251658240                              {pd product} {ergonomic}
     bool SegmentedCodeCache                       = true                                      {product} {ergonomic}
     bool ShowCodeDetailsInExceptionMessages       = true                                   {manageable} {command line}
   size_t SoftMaxHeapSize                          = 4217372672                             {manageable} {ergonomic}
     bool UseCompressedClassPointers               = true                           {product lp64_product} {ergonomic}
     bool UseCompressedOops                        = true                           {product lp64_product} {ergonomic}
     bool UseG1GC                                  = true                                      {product} {ergonomic}
     bool UseLargePagesIndividualAllocation        = false                                  {pd product} {ergonomic}

Logging:
Log output configuration:
 #0: stdout all=warning uptime,level,tags
 #1: stderr all=off uptime,level,tags

Environment Variables:
PATH=C:\Program Files\Common Files\Oracle\Java\javapath;C:\Windows\system32;C:\Windows;C:\Windows\System32\Wbem;C:\Windows\System32\WindowsPowerShell\v1.0\;C:\Windows\System32\OpenSSH\;C:\Program Files (x86)\NVIDIA Corporation\PhysX\Common;C:\Program Files\NVIDIA Corporation\NVIDIA NvDLISR;C:\WINDOWS\system32;C:\WINDOWS;C:\WINDOWS\System32\Wbem;C:\WINDOWS\System32\WindowsPowerShell\v1.0\;C:\WINDOWS\System32\OpenSSH\;C:\Program Files\Git\cmd;C:\Program Files\MySQL\MySQL Server 8.0\bin;C:\Program Files\dotnet\;C:\Program Files\PowerShell\7\;C:\Program Files\MySQL\MySQL Shell 8.0\bin\;C:\Users\raguv\AppData\Local\Microsoft\WindowsApps;C:\Program Files\JetBrains\IntelliJ IDEA Community Edition 2023.1\bin;;C:\Users\raguv\AppData\Local\GitHubDesktop\bin;C:\Program Files\Git\bin\;C:\Program Files\Git\cmd\;C:\Users\raguv\AppData\Local\Programs\Microsoft VS Code\bin;C:\Program Files\apache-maven-3.9.2-bin\apache-maven-3.9.2\bin;
USERNAME=brahmabull3
OS=Windows_NT
PROCESSOR_IDENTIFIER=Intel64 Family 6 Model 141 Stepping 1, GenuineIntel



---------------  S Y S T E M  ---------------

OS:
 Windows 11 , 64 bit Build 22621 (10.0.22621.3085)
OS uptime: 0 days 1:39 hours
Hyper-V role detected

CPU: total 16 (initial active 16) (8 cores per cpu, 2 threads per core) family 6 model 141 stepping 1 microcode 0x34, cx8, cmov, fxsr, ht, mmx, 3dnowpref, sse, sse2, sse3, ssse3, sse4.1, sse4.2, popcnt, lzcnt, tsc, tscinvbit, avx, avx2, aes, erms, clmul, bmi1, bmi2, adx, avx512f, avx512dq, avx512cd, avx512bw, avx512vl, sha, fma, vzeroupper, avx512_vpopcntdq, avx512_vpclmulqdq, avx512_vaes, avx512_vnni, clflush, clflushopt, clwb, avx512_vbmi2, avx512_vbmi, hv

Memory: 4k page, system-wide physical 16085M (6637M free)
TotalPageFile size 18991M (AvailPageFile size 160M)
current process WorkingSet (physical memory assigned to process): 11M, peak: 11M
current process commit charge ("private bytes"): 71M, peak: 323M

vm_info: Java HotSpot(TM) 64-Bit Server VM (17.0.9+11-LTS-201) for windows-amd64 JRE (17.0.9+11-LTS-201), built on Oct 10 2023 23:16:06 by "mach5one" with MS VC++ 17.1 (VS2022)

END.
