#
# There is insufficient memory for the Java Runtime Environment to continue.
# Native memory allocation (malloc) failed to allocate 627216 bytes for Chunk::new
# Possible reasons:
#   The system is out of physical RAM or swap space
#   The process is running with CompressedOops enabled, and the Java Heap may be blocking the growth of the native heap
# Possible solutions:
#   Reduce memory load on the system
#   Increase physical memory or swap space
#   Check if swap backing store is full
#   Decrease Java heap size (-Xmx/-Xms)
#   Decrease number of Java threads
#   Decrease Java thread stack sizes (-Xss)
#   Set larger code cache with -XX:ReservedCodeCacheSize=
#   JVM is running with Unscaled Compressed Oops mode in which the Java heap is
#     placed in the first 4GB address space. The Java Heap base address is the
#     maximum limit for the native heap growth. Please use -XX:HeapBaseMinAddress
#     to set the Java Heap base and to place the Java Heap above 4GB virtual address.
# This output file may be truncated or incomplete.
#
#  Out of Memory Error (arena.cpp:191), pid=334864, tid=335076
#
# JRE version: OpenJDK Runtime Environment Temurin-17.0.10+7 (17.0.10+7) (build 17.0.10+7)
# Java VM: OpenJDK 64-Bit Server VM Temurin-17.0.10+7 (17.0.10+7, mixed mode, tiered, compressed oops, compressed class ptrs, parallel gc, windows-amd64)
# No core dump will be written. Minidumps are not enabled by default on client versions of Windows
#

---------------  S U M M A R Y ------------

Command Line: --add-modules=ALL-SYSTEM --add-opens=java.base/java.util=ALL-UNNAMED --add-opens=java.base/java.lang=ALL-UNNAMED --add-opens=java.base/sun.nio.fs=ALL-UNNAMED -Declipse.application=org.eclipse.jdt.ls.core.id1 -Dosgi.bundles.defaultStartLevel=4 -Declipse.product=org.eclipse.jdt.ls.core.product -Djava.import.generatesMetadataFilesAtProjectRoot=false -DDetectVMInstallationsJob.disabled=true -Dfile.encoding=utf8 -XX:+UseParallelGC -XX:GCTimeRatio=4 -XX:AdaptiveSizePolicyWeight=90 -Dsun.zip.disableMemoryMapping=true -Xmx1G -Xms100m -Xlog:disable -javaagent:c:\Users\raguv\.vscode\extensions\redhat.java-1.28.1-win32-x64\lombok\lombok-1.18.31.jar c:\Users\raguv\.vscode\extensions\redhat.java-1.28.1-win32-x64\server\plugins\org.eclipse.equinox.launcher_1.6.700.v20231214-2017.jar -configuration c:\Users\raguv\AppData\Roaming\Code\User\globalStorage\redhat.java\1.28.1\config_ss_win -data c:\Users\raguv\AppData\Roaming\Code\User\workspaceStorage\3369feadbb714503eb105f69fa7612c8\redhat.java\ss_ws --stdio

Host: 11th Gen Intel(R) Core(TM) i7-11800H @ 2.30GHz, 16 cores, 15G,  Windows 11 , 64 bit Build 22621 (10.0.22621.3235)
Time: Wed Mar 20 16:39:26 2024 India Standard Time elapsed time: 0.685103 seconds (0d 0h 0m 0s)

---------------  T H R E A D  ---------------

Current thread (0x000001ee2e009330):  JavaThread "C2 CompilerThread0" daemon [_thread_in_native, id=335076, stack(0x000000379cc00000,0x000000379cd00000)]


Current CompileTask:
C2:    685 1535       4       java.io.WinNTFileSystem::normalize (143 bytes)

Stack: [0x000000379cc00000,0x000000379cd00000]
Native frames: (J=compiled Java code, j=interpreted, Vv=VM code, C=native code)
V  [jvm.dll+0x67d2c9]
V  [jvm.dll+0x834afa]
V  [jvm.dll+0x8365be]
V  [jvm.dll+0x836c23]
V  [jvm.dll+0x2477ff]
V  [jvm.dll+0xac514]
V  [jvm.dll+0xacb5c]
V  [jvm.dll+0x366782]
V  [jvm.dll+0x330bfa]
V  [jvm.dll+0x33009a]
V  [jvm.dll+0x219ef1]
V  [jvm.dll+0x219311]
V  [jvm.dll+0x1a502d]
V  [jvm.dll+0x2290de]
V  [jvm.dll+0x2272ac]
V  [jvm.dll+0x7e9bb7]
V  [jvm.dll+0x7e3fba]
V  [jvm.dll+0x67c1b5]
C  [ucrtbase.dll+0x29363]
C  [KERNEL32.DLL+0x1257d]
C  [ntdll.dll+0x5aa58]


---------------  P R O C E S S  ---------------

Threads class SMR info:
_java_thread_list=0x000001ee30c911c0, length=23, elements={
0x000001ee1503b700, 0x000001ee28ec0260, 0x000001ee28ec0e20, 0x000001ee2dffb380,
0x000001ee2dffde30, 0x000001ee2dfff0a0, 0x000001ee2e002580, 0x000001ee2e009330,
0x000001ee2e0223f0, 0x000001ee2e02a5e0, 0x000001ee2e139700, 0x000001ee2e0253c0,
0x000001ee2e023930, 0x000001ee2e0233e0, 0x000001ee2e024920, 0x000001ee3025d860,
0x000001ee2e023e80, 0x000001ee2e0243d0, 0x000001ee2e024e70, 0x000001ee2e025910,
0x000001ee30d793f0, 0x000001ee30d55bf0, 0x000001ee30c91400
}

Java Threads: ( => current thread )
  0x000001ee1503b700 JavaThread "main" [_thread_blocked, id=334932, stack(0x000000379c300000,0x000000379c400000)]
  0x000001ee28ec0260 JavaThread "Reference Handler" daemon [_thread_blocked, id=335004, stack(0x000000379c600000,0x000000379c700000)]
  0x000001ee28ec0e20 JavaThread "Finalizer" daemon [_thread_blocked, id=334904, stack(0x000000379c700000,0x000000379c800000)]
  0x000001ee2dffb380 JavaThread "Signal Dispatcher" daemon [_thread_blocked, id=334972, stack(0x000000379c800000,0x000000379c900000)]
  0x000001ee2dffde30 JavaThread "Attach Listener" daemon [_thread_blocked, id=335248, stack(0x000000379c900000,0x000000379ca00000)]
  0x000001ee2dfff0a0 JavaThread "Service Thread" daemon [_thread_blocked, id=334936, stack(0x000000379ca00000,0x000000379cb00000)]
  0x000001ee2e002580 JavaThread "Monitor Deflation Thread" daemon [_thread_blocked, id=334960, stack(0x000000379cb00000,0x000000379cc00000)]
=>0x000001ee2e009330 JavaThread "C2 CompilerThread0" daemon [_thread_in_native, id=335076, stack(0x000000379cc00000,0x000000379cd00000)]
  0x000001ee2e0223f0 JavaThread "C1 CompilerThread0" daemon [_thread_blocked, id=335064, stack(0x000000379cd00000,0x000000379ce00000)]
  0x000001ee2e02a5e0 JavaThread "Sweeper thread" daemon [_thread_blocked, id=334956, stack(0x000000379ce00000,0x000000379cf00000)]
  0x000001ee2e139700 JavaThread "Common-Cleaner" daemon [_thread_blocked, id=335020, stack(0x000000379cf00000,0x000000379d000000)]
  0x000001ee2e0253c0 JavaThread "C1 CompilerThread1" daemon [_thread_blocked, id=335116, stack(0x000000379d000000,0x000000379d100000)]
  0x000001ee2e023930 JavaThread "C1 CompilerThread2" daemon [_thread_blocked, id=335120, stack(0x000000379d100000,0x000000379d200000)]
  0x000001ee2e0233e0 JavaThread "C2 CompilerThread1" daemon [_thread_blocked, id=335044, stack(0x000000379d200000,0x000000379d300000)]
  0x000001ee2e024920 JavaThread "C1 CompilerThread3" daemon [_thread_blocked, id=335148, stack(0x000000379d300000,0x000000379d400000)]
  0x000001ee3025d860 JavaThread "Notification Thread" daemon [_thread_blocked, id=335128, stack(0x000000379d400000,0x000000379d500000)]
  0x000001ee2e023e80 JavaThread "C2 CompilerThread2" daemon [_thread_blocked, id=335292, stack(0x000000379d600000,0x000000379d700000)]
  0x000001ee2e0243d0 JavaThread "C2 CompilerThread3" daemon [_thread_blocked, id=335168, stack(0x000000379d700000,0x000000379d800000)]
  0x000001ee2e024e70 JavaThread "C2 CompilerThread4" daemon [_thread_blocked, id=335228, stack(0x000000379d800000,0x000000379d900000)]
  0x000001ee2e025910 JavaThread "C2 CompilerThread5" daemon [_thread_blocked, id=335372, stack(0x000000379d900000,0x000000379da00000)]
  0x000001ee30d793f0 JavaThread "Active Thread: Equinox Container: b9532910-4eed-4159-9ea6-e9c619655125" [_thread_blocked, id=335356, stack(0x000000379df00000,0x000000379e000000)]
  0x000001ee30d55bf0 JavaThread "Framework Event Dispatcher: Equinox Container: b9532910-4eed-4159-9ea6-e9c619655125" daemon [_thread_blocked, id=335384, stack(0x000000379e000000,0x000000379e100000)]
  0x000001ee30c91400 JavaThread "Start Level: Equinox Container: b9532910-4eed-4159-9ea6-e9c619655125" daemon [_thread_in_vm, id=335440, stack(0x000000379e100000,0x000000379e200000)]

Other Threads:
  0x000001ee2dfe45f0 VMThread "VM Thread" [stack: 0x000000379c500000,0x000000379c600000] [id=334876]
  0x000001ee3025dd40 WatcherThread [stack: 0x000000379d500000,0x000000379d600000] [id=335068]
  0x000001ee150515f0 GCTaskThread "GC Thread#0" [stack: 0x000000379c400000,0x000000379c500000] [id=334856]
  0x000001ee309c8d30 GCTaskThread "GC Thread#1" [stack: 0x000000379da00000,0x000000379db00000] [id=335224]
  0x000001ee309c7f70 GCTaskThread "GC Thread#2" [stack: 0x000000379db00000,0x000000379dc00000] [id=335180]
  0x000001ee309c87b0 GCTaskThread "GC Thread#3" [stack: 0x000000379dc00000,0x000000379dd00000] [id=335376]
  0x000001ee309c79f0 GCTaskThread "GC Thread#4" [stack: 0x000000379dd00000,0x000000379de00000] [id=335244]
  0x000001ee309c7cb0 GCTaskThread "GC Thread#5" [stack: 0x000000379de00000,0x000000379df00000] [id=335328]

Threads with active compile tasks:
C2 CompilerThread0      694 1535       4       java.io.WinNTFileSystem::normalize (143 bytes)
C1 CompilerThread1      694 1590       3       java.util.Collections$EmptyList::iterator (4 bytes)

VM state: not at safepoint (normal execution)

VM Mutex/Monitor currently owned by a thread: None

Heap address: 0x00000000c0000000, size: 1024 MB, Compressed Oops mode: 32-bit

CDS archive(s) not mapped
Compressed class space mapped at: 0x0000000100000000-0x0000000140000000, reserved size: 1073741824
Narrow klass base: 0x0000000000000000, Narrow klass shift: 3, Narrow klass range: 0x140000000

GC Precious Log:
 CPUs: 16 total, 16 available
 Memory: 16085M
 Large Page Support: Disabled
 NUMA Support: Disabled
 Compressed Oops: Enabled (32-bit)
 Alignments: Space 512K, Generation 512K, Heap 2M
 Heap Min Capacity: 100M
 Heap Initial Capacity: 100M
 Heap Max Capacity: 1G
 Pre-touch: Disabled
 Parallel Workers: 13

Heap:
 PSYoungGen      total 29696K, used 26493K [0x00000000eab00000, 0x00000000ecc00000, 0x0000000100000000)
  eden space 25600K, 91% used [0x00000000eab00000,0x00000000ec1e25e8,0x00000000ec400000)
  from space 4096K, 74% used [0x00000000ec400000,0x00000000ec6fd150,0x00000000ec800000)
  to   space 4096K, 0% used [0x00000000ec800000,0x00000000ec800000,0x00000000ecc00000)
 ParOldGen       total 68608K, used 16K [0x00000000c0000000, 0x00000000c4300000, 0x00000000eab00000)
  object space 68608K, 0% used [0x00000000c0000000,0x00000000c0004000,0x00000000c4300000)
 Metaspace       used 14025K, committed 14144K, reserved 1114112K
  class space    used 1399K, committed 1472K, reserved 1048576K

Card table byte_map: [0x000001ee149d0000,0x000001ee14be0000] _byte_map_base: 0x000001ee143d0000

Marking Bits: (ParMarkBitMap*) 0x00007ff97c65d7d0
 Begin Bits: [0x000001ee26cd0000, 0x000001ee27cd0000)
 End Bits:   [0x000001ee27cd0000, 0x000001ee28cd0000)

Polling page: 0x000001ee12f70000

Metaspace:

Usage:
  Non-class:     12.33 MB used.
      Class:      1.37 MB used.
       Both:     13.70 MB used.

Virtual space:
  Non-class space:       64.00 MB reserved,      12.38 MB ( 19%) committed,  1 nodes.
      Class space:        1.00 GB reserved,       1.44 MB ( <1%) committed,  1 nodes.
             Both:        1.06 GB reserved,      13.81 MB (  1%) committed. 

Chunk freelists:
   Non-Class:  3.12 MB
       Class:  14.44 MB
        Both:  17.56 MB

MaxMetaspaceSize: unlimited
CompressedClassSpaceSize: 1.00 GB
Initial GC threshold: 21.00 MB
Current GC threshold: 21.00 MB
CDS: off
MetaspaceReclaimPolicy: balanced
 - commit_granule_bytes: 65536.
 - commit_granule_words: 8192.
 - virtual_space_node_default_size: 8388608.
 - enlarge_chunks_in_place: 1.
 - new_chunks_are_fully_committed: 0.
 - uncommit_free_chunks: 1.
 - use_allocation_guard: 0.
 - handle_deallocations: 1.


Internal statistics:

num_allocs_failed_limit: 0.
num_arena_births: 58.
num_arena_deaths: 0.
num_vsnodes_births: 2.
num_vsnodes_deaths: 0.
num_space_committed: 221.
num_space_uncommitted: 0.
num_chunks_returned_to_freelist: 0.
num_chunks_taken_from_freelist: 241.
num_chunk_merges: 0.
num_chunk_splits: 158.
num_chunks_enlarged: 127.
num_inconsistent_stats: 0.

CodeHeap 'non-profiled nmethods': size=119168Kb used=657Kb max_used=657Kb free=118510Kb
 bounds [0x000001ee1f870000, 0x000001ee1fae0000, 0x000001ee26cd0000]
CodeHeap 'profiled nmethods': size=119104Kb used=2929Kb max_used=2929Kb free=116174Kb
 bounds [0x000001ee17cd0000, 0x000001ee17fb0000, 0x000001ee1f120000]
CodeHeap 'non-nmethods': size=7488Kb used=2857Kb max_used=2879Kb free=4630Kb
 bounds [0x000001ee1f120000, 0x000001ee1f400000, 0x000001ee1f870000]
 total_blobs=2044 nmethods=1591 adapters=364
 compilation: enabled
              stopped_count=0, restarted_count=0
 full_count=0

Compilation events (20 events):
Event: 0.682 Thread 0x000001ee2e024920 1567       1       org.eclipse.osgi.framework.eventmgr.CopyOnWriteIdentityMap::entries (5 bytes)
Event: 0.682 Thread 0x000001ee2e023e80 nmethod 1564 0x000001ee1f911490 code [0x000001ee1f911620, 0x000001ee1f9118f8]
Event: 0.682 Thread 0x000001ee2e024920 nmethod 1567 0x000001ee1f911b90 code [0x000001ee1f911d20, 0x000001ee1f911df8]
Event: 0.683 Thread 0x000001ee2e024920 1568       3       java.util.concurrent.locks.ReentrantReadWriteLock$ReadLock::lock (9 bytes)
Event: 0.683 Thread 0x000001ee2e0253c0 1569       3       java.util.concurrent.locks.AbstractQueuedSynchronizer::acquireShared (20 bytes)
Event: 0.683 Thread 0x000001ee2e023930 1570       3       java.util.concurrent.locks.ReentrantReadWriteLock$Sync::tryAcquireShared (177 bytes)
Event: 0.683 Thread 0x000001ee2e0223f0 1571       3       java.util.concurrent.locks.ReentrantReadWriteLock$NonfairSync::readerShouldBlock (5 bytes)
Event: 0.683 Thread 0x000001ee2e024920 nmethod 1568 0x000001ee17f9e690 code [0x000001ee17f9e840, 0x000001ee17f9e988]
Event: 0.683 Thread 0x000001ee2e024920 1572       3       java.util.concurrent.locks.AbstractQueuedSynchronizer::apparentlyFirstQueuedIsExclusive (38 bytes)
Event: 0.683 Thread 0x000001ee2e0223f0 nmethod 1571 0x000001ee17f9ea90 code [0x000001ee17f9ec20, 0x000001ee17f9ed68]
Event: 0.683 Thread 0x000001ee2e0253c0 nmethod 1569 0x000001ee17f9ee10 code [0x000001ee17f9efc0, 0x000001ee17f9f238]
Event: 0.683 Thread 0x000001ee2e0223f0 1573       3       java.util.concurrent.locks.ReentrantReadWriteLock$ReadLock::unlock (10 bytes)
Event: 0.683 Thread 0x000001ee2e0253c0 1574       3       java.util.concurrent.locks.AbstractQueuedSynchronizer::releaseShared (19 bytes)
Event: 0.683 Thread 0x000001ee2e024920 nmethod 1572 0x000001ee17f9f310 code [0x000001ee17f9f4c0, 0x000001ee17f9f818]
Event: 0.683 Thread 0x000001ee2e024920 1576       3       java.lang.Character::codePointAt (51 bytes)
Event: 0.683 Thread 0x000001ee2e0223f0 nmethod 1573 0x000001ee17f9f910 code [0x000001ee17f9fae0, 0x000001ee17f9fdb8]
Event: 0.683 Thread 0x000001ee2e0223f0 1575       3       java.util.concurrent.locks.ReentrantReadWriteLock$Sync::tryReleaseShared (146 bytes)
Event: 0.683 Thread 0x000001ee2e0253c0 nmethod 1574 0x000001ee17f9ff10 code [0x000001ee17fa0100, 0x000001ee17fa0568]
Event: 0.683 Thread 0x000001ee2e024920 nmethod 1576 0x000001ee17fa0710 code [0x000001ee17fa0900, 0x000001ee17fa0f68]
Event: 0.683 Thread 0x000001ee2e023930 nmethod 1570 0x000001ee17fa1110 code [0x000001ee17fa1360, 0x000001ee17fa1e08]

GC Heap History (2 events):
Event: 0.440 GC heap before
{Heap before GC invocations=1 (full 0):
 PSYoungGen      total 29696K, used 25600K [0x00000000eab00000, 0x00000000ecc00000, 0x0000000100000000)
  eden space 25600K, 100% used [0x00000000eab00000,0x00000000ec400000,0x00000000ec400000)
  from space 4096K, 0% used [0x00000000ec800000,0x00000000ec800000,0x00000000ecc00000)
  to   space 4096K, 0% used [0x00000000ec400000,0x00000000ec400000,0x00000000ec800000)
 ParOldGen       total 68608K, used 0K [0x00000000c0000000, 0x00000000c4300000, 0x00000000eab00000)
  object space 68608K, 0% used [0x00000000c0000000,0x00000000c0000000,0x00000000c4300000)
 Metaspace       used 10640K, committed 10816K, reserved 1114112K
  class space    used 1061K, committed 1152K, reserved 1048576K
}
Event: 0.444 GC heap after
{Heap after GC invocations=1 (full 0):
 PSYoungGen      total 29696K, used 3060K [0x00000000eab00000, 0x00000000ecc00000, 0x0000000100000000)
  eden space 25600K, 0% used [0x00000000eab00000,0x00000000eab00000,0x00000000ec400000)
  from space 4096K, 74% used [0x00000000ec400000,0x00000000ec6fd150,0x00000000ec800000)
  to   space 4096K, 0% used [0x00000000ec800000,0x00000000ec800000,0x00000000ecc00000)
 ParOldGen       total 68608K, used 16K [0x00000000c0000000, 0x00000000c4300000, 0x00000000eab00000)
  object space 68608K, 0% used [0x00000000c0000000,0x00000000c0004000,0x00000000c4300000)
 Metaspace       used 10640K, committed 10816K, reserved 1114112K
  class space    used 1061K, committed 1152K, reserved 1048576K
}

Dll operation events (8 events):
Event: 0.006 Loaded shared library c:\Users\raguv\.vscode\extensions\redhat.java-1.28.1-win32-x64\jre\17.0.10-win32-x86_64\bin\java.dll
Event: 0.092 Loaded shared library c:\Users\raguv\.vscode\extensions\redhat.java-1.28.1-win32-x64\jre\17.0.10-win32-x86_64\bin\zip.dll
Event: 0.093 Loaded shared library C:\Users\raguv\.vscode\extensions\redhat.java-1.28.1-win32-x64\jre\17.0.10-win32-x86_64\bin\instrument.dll
Event: 0.101 Loaded shared library C:\Users\raguv\.vscode\extensions\redhat.java-1.28.1-win32-x64\jre\17.0.10-win32-x86_64\bin\net.dll
Event: 0.102 Loaded shared library C:\Users\raguv\.vscode\extensions\redhat.java-1.28.1-win32-x64\jre\17.0.10-win32-x86_64\bin\nio.dll
Event: 0.105 Loaded shared library C:\Users\raguv\.vscode\extensions\redhat.java-1.28.1-win32-x64\jre\17.0.10-win32-x86_64\bin\zip.dll
Event: 0.115 Loaded shared library C:\Users\raguv\.vscode\extensions\redhat.java-1.28.1-win32-x64\jre\17.0.10-win32-x86_64\bin\jimage.dll
Event: 0.152 Loaded shared library c:\Users\raguv\.vscode\extensions\redhat.java-1.28.1-win32-x64\jre\17.0.10-win32-x86_64\bin\verify.dll

Deoptimization events (20 events):
Event: 0.531 Thread 0x000001ee1503b700 DEOPT PACKING pc=0x000001ee17d472c5 sp=0x000000379c3f3ea0
Event: 0.531 Thread 0x000001ee1503b700 DEOPT UNPACKING pc=0x000001ee1f17a9e3 sp=0x000000379c3f3350 mode 0
Event: 0.540 Thread 0x000001ee1503b700 Uncommon trap: trap_request=0xffffffc6 fr.pc=0x000001ee1f89e19c relative=0x000000000000027c
Event: 0.540 Thread 0x000001ee1503b700 Uncommon trap: reason=bimorphic_or_optimized_type_check action=maybe_recompile pc=0x000001ee1f89e19c method=java.util.Collections$UnmodifiableCollection$1.next()Ljava/lang/Object; @ 4 c2
Event: 0.540 Thread 0x000001ee1503b700 DEOPT PACKING pc=0x000001ee1f89e19c sp=0x000000379c3f80b0
Event: 0.540 Thread 0x000001ee1503b700 DEOPT UNPACKING pc=0x000001ee1f179ea3 sp=0x000000379c3f8060 mode 2
Event: 0.540 Thread 0x000001ee1503b700 Uncommon trap: trap_request=0xffffffc6 fr.pc=0x000001ee1f89e19c relative=0x000000000000027c
Event: 0.540 Thread 0x000001ee1503b700 Uncommon trap: reason=bimorphic_or_optimized_type_check action=maybe_recompile pc=0x000001ee1f89e19c method=java.util.Collections$UnmodifiableCollection$1.next()Ljava/lang/Object; @ 4 c2
Event: 0.540 Thread 0x000001ee1503b700 DEOPT PACKING pc=0x000001ee1f89e19c sp=0x000000379c3f80b0
Event: 0.540 Thread 0x000001ee1503b700 DEOPT UNPACKING pc=0x000001ee1f179ea3 sp=0x000000379c3f8060 mode 2
Event: 0.621 Thread 0x000001ee1503b700 Uncommon trap: trap_request=0xffffffde fr.pc=0x000001ee1f8ca88c relative=0x000000000000094c
Event: 0.621 Thread 0x000001ee1503b700 Uncommon trap: reason=class_check action=maybe_recompile pc=0x000001ee1f8ca88c method=java.util.HashMap.putVal(ILjava/lang/Object;Ljava/lang/Object;ZZ)Ljava/lang/Object; @ 253 c2
Event: 0.621 Thread 0x000001ee1503b700 DEOPT PACKING pc=0x000001ee1f8ca88c sp=0x000000379c3fdee0
Event: 0.621 Thread 0x000001ee1503b700 DEOPT UNPACKING pc=0x000001ee1f179ea3 sp=0x000000379c3fde60 mode 2
Event: 0.622 Thread 0x000001ee1503b700 Uncommon trap: trap_request=0xffffffde fr.pc=0x000001ee1f8ca88c relative=0x000000000000094c
Event: 0.622 Thread 0x000001ee1503b700 Uncommon trap: reason=class_check action=maybe_recompile pc=0x000001ee1f8ca88c method=java.util.HashMap.putVal(ILjava/lang/Object;Ljava/lang/Object;ZZ)Ljava/lang/Object; @ 253 c2
Event: 0.622 Thread 0x000001ee1503b700 DEOPT PACKING pc=0x000001ee1f8ca88c sp=0x000000379c3fdee0
Event: 0.622 Thread 0x000001ee1503b700 DEOPT UNPACKING pc=0x000001ee1f179ea3 sp=0x000000379c3fde60 mode 2
Event: 0.636 Thread 0x000001ee1503b700 DEOPT PACKING pc=0x000001ee17dfc389 sp=0x000000379c3fc890
Event: 0.636 Thread 0x000001ee1503b700 DEOPT UNPACKING pc=0x000001ee1f17a9e3 sp=0x000000379c3fbd18 mode 0

Classes unloaded (0 events):
No events

Classes redefined (0 events):
No events

Internal exceptions (20 events):
Event: 0.305 Thread 0x000001ee1503b700 Exception <a 'java/io/FileNotFoundException'{0x00000000eb9f3e28}> (0x00000000eb9f3e28) 
thrown [s\src\hotspot\share\prims\jni.cpp, line 516]
Event: 0.308 Thread 0x000001ee1503b700 Implicit null exception at 0x000001ee1f893b72 to 0x000001ee1f8940e8
Event: 0.310 Thread 0x000001ee1503b700 Exception <a 'java/io/FileNotFoundException'{0x00000000eba2e708}> (0x00000000eba2e708) 
thrown [s\src\hotspot\share\prims\jni.cpp, line 516]
Event: 0.408 Thread 0x000001ee1503b700 Exception <a 'java/lang/ClassNotFoundException'{0x00000000ec2360f8}: sun/net/www/protocol/c/Handler> (0x00000000ec2360f8) 
thrown [s\src\hotspot\share\classfile\systemDictionary.cpp, line 256]
Event: 0.408 Thread 0x000001ee1503b700 Exception <a 'java/lang/ClassNotFoundException'{0x00000000ec2374c8}: sun/net/www/protocol/c/Handler> (0x00000000ec2374c8) 
thrown [s\src\hotspot\share\classfile\systemDictionary.cpp, line 256]
Event: 0.408 Thread 0x000001ee1503b700 Exception <a 'java/lang/ClassNotFoundException'{0x00000000ec238730}: sun/net/www/protocol/c/Handler> (0x00000000ec238730) 
thrown [s\src\hotspot\share\classfile\systemDictionary.cpp, line 256]
Event: 0.415 Thread 0x000001ee1503b700 Exception <a 'java/io/FileNotFoundException'{0x00000000ec25ba88}> (0x00000000ec25ba88) 
thrown [s\src\hotspot\share\prims\jni.cpp, line 516]
Event: 0.432 Thread 0x000001ee1503b700 Implicit null exception at 0x000001ee1f8c86fb to 0x000001ee1f8c909c
Event: 0.432 Thread 0x000001ee1503b700 Implicit null exception at 0x000001ee1f8c366c to 0x000001ee1f8c3848
Event: 0.432 Thread 0x000001ee1503b700 Implicit null exception at 0x000001ee1f8c076c to 0x000001ee1f8c0950
Event: 0.432 Thread 0x000001ee1503b700 Implicit null exception at 0x000001ee1f8b5c0f to 0x000001ee1f8b5c85
Event: 0.459 Thread 0x000001ee1503b700 Exception <a 'java/lang/NoSuchMethodError'{0x00000000eacafa40}: 'int java.lang.invoke.DirectMethodHandle$Holder.invokeStaticInit(java.lang.Object, java.lang.Object, java.lang.Object, java.lang.Object)'> (0x00000000eacafa40) 
thrown [s\src\hotspot\share\interpreter\linkResolver.cpp, line 759]
Event: 0.460 Thread 0x000001ee1503b700 Exception <a 'java/lang/NoSuchMethodError'{0x00000000eacba1b8}: 'java.lang.Object java.lang.invoke.DirectMethodHandle$Holder.invokeInterface(java.lang.Object, java.lang.Object)'> (0x00000000eacba1b8) 
thrown [s\src\hotspot\share\interpreter\linkResolver.cpp, line 759]
Event: 0.460 Thread 0x000001ee1503b700 Exception <a 'java/lang/IncompatibleClassChangeError'{0x00000000eacbd9b0}: Found class java.lang.Object, but interface was expected> (0x00000000eacbd9b0) 
thrown [s\src\hotspot\share\interpreter\linkResolver.cpp, line 826]
Event: 0.460 Thread 0x000001ee1503b700 Exception <a 'java/lang/NoSuchMethodError'{0x00000000eacc1ea0}: 'void java.lang.invoke.DirectMethodHandle$Holder.invokeStatic(java.lang.Object, java.lang.Object)'> (0x00000000eacc1ea0) 
thrown [s\src\hotspot\share\interpreter\linkResolver.cpp, line 759]
Event: 0.461 Thread 0x000001ee1503b700 Exception <a 'java/lang/NoSuchMethodError'{0x00000000eacc56a0}: 'void java.lang.invoke.DirectMethodHandle$Holder.invokeStaticInit(java.lang.Object, java.lang.Object)'> (0x00000000eacc56a0) 
thrown [s\src\hotspot\share\interpreter\linkResolver.cpp, line 759]
Event: 0.461 Thread 0x000001ee1503b700 Exception <a 'java/lang/NoSuchMethodError'{0x00000000eacccbb0}: 'int java.lang.invoke.DirectMethodHandle$Holder.invokeStaticInit(java.lang.Object, java.lang.Object)'> (0x00000000eacccbb0) 
thrown [s\src\hotspot\share\interpreter\linkResolver.cpp, line 759]
Event: 0.478 Thread 0x000001ee1503b700 Exception <a 'java/lang/NoSuchMethodError'{0x00000000eae76598}: 'void java.lang.invoke.DirectMethodHandle$Holder.invokeSpecial(java.lang.Object, java.lang.Object, java.lang.Object)'> (0x00000000eae76598) 
thrown [s\src\hotspot\share\interpreter\linkResolver.cpp, line 759]
Event: 0.613 Thread 0x000001ee1503b700 Exception <a 'java/lang/NoSuchMethodError'{0x00000000ebaa97f8}: 'java.lang.Object java.lang.invoke.DirectMethodHandle$Holder.newInvokeSpecial(java.lang.Object, int, java.lang.Object)'> (0x00000000ebaa97f8) 
thrown [s\src\hotspot\share\interpreter\linkResolver.cpp, line 759]
Event: 0.682 Thread 0x000001ee1503b700 Exception <a 'java/lang/UnsatisfiedLinkError'{0x00000000ec00be10}: 'void org.eclipse.equinox.launcher.JNIBridge._update_splash()'> (0x00000000ec00be10) 
thrown [s\src\hotspot\share\prims\nativeLookup.cpp, line 543]

VM Operations (20 events):
Event: 0.124 Executing VM operation: HandshakeAllThreads
Event: 0.124 Executing VM operation: HandshakeAllThreads done
Event: 0.291 Executing VM operation: HandshakeAllThreads
Event: 0.291 Executing VM operation: HandshakeAllThreads done
Event: 0.299 Executing VM operation: HandshakeAllThreads
Event: 0.299 Executing VM operation: HandshakeAllThreads done
Event: 0.427 Executing VM operation: ICBufferFull
Event: 0.427 Executing VM operation: ICBufferFull done
Event: 0.440 Executing VM operation: ParallelGCFailedAllocation
Event: 0.444 Executing VM operation: ParallelGCFailedAllocation done
Event: 0.600 Executing VM operation: HandshakeAllThreads
Event: 0.600 Executing VM operation: HandshakeAllThreads done
Event: 0.600 Executing VM operation: HandshakeAllThreads
Event: 0.600 Executing VM operation: HandshakeAllThreads done
Event: 0.603 Executing VM operation: HandshakeAllThreads
Event: 0.603 Executing VM operation: HandshakeAllThreads done
Event: 0.611 Executing VM operation: HandshakeAllThreads
Event: 0.611 Executing VM operation: HandshakeAllThreads done
Event: 0.637 Executing VM operation: ICBufferFull
Event: 0.638 Executing VM operation: ICBufferFull done

Events (20 events):
Event: 0.633 loading class java/security/KeyStoreException
Event: 0.633 loading class java/security/KeyStoreException done
Event: 0.644 loading class java/util/LinkedList$Node
Event: 0.644 loading class java/util/LinkedList$Node done
Event: 0.644 loading class java/util/LinkedList$ListItr
Event: 0.644 loading class java/util/LinkedList$ListItr done
Event: 0.650 loading class sun/nio/fs/WindowsChannelFactory
Event: 0.650 loading class sun/nio/fs/WindowsChannelFactory done
Event: 0.650 loading class sun/nio/fs/WindowsChannelFactory$1
Event: 0.650 loading class sun/nio/fs/WindowsChannelFactory$1 done
Event: 0.650 loading class sun/nio/fs/WindowsChannelFactory$Flags
Event: 0.650 loading class sun/nio/fs/WindowsChannelFactory$Flags done
Event: 0.650 loading class sun/nio/ch/FileChannelImpl$Closer
Event: 0.650 loading class sun/nio/ch/FileChannelImpl$Closer done
Event: 0.676 Thread 0x000001ee30d55bf0 Thread added: 0x000001ee30d55bf0
Event: 0.682 Thread 0x000001ee30c91400 Thread added: 0x000001ee30c91400
Event: 0.682 loading class java/util/concurrent/CountDownLatch
Event: 0.682 loading class java/util/concurrent/CountDownLatch done
Event: 0.682 loading class java/util/concurrent/CountDownLatch$Sync
Event: 0.682 loading class java/util/concurrent/CountDownLatch$Sync done


Dynamic libraries:
0x00007ff6425d0000 - 0x00007ff6425de000 	c:\Users\raguv\.vscode\extensions\redhat.java-1.28.1-win32-x64\jre\17.0.10-win32-x86_64\bin\java.exe
0x00007ffa2cf90000 - 0x00007ffa2d1a6000 	C:\WINDOWS\SYSTEM32\ntdll.dll
0x00007ffa2b970000 - 0x00007ffa2ba34000 	C:\WINDOWS\System32\KERNEL32.DLL
0x00007ffa2a740000 - 0x00007ffa2aae6000 	C:\WINDOWS\System32\KERNELBASE.dll
0x00007ffa2ab20000 - 0x00007ffa2ac31000 	C:\WINDOWS\System32\ucrtbase.dll
0x00007ffa20cf0000 - 0x00007ffa20d07000 	c:\Users\raguv\.vscode\extensions\redhat.java-1.28.1-win32-x64\jre\17.0.10-win32-x86_64\bin\jli.dll
0x00007ffa20620000 - 0x00007ffa2063b000 	c:\Users\raguv\.vscode\extensions\redhat.java-1.28.1-win32-x64\jre\17.0.10-win32-x86_64\bin\VCRUNTIME140.dll
0x00007ffa2b500000 - 0x00007ffa2b6ad000 	C:\WINDOWS\System32\USER32.dll
0x00007ffa1b050000 - 0x00007ffa1b2e3000 	C:\WINDOWS\WinSxS\amd64_microsoft.windows.common-controls_6595b64144ccf1df_6.0.22621.3235_none_270f74e173860f98\COMCTL32.dll
0x00007ffa2acb0000 - 0x00007ffa2acd6000 	C:\WINDOWS\System32\win32u.dll
0x00007ffa2b3f0000 - 0x00007ffa2b497000 	C:\WINDOWS\System32\msvcrt.dll
0x00007ffa2acf0000 - 0x00007ffa2ad19000 	C:\WINDOWS\System32\GDI32.dll
0x00007ffa2a350000 - 0x00007ffa2a468000 	C:\WINDOWS\System32\gdi32full.dll
0x00007ffa2a530000 - 0x00007ffa2a5ca000 	C:\WINDOWS\System32\msvcp_win.dll
0x00007ffa2ae30000 - 0x00007ffa2ae61000 	C:\WINDOWS\System32\IMM32.DLL
0x00007ffa234a0000 - 0x00007ffa234ac000 	c:\Users\raguv\.vscode\extensions\redhat.java-1.28.1-win32-x64\jre\17.0.10-win32-x86_64\bin\vcruntime140_1.dll
0x00007ffa20110000 - 0x00007ffa2019d000 	c:\Users\raguv\.vscode\extensions\redhat.java-1.28.1-win32-x64\jre\17.0.10-win32-x86_64\bin\msvcp140.dll
0x00007ff97bac0000 - 0x00007ff97c722000 	c:\Users\raguv\.vscode\extensions\redhat.java-1.28.1-win32-x64\jre\17.0.10-win32-x86_64\bin\server\jvm.dll
0x00007ffa2c8f0000 - 0x00007ffa2c9a2000 	C:\WINDOWS\System32\ADVAPI32.dll
0x00007ffa2ad80000 - 0x00007ffa2ae28000 	C:\WINDOWS\System32\sechost.dll
0x00007ffa2aaf0000 - 0x00007ffa2ab18000 	C:\WINDOWS\System32\bcrypt.dll
0x00007ffa2c9b0000 - 0x00007ffa2cac5000 	C:\WINDOWS\System32\RPCRT4.dll
0x00007ffa270c0000 - 0x00007ffa270c9000 	C:\WINDOWS\SYSTEM32\WSOCK32.dll
0x00007ffa29120000 - 0x00007ffa2916d000 	C:\WINDOWS\SYSTEM32\POWRPROF.dll
0x00007ffa23320000 - 0x00007ffa23354000 	C:\WINDOWS\SYSTEM32\WINMM.dll
0x00007ffa2b270000 - 0x00007ffa2b2e1000 	C:\WINDOWS\System32\WS2_32.dll
0x00007ffa225e0000 - 0x00007ffa225ea000 	C:\WINDOWS\SYSTEM32\VERSION.dll
0x00007ffa29100000 - 0x00007ffa29113000 	C:\WINDOWS\SYSTEM32\UMPDC.dll
0x00007ffa293c0000 - 0x00007ffa293d8000 	C:\WINDOWS\SYSTEM32\kernel.appcore.dll
0x00007ffa23680000 - 0x00007ffa2368a000 	c:\Users\raguv\.vscode\extensions\redhat.java-1.28.1-win32-x64\jre\17.0.10-win32-x86_64\bin\jimage.dll
0x00007ffa27d60000 - 0x00007ffa27f93000 	C:\WINDOWS\SYSTEM32\DBGHELP.DLL
0x00007ffa2ba40000 - 0x00007ffa2bdc8000 	C:\WINDOWS\System32\combase.dll
0x00007ffa2c7f0000 - 0x00007ffa2c8c7000 	C:\WINDOWS\System32\OLEAUT32.dll
0x00007ffa0af60000 - 0x00007ffa0af92000 	C:\WINDOWS\SYSTEM32\dbgcore.DLL
0x00007ffa2a2d0000 - 0x00007ffa2a34a000 	C:\WINDOWS\System32\bcryptPrimitives.dll
0x00007ffa21590000 - 0x00007ffa2159e000 	c:\Users\raguv\.vscode\extensions\redhat.java-1.28.1-win32-x64\jre\17.0.10-win32-x86_64\bin\instrument.dll
0x00007ffa20570000 - 0x00007ffa20595000 	c:\Users\raguv\.vscode\extensions\redhat.java-1.28.1-win32-x64\jre\17.0.10-win32-x86_64\bin\java.dll
0x00007ffa20550000 - 0x00007ffa20568000 	c:\Users\raguv\.vscode\extensions\redhat.java-1.28.1-win32-x64\jre\17.0.10-win32-x86_64\bin\zip.dll
0x00007ffa2bdd0000 - 0x00007ffa2c62d000 	C:\WINDOWS\System32\SHELL32.dll
0x00007ffa281e0000 - 0x00007ffa28ad8000 	C:\WINDOWS\SYSTEM32\windows.storage.dll
0x00007ffa280a0000 - 0x00007ffa281de000 	C:\WINDOWS\SYSTEM32\wintypes.dll
0x00007ffa2b6b0000 - 0x00007ffa2b7a3000 	C:\WINDOWS\System32\SHCORE.dll
0x00007ffa2b4a0000 - 0x00007ffa2b4fe000 	C:\WINDOWS\System32\shlwapi.dll
0x00007ffa2a200000 - 0x00007ffa2a226000 	C:\WINDOWS\SYSTEM32\profapi.dll
0x00007ffa200f0000 - 0x00007ffa20109000 	C:\Users\raguv\.vscode\extensions\redhat.java-1.28.1-win32-x64\jre\17.0.10-win32-x86_64\bin\net.dll
0x00007ffa24030000 - 0x00007ffa24167000 	C:\WINDOWS\SYSTEM32\WINHTTP.dll
0x00007ffa29830000 - 0x00007ffa29899000 	C:\WINDOWS\system32\mswsock.dll
0x00007ffa200d0000 - 0x00007ffa200e6000 	C:\Users\raguv\.vscode\extensions\redhat.java-1.28.1-win32-x64\jre\17.0.10-win32-x86_64\bin\nio.dll
0x00007ffa20b40000 - 0x00007ffa20b50000 	c:\Users\raguv\.vscode\extensions\redhat.java-1.28.1-win32-x64\jre\17.0.10-win32-x86_64\bin\verify.dll
0x00007ffa1f7a0000 - 0x00007ffa1f7de000 	C:\Users\raguv\AppData\Roaming\Code\User\globalStorage\redhat.java\1.28.1\config_ss_win\org.eclipse.equinox.launcher\org.eclipse.equinox.launcher.win32.win32.x86_64_1.2.900.v20240129-1338\eclipse_11900.dll
0x00007ffa2b0d0000 - 0x00007ffa2b26f000 	C:\WINDOWS\System32\ole32.dll

dbghelp: loaded successfully - version: 4.0.5 - missing functions: none
symbol engine: initialized successfully - sym options: 0x614 - pdb path: .;c:\Users\raguv\.vscode\extensions\redhat.java-1.28.1-win32-x64\jre\17.0.10-win32-x86_64\bin;C:\WINDOWS\SYSTEM32;C:\WINDOWS\WinSxS\amd64_microsoft.windows.common-controls_6595b64144ccf1df_6.0.22621.3235_none_270f74e173860f98;c:\Users\raguv\.vscode\extensions\redhat.java-1.28.1-win32-x64\jre\17.0.10-win32-x86_64\bin\server;C:\Users\raguv\AppData\Roaming\Code\User\globalStorage\redhat.java\1.28.1\config_ss_win\org.eclipse.equinox.launcher\org.eclipse.equinox.launcher.win32.win32.x86_64_1.2.900.v20240129-1338

VM Arguments:
jvm_args: --add-modules=ALL-SYSTEM --add-opens=java.base/java.util=ALL-UNNAMED --add-opens=java.base/java.lang=ALL-UNNAMED --add-opens=java.base/sun.nio.fs=ALL-UNNAMED -Declipse.application=org.eclipse.jdt.ls.core.id1 -Dosgi.bundles.defaultStartLevel=4 -Declipse.product=org.eclipse.jdt.ls.core.product -Djava.import.generatesMetadataFilesAtProjectRoot=false -DDetectVMInstallationsJob.disabled=true -Dfile.encoding=utf8 -XX:+UseParallelGC -XX:GCTimeRatio=4 -XX:AdaptiveSizePolicyWeight=90 -Dsun.zip.disableMemoryMapping=true -Xmx1G -Xms100m -Xlog:disable -javaagent:c:\Users\raguv\.vscode\extensions\redhat.java-1.28.1-win32-x64\lombok\lombok-1.18.31.jar 
java_command: c:\Users\raguv\.vscode\extensions\redhat.java-1.28.1-win32-x64\server\plugins\org.eclipse.equinox.launcher_1.6.700.v20231214-2017.jar -configuration c:\Users\raguv\AppData\Roaming\Code\User\globalStorage\redhat.java\1.28.1\config_ss_win -data c:\Users\raguv\AppData\Roaming\Code\User\workspaceStorage\3369feadbb714503eb105f69fa7612c8\redhat.java\ss_ws --stdio
java_class_path (initial): c:\Users\raguv\.vscode\extensions\redhat.java-1.28.1-win32-x64\server\plugins\org.eclipse.equinox.launcher_1.6.700.v20231214-2017.jar
Launcher Type: SUN_STANDARD

[Global flags]
    uintx AdaptiveSizePolicyWeight                 = 90                                        {product} {command line}
     intx CICompilerCount                          = 12                                        {product} {ergonomic}
    uintx GCTimeRatio                              = 4                                         {product} {command line}
   size_t InitialHeapSize                          = 104857600                                 {product} {command line}
   size_t MaxHeapSize                              = 1073741824                                {product} {command line}
   size_t MaxNewSize                               = 357564416                                 {product} {ergonomic}
   size_t MinHeapDeltaBytes                        = 524288                                    {product} {ergonomic}
   size_t MinHeapSize                              = 104857600                                 {product} {command line}
   size_t NewSize                                  = 34603008                                  {product} {ergonomic}
    uintx NonNMethodCodeHeapSize                   = 7602480                                {pd product} {ergonomic}
    uintx NonProfiledCodeHeapSize                  = 122027880                              {pd product} {ergonomic}
   size_t OldSize                                  = 70254592                                  {product} {ergonomic}
    uintx ProfiledCodeHeapSize                     = 122027880                              {pd product} {ergonomic}
    uintx ReservedCodeCacheSize                    = 251658240                              {pd product} {ergonomic}
     bool SegmentedCodeCache                       = true                                      {product} {ergonomic}
   size_t SoftMaxHeapSize                          = 1073741824                             {manageable} {ergonomic}
     bool UseCompressedClassPointers               = true                           {product lp64_product} {ergonomic}
     bool UseCompressedOops                        = true                           {product lp64_product} {ergonomic}
     bool UseLargePagesIndividualAllocation        = false                                  {pd product} {ergonomic}
     bool UseParallelGC                            = true                                      {product} {command line}

Logging:
Log output configuration:
 #0: stdout all=off uptime,level,tags
 #1: stderr all=off uptime,level,tags

Environment Variables:
PATH=C:\Program Files\Common Files\Oracle\Java\javapath;C:\Windows\system32;C:\Windows;C:\Windows\System32\Wbem;C:\Windows\System32\WindowsPowerShell\v1.0\;C:\Windows\System32\OpenSSH\;C:\Program Files (x86)\NVIDIA Corporation\PhysX\Common;C:\Program Files\NVIDIA Corporation\NVIDIA NvDLISR;C:\WINDOWS\system32;C:\WINDOWS;C:\WINDOWS\System32\Wbem;C:\WINDOWS\System32\WindowsPowerShell\v1.0\;C:\WINDOWS\System32\OpenSSH\;C:\Program Files\Git\cmd;C:\Program Files\MySQL\MySQL Server 8.0\bin;C:\Program Files\dotnet\;C:\Program Files\PowerShell\7\;C:\Program Files\MySQL\MySQL Shell 8.0\bin\;C:\Users\raguv\AppData\Local\Microsoft\WindowsApps;C:\Program Files\JetBrains\IntelliJ IDEA Community Edition 2023.1\bin;;C:\Users\raguv\AppData\Local\GitHubDesktop\bin;C:\Program Files\Git\bin\;C:\Program Files\Git\cmd\;C:\Users\raguv\AppData\Local\Programs\Microsoft VS Code\bin;C:\Program Files\apache-maven-3.9.2-bin\apache-maven-3.9.2\bin;
USERNAME=brahmabull3
OS=Windows_NT
PROCESSOR_IDENTIFIER=Intel64 Family 6 Model 141 Stepping 1, GenuineIntel
TMP=C:\Users\raguv\AppData\Local\Temp
TEMP=C:\Users\raguv\AppData\Local\Temp



Periodic native trim disabled


---------------  S Y S T E M  ---------------

OS:
 Windows 11 , 64 bit Build 22621 (10.0.22621.3235)
OS uptime: 0 days 16:52 hours
Hyper-V role detected

CPU: total 16 (initial active 16) (8 cores per cpu, 2 threads per core) family 6 model 141 stepping 1 microcode 0x34, cx8, cmov, fxsr, ht, mmx, 3dnowpref, sse, sse2, sse3, ssse3, sse4.1, sse4.2, popcnt, lzcnt, tsc, tscinvbit, avx, avx2, aes, erms, clmul, bmi1, bmi2, adx, avx512f, avx512dq, avx512cd, avx512bw, avx512vl, sha, fma, vzeroupper, avx512_vpopcntdq, avx512_vpclmulqdq, avx512_vaes, avx512_vnni, clflush, clflushopt, clwb, avx512_vbmi2, avx512_vbmi, hv
Processor Information for all 16 processors :
  Max Mhz: 2301, Current Mhz: 2301, Mhz Limit: 2301

Memory: 4k page, system-wide physical 16085M (6668M free)
TotalPageFile size 18991M (AvailPageFile size 5M)
current process WorkingSet (physical memory assigned to process): 87M, peak: 87M
current process commit charge ("private bytes"): 224M, peak: 224M

vm_info: OpenJDK 64-Bit Server VM (17.0.10+7) for windows-amd64 JRE (17.0.10+7), built on Jan 16 2024 23:25:11 by "admin" with MS VC++ 16.10 / 16.11 (VS2019)

END.
