#
# There is insufficient memory for the Java Runtime Environment to continue.
# Native memory allocation (malloc) failed to allocate 1207536 bytes for Chunk::new
# Possible reasons:
#   The system is out of physical RAM or swap space
#   The process is running with CompressedOops enabled, and the Java Heap may be blocking the growth of the native heap
# Possible solutions:
#   Reduce memory load on the system
#   Increase physical memory or swap space
#   Check if swap backing store is full
#   Decrease Java heap size (-Xmx/-Xms)
#   Decrease number of Java threads
#   Decrease Java thread stack sizes (-Xss)
#   Set larger code cache with -XX:ReservedCodeCacheSize=
#   JVM is running with Unscaled Compressed Oops mode in which the Java heap is
#     placed in the first 4GB address space. The Java Heap base address is the
#     maximum limit for the native heap growth. Please use -XX:HeapBaseMinAddress
#     to set the Java Heap base and to place the Java Heap above 4GB virtual address.
# This output file may be truncated or incomplete.
#
#  Out of Memory Error (arena.cpp:191), pid=333600, tid=333352
#
# JRE version: OpenJDK Runtime Environment Temurin-17.0.10+7 (17.0.10+7) (build 17.0.10+7)
# Java VM: OpenJDK 64-Bit Server VM Temurin-17.0.10+7 (17.0.10+7, mixed mode, tiered, compressed oops, compressed class ptrs, parallel gc, windows-amd64)
# No core dump will be written. Minidumps are not enabled by default on client versions of Windows
#

---------------  S U M M A R Y ------------

Command Line: --add-modules=ALL-SYSTEM --add-opens=java.base/java.util=ALL-UNNAMED --add-opens=java.base/java.lang=ALL-UNNAMED --add-opens=java.base/sun.nio.fs=ALL-UNNAMED -Declipse.application=org.eclipse.jdt.ls.core.id1 -Dosgi.bundles.defaultStartLevel=4 -Declipse.product=org.eclipse.jdt.ls.core.product -Djava.import.generatesMetadataFilesAtProjectRoot=false -DDetectVMInstallationsJob.disabled=true -Dfile.encoding=utf8 -XX:+UseParallelGC -XX:GCTimeRatio=4 -XX:AdaptiveSizePolicyWeight=90 -Dsun.zip.disableMemoryMapping=true -Xmx1G -Xms100m -Xlog:disable -javaagent:c:\Users\raguv\.vscode\extensions\redhat.java-1.28.1-win32-x64\lombok\lombok-1.18.31.jar -XX:+HeapDumpOnOutOfMemoryError -XX:HeapDumpPath=c:\Users\raguv\AppData\Roaming\Code\User\workspaceStorage\3369feadbb714503eb105f69fa7612c8\redhat.java -Daether.dependencyCollector.impl=bf c:\Users\raguv\.vscode\extensions\redhat.java-1.28.1-win32-x64\server\plugins\org.eclipse.equinox.launcher_1.6.700.v20231214-2017.jar -configuration c:\Users\raguv\AppData\Roaming\Code\User\globalStorage\redhat.java\1.28.1\config_win -data c:\Users\raguv\AppData\Roaming\Code\User\workspaceStorage\3369feadbb714503eb105f69fa7612c8\redhat.java\jdt_ws --stdio

Host: 11th Gen Intel(R) Core(TM) i7-11800H @ 2.30GHz, 16 cores, 15G,  Windows 11 , 64 bit Build 22621 (10.0.22621.3235)
Time: Wed Mar 20 16:39:26 2024 India Standard Time elapsed time: 1.746134 seconds (0d 0h 0m 1s)

---------------  T H R E A D  ---------------

Current thread (0x0000020f80040000):  JavaThread "C2 CompilerThread3" daemon [_thread_in_native, id=333352, stack(0x000000b54b600000,0x000000b54b700000)]


Current CompileTask:
C2:   1746 3751       4       jdk.internal.org.objectweb.asm.Frame::execute (2318 bytes)

Stack: [0x000000b54b600000,0x000000b54b700000]
Native frames: (J=compiled Java code, j=interpreted, Vv=VM code, C=native code)
V  [jvm.dll+0x67d2c9]
V  [jvm.dll+0x834afa]
V  [jvm.dll+0x8365be]
V  [jvm.dll+0x836c23]
V  [jvm.dll+0x2477ff]
V  [jvm.dll+0xac514]
V  [jvm.dll+0xacb5c]
V  [jvm.dll+0x366782]
V  [jvm.dll+0x330bfa]
V  [jvm.dll+0x33009a]
V  [jvm.dll+0x219ef1]
V  [jvm.dll+0x219311]
V  [jvm.dll+0x1a502d]
V  [jvm.dll+0x2290de]
V  [jvm.dll+0x2272ac]
V  [jvm.dll+0x7e9bb7]
V  [jvm.dll+0x7e3fba]
V  [jvm.dll+0x67c1b5]
C  [ucrtbase.dll+0x29363]
C  [KERNEL32.DLL+0x1257d]
C  [ntdll.dll+0x5aa58]


---------------  P R O C E S S  ---------------

Threads class SMR info:
_java_thread_list=0x0000020f80318fd0, length=27, elements={
0x0000020fe43e8610, 0x0000020ffd42a020, 0x0000020ffd42c2a0, 0x0000020ff8266030,
0x0000020ff8266a00, 0x0000020ffd447f10, 0x0000020ffd44a7f0, 0x0000020ffd44d260,
0x0000020ffd4563f0, 0x0000020ffd4578f0, 0x0000020ffd54ea70, 0x0000020ffd54ef50,
0x0000020ffd5ce840, 0x0000020ffd62cb40, 0x0000020fff4f0190, 0x0000020fff5fa6a0,
0x0000020fff933310, 0x0000020f80040000, 0x0000020fffa48210, 0x0000020f802939e0,
0x0000020f803a4700, 0x0000020f809afc40, 0x0000020f809fe9b0, 0x0000020f809ff8e0,
0x0000020f809ffdf0, 0x0000020f809feec0, 0x0000020f80a00300
}

Java Threads: ( => current thread )
  0x0000020fe43e8610 JavaThread "main" [_thread_blocked, id=333616, stack(0x000000b54a200000,0x000000b54a300000)]
  0x0000020ffd42a020 JavaThread "Reference Handler" daemon [_thread_blocked, id=333608, stack(0x000000b54a500000,0x000000b54a600000)]
  0x0000020ffd42c2a0 JavaThread "Finalizer" daemon [_thread_blocked, id=333568, stack(0x000000b54a600000,0x000000b54a700000)]
  0x0000020ff8266030 JavaThread "Signal Dispatcher" daemon [_thread_blocked, id=333620, stack(0x000000b54a700000,0x000000b54a800000)]
  0x0000020ff8266a00 JavaThread "Attach Listener" daemon [_thread_blocked, id=333680, stack(0x000000b54a800000,0x000000b54a900000)]
  0x0000020ffd447f10 JavaThread "Service Thread" daemon [_thread_blocked, id=333548, stack(0x000000b54a900000,0x000000b54aa00000)]
  0x0000020ffd44a7f0 JavaThread "Monitor Deflation Thread" daemon [_thread_blocked, id=333588, stack(0x000000b54aa00000,0x000000b54ab00000)]
  0x0000020ffd44d260 JavaThread "C2 CompilerThread0" daemon [_thread_blocked, id=333708, stack(0x000000b54ab00000,0x000000b54ac00000)]
  0x0000020ffd4563f0 JavaThread "C1 CompilerThread0" daemon [_thread_blocked, id=333652, stack(0x000000b54ac00000,0x000000b54ad00000)]
  0x0000020ffd4578f0 JavaThread "Sweeper thread" daemon [_thread_blocked, id=333592, stack(0x000000b54ad00000,0x000000b54ae00000)]
  0x0000020ffd54ea70 JavaThread "Common-Cleaner" daemon [_thread_blocked, id=333664, stack(0x000000b54ae00000,0x000000b54af00000)]
  0x0000020ffd54ef50 JavaThread "C1 CompilerThread1" daemon [_thread_blocked, id=333756, stack(0x000000b54af00000,0x000000b54b000000)]
  0x0000020ffd5ce840 JavaThread "C1 CompilerThread2" daemon [_thread_blocked, id=333780, stack(0x000000b54b000000,0x000000b54b100000)]
  0x0000020ffd62cb40 JavaThread "C2 CompilerThread1" daemon [_thread_in_native, id=333776, stack(0x000000b54b100000,0x000000b54b200000)]
  0x0000020fff4f0190 JavaThread "C1 CompilerThread3" daemon [_thread_blocked, id=333420, stack(0x000000b54b200000,0x000000b54b300000)]
  0x0000020fff5fa6a0 JavaThread "Notification Thread" daemon [_thread_blocked, id=332904, stack(0x000000b54b300000,0x000000b54b400000)]
  0x0000020fff933310 JavaThread "C2 CompilerThread2" daemon [_thread_blocked, id=332868, stack(0x000000b54b500000,0x000000b54b600000)]
=>0x0000020f80040000 JavaThread "C2 CompilerThread3" daemon [_thread_in_native, id=333352, stack(0x000000b54b600000,0x000000b54b700000)]
  0x0000020fffa48210 JavaThread "Active Thread: Equinox Container: a46b4f76-79e2-4abb-8b61-32289087beab" [_thread_blocked, id=334472, stack(0x000000b54b800000,0x000000b54b900000)]
  0x0000020f802939e0 JavaThread "Framework Event Dispatcher: Equinox Container: a46b4f76-79e2-4abb-8b61-32289087beab" daemon [_thread_blocked, id=334680, stack(0x000000b54b900000,0x000000b54ba00000)]
  0x0000020f803a4700 JavaThread "Start Level: Equinox Container: a46b4f76-79e2-4abb-8b61-32289087beab" daemon [_thread_in_vm, id=334656, stack(0x000000b54bf00000,0x000000b54c000000)]
  0x0000020f809afc40 JavaThread "Bundle File Closer" daemon [_thread_blocked, id=334308, stack(0x000000b54c200000,0x000000b54c300000)]
  0x0000020f809fe9b0 JavaThread "SCR Component Actor" daemon [_thread_blocked, id=331756, stack(0x000000b54c400000,0x000000b54c500000)]
  0x0000020f809ff8e0 JavaThread "SCR Component Registry" daemon [_thread_blocked, id=334444, stack(0x000000b54c500000,0x000000b54c600000)]
  0x0000020f809ffdf0 JavaThread "Worker-JM" [_thread_blocked, id=335104, stack(0x000000b54c700000,0x000000b54c800000)]
  0x0000020f809feec0 JavaThread "Worker-0: Checking project encoding" [_thread_blocked, id=335232, stack(0x000000b54c900000,0x000000b54ca00000)]
  0x0000020f80a00300 JavaThread "Worker-1" [_thread_blocked, id=335176, stack(0x000000b54ca00000,0x000000b54cb00000)]

Other Threads:
  0x0000020ffd415400 VMThread "VM Thread" [stack: 0x000000b54a400000,0x000000b54a500000] [id=333728]
  0x0000020fff5eeac0 WatcherThread [stack: 0x000000b54b400000,0x000000b54b500000] [id=303656]
  0x0000020fe43fdaa0 GCTaskThread "GC Thread#0" [stack: 0x000000b54a300000,0x000000b54a400000] [id=333528]
  0x0000020f8046c880 GCTaskThread "GC Thread#1" [stack: 0x000000b54ba00000,0x000000b54bb00000] [id=319992]
  0x0000020fffb76ee0 GCTaskThread "GC Thread#2" [stack: 0x000000b54bb00000,0x000000b54bc00000] [id=333020]
  0x0000020fffcdec70 GCTaskThread "GC Thread#3" [stack: 0x000000b54bc00000,0x000000b54bd00000] [id=333460]
  0x0000020fffb78a60 GCTaskThread "GC Thread#4" [stack: 0x000000b54bd00000,0x000000b54be00000] [id=320664]
  0x0000020fff6cab80 GCTaskThread "GC Thread#5" [stack: 0x000000b54be00000,0x000000b54bf00000] [id=333316]
  0x0000020fffa70140 GCTaskThread "GC Thread#6" [stack: 0x000000b54c000000,0x000000b54c100000] [id=334812]
  0x0000020fffc72a10 GCTaskThread "GC Thread#7" [stack: 0x000000b54c100000,0x000000b54c200000] [id=334800]
  0x0000020f807ed7d0 GCTaskThread "GC Thread#8" [stack: 0x000000b54c300000,0x000000b54c400000] [id=334832]
  0x0000020f809c6e50 GCTaskThread "GC Thread#9" [stack: 0x000000b54b700000,0x000000b54b800000] [id=335100]
  0x0000020f80a29f60 GCTaskThread "GC Thread#10" [stack: 0x000000b54c600000,0x000000b54c700000] [id=335136]
  0x0000020f80a475c0 GCTaskThread "GC Thread#11" [stack: 0x000000b54c800000,0x000000b54c900000] [id=335196]
  0x0000020f80860310 GCTaskThread "GC Thread#12" [stack: 0x000000b54cb00000,0x000000b54cc00000] [id=335256]

Threads with active compile tasks:
C2 CompilerThread1     1755 3936       4       java.util.Properties$LineReader::readLine (584 bytes)
C2 CompilerThread3     1755 3751       4       jdk.internal.org.objectweb.asm.Frame::execute (2318 bytes)

VM state: not at safepoint (normal execution)

VM Mutex/Monitor currently owned by a thread: None

Heap address: 0x00000000c0000000, size: 1024 MB, Compressed Oops mode: 32-bit

CDS archive(s) not mapped
Compressed class space mapped at: 0x0000000100000000-0x0000000140000000, reserved size: 1073741824
Narrow klass base: 0x0000000000000000, Narrow klass shift: 3, Narrow klass range: 0x140000000

GC Precious Log:
 CPUs: 16 total, 16 available
 Memory: 16085M
 Large Page Support: Disabled
 NUMA Support: Disabled
 Compressed Oops: Enabled (32-bit)
 Alignments: Space 512K, Generation 512K, Heap 2M
 Heap Min Capacity: 100M
 Heap Initial Capacity: 100M
 Heap Max Capacity: 1G
 Pre-touch: Disabled
 Parallel Workers: 13

Heap:
 PSYoungGen      total 26112K, used 25362K [0x00000000eab00000, 0x00000000eca00000, 0x0000000100000000)
  eden space 25088K, 97% used [0x00000000eab00000,0x00000000ec2c8778,0x00000000ec380000)
  from space 1024K, 98% used [0x00000000ec900000,0x00000000ec9fc0a8,0x00000000eca00000)
  to   space 2560K, 0% used [0x00000000ec500000,0x00000000ec500000,0x00000000ec780000)
 ParOldGen       total 68608K, used 10426K [0x00000000c0000000, 0x00000000c4300000, 0x00000000eab00000)
  object space 68608K, 15% used [0x00000000c0000000,0x00000000c0a2e810,0x00000000c4300000)
 Metaspace       used 27310K, committed 28032K, reserved 1114112K
  class space    used 2804K, committed 3136K, reserved 1048576K

Card table byte_map: [0x0000020fe3d70000,0x0000020fe3f80000] _byte_map_base: 0x0000020fe3770000

Marking Bits: (ParMarkBitMap*) 0x00007ff97c65d7d0
 Begin Bits: [0x0000020ff6070000, 0x0000020ff7070000)
 End Bits:   [0x0000020ff7070000, 0x0000020ff8070000)

Polling page: 0x0000020fe2310000

Metaspace:

Usage:
  Non-class:     23.93 MB used.
      Class:      2.74 MB used.
       Both:     26.67 MB used.

Virtual space:
  Non-class space:       64.00 MB reserved,      24.31 MB ( 38%) committed,  1 nodes.
      Class space:        1.00 GB reserved,       3.06 MB ( <1%) committed,  1 nodes.
             Both:        1.06 GB reserved,      27.38 MB (  3%) committed. 

Chunk freelists:
   Non-Class:  7.45 MB
       Class:  12.90 MB
        Both:  20.35 MB

MaxMetaspaceSize: unlimited
CompressedClassSpaceSize: 1.00 GB
Initial GC threshold: 21.00 MB
Current GC threshold: 35.00 MB
CDS: off
MetaspaceReclaimPolicy: balanced
 - commit_granule_bytes: 65536.
 - commit_granule_words: 8192.
 - virtual_space_node_default_size: 8388608.
 - enlarge_chunks_in_place: 1.
 - new_chunks_are_fully_committed: 0.
 - uncommit_free_chunks: 1.
 - use_allocation_guard: 0.
 - handle_deallocations: 1.


Internal statistics:

num_allocs_failed_limit: 3.
num_arena_births: 548.
num_arena_deaths: 0.
num_vsnodes_births: 2.
num_vsnodes_deaths: 0.
num_space_committed: 438.
num_space_uncommitted: 0.
num_chunks_returned_to_freelist: 3.
num_chunks_taken_from_freelist: 1334.
num_chunk_merges: 3.
num_chunk_splits: 848.
num_chunks_enlarged: 516.
num_inconsistent_stats: 0.

CodeHeap 'non-profiled nmethods': size=119168Kb used=1585Kb max_used=1585Kb free=117583Kb
 bounds [0x0000020feec10000, 0x0000020feee80000, 0x0000020ff6070000]
CodeHeap 'profiled nmethods': size=119104Kb used=8420Kb max_used=8420Kb free=110683Kb
 bounds [0x0000020fe7070000, 0x0000020fe78b0000, 0x0000020fee4c0000]
CodeHeap 'non-nmethods': size=7488Kb used=2915Kb max_used=2947Kb free=4572Kb
 bounds [0x0000020fee4c0000, 0x0000020fee7b0000, 0x0000020feec10000]
 total_blobs=4462 nmethods=3943 adapters=430
 compilation: enabled
              stopped_count=0, restarted_count=0
 full_count=0

Compilation events (20 events):
Event: 1.741 Thread 0x0000020fff4f0190 3925       1       java.util.stream.Collectors$CollectorImpl::characteristics (5 bytes)
Event: 1.742 Thread 0x0000020fff4f0190 nmethod 3925 0x0000020feed99d90 code [0x0000020feed99f20, 0x0000020feed99ff8]
Event: 1.742 Thread 0x0000020fff4f0190 3926       3       java.io.ObjectInputStream::skipCustomData (105 bytes)
Event: 1.742 Thread 0x0000020fff4f0190 nmethod 3926 0x0000020fe78a0c10 code [0x0000020fe78a0e80, 0x0000020fe78a17e8]
Event: 1.742 Thread 0x0000020ffd54ef50 3927       1       java.util.Collections$EmptySet::contains (2 bytes)
Event: 1.742 Thread 0x0000020ffd4563f0 3928       3       java.lang.ReflectiveOperationException::<init> (6 bytes)
Event: 1.742 Thread 0x0000020ffd54ef50 nmethod 3927 0x0000020feed9a090 code [0x0000020feed9a220, 0x0000020feed9a2f8]
Event: 1.742 Thread 0x0000020ffd4563f0 nmethod 3928 0x0000020fe78a1b90 code [0x0000020fe78a1d40, 0x0000020fe78a1ec8]
Event: 1.743 Thread 0x0000020ffd54ef50 3929       1       java.lang.reflect.Method::getModifiers (5 bytes)
Event: 1.743 Thread 0x0000020ffd54ef50 nmethod 3929 0x0000020feed9a390 code [0x0000020feed9a520, 0x0000020feed9a5f8]
Event: 1.743 Thread 0x0000020ffd54ef50 3930   !   3       java.io.ObjectStreamClass::invokeReadObject (93 bytes)
Event: 1.743 Thread 0x0000020ffd44d260 3931       4       java.io.ObjectInputStream$BlockDataInputStream::setBlockDataMode (74 bytes)
Event: 1.743 Thread 0x0000020ffd54ef50 nmethod 3930 0x0000020fe78a1f90 code [0x0000020fe78a2220, 0x0000020fe78a30f8]
Event: 1.744 Thread 0x0000020ffd54ef50 3932       3       java.lang.reflect.Modifier::isAbstract (14 bytes)
Event: 1.744 Thread 0x0000020ffd44d260 nmethod 3931 0x0000020feed9a690 code [0x0000020feed9a800, 0x0000020feed9a8d8]
Event: 1.744 Thread 0x0000020ffd54ef50 nmethod 3932 0x0000020fe78a3690 code [0x0000020fe78a3820, 0x0000020fe78a3978]
Event: 1.744 Thread 0x0000020fff4f0190 3933       3       java.io.DataOutputStream::writeUTF (411 bytes)
Event: 1.745 Thread 0x0000020ffd54ef50 3934       1       org.eclipse.core.internal.dtree.AbstractDataTreeNode::isDelta (2 bytes)
Event: 1.745 Thread 0x0000020ffd54ef50 nmethod 3934 0x0000020feed9a990 code [0x0000020feed9ab20, 0x0000020feed9abf8]
Event: 1.745 Thread 0x0000020ffd4563f0 3935       1       org.apache.felix.scr.impl.metadata.ReferenceMetadata::isStatic (5 bytes)

GC Heap History (14 events):
Event: 0.418 GC heap before
{Heap before GC invocations=1 (full 0):
 PSYoungGen      total 29696K, used 25600K [0x00000000eab00000, 0x00000000ecc00000, 0x0000000100000000)
  eden space 25600K, 100% used [0x00000000eab00000,0x00000000ec400000,0x00000000ec400000)
  from space 4096K, 0% used [0x00000000ec800000,0x00000000ec800000,0x00000000ecc00000)
  to   space 4096K, 0% used [0x00000000ec400000,0x00000000ec400000,0x00000000ec800000)
 ParOldGen       total 68608K, used 0K [0x00000000c0000000, 0x00000000c4300000, 0x00000000eab00000)
  object space 68608K, 0% used [0x00000000c0000000,0x00000000c0000000,0x00000000c4300000)
 Metaspace       used 10628K, committed 10816K, reserved 1114112K
  class space    used 1059K, committed 1152K, reserved 1048576K
}
Event: 0.423 GC heap after
{Heap after GC invocations=1 (full 0):
 PSYoungGen      total 29696K, used 3060K [0x00000000eab00000, 0x00000000ecc00000, 0x0000000100000000)
  eden space 25600K, 0% used [0x00000000eab00000,0x00000000eab00000,0x00000000ec400000)
  from space 4096K, 74% used [0x00000000ec400000,0x00000000ec6fd150,0x00000000ec800000)
  to   space 4096K, 0% used [0x00000000ec800000,0x00000000ec800000,0x00000000ecc00000)
 ParOldGen       total 68608K, used 16K [0x00000000c0000000, 0x00000000c4300000, 0x00000000eab00000)
  object space 68608K, 0% used [0x00000000c0000000,0x00000000c0004000,0x00000000c4300000)
 Metaspace       used 10628K, committed 10816K, reserved 1114112K
  class space    used 1059K, committed 1152K, reserved 1048576K
}
Event: 0.740 GC heap before
{Heap before GC invocations=2 (full 0):
 PSYoungGen      total 29696K, used 28660K [0x00000000eab00000, 0x00000000ecc00000, 0x0000000100000000)
  eden space 25600K, 100% used [0x00000000eab00000,0x00000000ec400000,0x00000000ec400000)
  from space 4096K, 74% used [0x00000000ec400000,0x00000000ec6fd150,0x00000000ec800000)
  to   space 4096K, 0% used [0x00000000ec800000,0x00000000ec800000,0x00000000ecc00000)
 ParOldGen       total 68608K, used 16K [0x00000000c0000000, 0x00000000c4300000, 0x00000000eab00000)
  object space 68608K, 0% used [0x00000000c0000000,0x00000000c0004000,0x00000000c4300000)
 Metaspace       used 14413K, committed 14528K, reserved 1114112K
  class space    used 1430K, committed 1472K, reserved 1048576K
}
Event: 0.745 GC heap after
{Heap after GC invocations=2 (full 0):
 PSYoungGen      total 29696K, used 4090K [0x00000000eab00000, 0x00000000ecc00000, 0x0000000100000000)
  eden space 25600K, 0% used [0x00000000eab00000,0x00000000eab00000,0x00000000ec400000)
  from space 4096K, 99% used [0x00000000ec800000,0x00000000ecbfe978,0x00000000ecc00000)
  to   space 4096K, 0% used [0x00000000ec400000,0x00000000ec400000,0x00000000ec800000)
 ParOldGen       total 68608K, used 1358K [0x00000000c0000000, 0x00000000c4300000, 0x00000000eab00000)
  object space 68608K, 1% used [0x00000000c0000000,0x00000000c0153818,0x00000000c4300000)
 Metaspace       used 14413K, committed 14528K, reserved 1114112K
  class space    used 1430K, committed 1472K, reserved 1048576K
}
Event: 0.975 GC heap before
{Heap before GC invocations=3 (full 0):
 PSYoungGen      total 29696K, used 29690K [0x00000000eab00000, 0x00000000ecc00000, 0x0000000100000000)
  eden space 25600K, 100% used [0x00000000eab00000,0x00000000ec400000,0x00000000ec400000)
  from space 4096K, 99% used [0x00000000ec800000,0x00000000ecbfe978,0x00000000ecc00000)
  to   space 4096K, 0% used [0x00000000ec400000,0x00000000ec400000,0x00000000ec800000)
 ParOldGen       total 68608K, used 1358K [0x00000000c0000000, 0x00000000c4300000, 0x00000000eab00000)
  object space 68608K, 1% used [0x00000000c0000000,0x00000000c0153818,0x00000000c4300000)
 Metaspace       used 16117K, committed 16384K, reserved 1114112K
  class space    used 1612K, committed 1728K, reserved 1048576K
}
Event: 0.981 GC heap after
{Heap after GC invocations=3 (full 0):
 PSYoungGen      total 29696K, used 4065K [0x00000000eab00000, 0x00000000ecc00000, 0x0000000100000000)
  eden space 25600K, 0% used [0x00000000eab00000,0x00000000eab00000,0x00000000ec400000)
  from space 4096K, 99% used [0x00000000ec400000,0x00000000ec7f85c8,0x00000000ec800000)
  to   space 4096K, 0% used [0x00000000ec800000,0x00000000ec800000,0x00000000ecc00000)
 ParOldGen       total 68608K, used 5233K [0x00000000c0000000, 0x00000000c4300000, 0x00000000eab00000)
  object space 68608K, 7% used [0x00000000c0000000,0x00000000c051c5f0,0x00000000c4300000)
 Metaspace       used 16117K, committed 16384K, reserved 1114112K
  class space    used 1612K, committed 1728K, reserved 1048576K
}
Event: 1.234 GC heap before
{Heap before GC invocations=4 (full 0):
 PSYoungGen      total 29696K, used 29665K [0x00000000eab00000, 0x00000000ecc00000, 0x0000000100000000)
  eden space 25600K, 100% used [0x00000000eab00000,0x00000000ec400000,0x00000000ec400000)
  from space 4096K, 99% used [0x00000000ec400000,0x00000000ec7f85c8,0x00000000ec800000)
  to   space 4096K, 0% used [0x00000000ec800000,0x00000000ec800000,0x00000000ecc00000)
 ParOldGen       total 68608K, used 5233K [0x00000000c0000000, 0x00000000c4300000, 0x00000000eab00000)
  object space 68608K, 7% used [0x00000000c0000000,0x00000000c051c5f0,0x00000000c4300000)
 Metaspace       used 19682K, committed 19968K, reserved 1114112K
  class space    used 1979K, committed 2112K, reserved 1048576K
}
Event: 1.237 GC heap after
{Heap after GC invocations=4 (full 0):
 PSYoungGen      total 29696K, used 4085K [0x00000000eab00000, 0x00000000ecc00000, 0x0000000100000000)
  eden space 25600K, 0% used [0x00000000eab00000,0x00000000eab00000,0x00000000ec400000)
  from space 4096K, 99% used [0x00000000ec800000,0x00000000ecbfd430,0x00000000ecc00000)
  to   space 4096K, 0% used [0x00000000ec400000,0x00000000ec400000,0x00000000ec800000)
 ParOldGen       total 68608K, used 6446K [0x00000000c0000000, 0x00000000c4300000, 0x00000000eab00000)
  object space 68608K, 9% used [0x00000000c0000000,0x00000000c064ba30,0x00000000c4300000)
 Metaspace       used 19682K, committed 19968K, reserved 1114112K
  class space    used 1979K, committed 2112K, reserved 1048576K
}
Event: 1.290 GC heap before
{Heap before GC invocations=5 (full 0):
 PSYoungGen      total 29696K, used 11553K [0x00000000eab00000, 0x00000000ecc00000, 0x0000000100000000)
  eden space 25600K, 29% used [0x00000000eab00000,0x00000000eb24b388,0x00000000ec400000)
  from space 4096K, 99% used [0x00000000ec800000,0x00000000ecbfd430,0x00000000ecc00000)
  to   space 4096K, 0% used [0x00000000ec400000,0x00000000ec400000,0x00000000ec800000)
 ParOldGen       total 68608K, used 6446K [0x00000000c0000000, 0x00000000c4300000, 0x00000000eab00000)
  object space 68608K, 9% used [0x00000000c0000000,0x00000000c064ba30,0x00000000c4300000)
 Metaspace       used 21117K, committed 21504K, reserved 1114112K
  class space    used 2108K, committed 2304K, reserved 1048576K
}
Event: 1.292 GC heap after
{Heap after GC invocations=5 (full 0):
 PSYoungGen      total 29696K, used 4090K [0x00000000eab00000, 0x00000000ece00000, 0x0000000100000000)
  eden space 25600K, 0% used [0x00000000eab00000,0x00000000eab00000,0x00000000ec400000)
  from space 4096K, 99% used [0x00000000ec400000,0x00000000ec7fea00,0x00000000ec800000)
  to   space 5120K, 0% used [0x00000000ec900000,0x00000000ec900000,0x00000000ece00000)
 ParOldGen       total 68608K, used 6630K [0x00000000c0000000, 0x00000000c4300000, 0x00000000eab00000)
  object space 68608K, 9% used [0x00000000c0000000,0x00000000c0679a30,0x00000000c4300000)
 Metaspace       used 21117K, committed 21504K, reserved 1114112K
  class space    used 2108K, committed 2304K, reserved 1048576K
}
Event: 1.292 GC heap before
{Heap before GC invocations=6 (full 1):
 PSYoungGen      total 29696K, used 4090K [0x00000000eab00000, 0x00000000ece00000, 0x0000000100000000)
  eden space 25600K, 0% used [0x00000000eab00000,0x00000000eab00000,0x00000000ec400000)
  from space 4096K, 99% used [0x00000000ec400000,0x00000000ec7fea00,0x00000000ec800000)
  to   space 5120K, 0% used [0x00000000ec900000,0x00000000ec900000,0x00000000ece00000)
 ParOldGen       total 68608K, used 6630K [0x00000000c0000000, 0x00000000c4300000, 0x00000000eab00000)
  object space 68608K, 9% used [0x00000000c0000000,0x00000000c0679a30,0x00000000c4300000)
 Metaspace       used 21117K, committed 21504K, reserved 1114112K
  class space    used 2108K, committed 2304K, reserved 1048576K
}
Event: 1.307 GC heap after
{Heap after GC invocations=6 (full 1):
 PSYoungGen      total 29696K, used 0K [0x00000000eab00000, 0x00000000ece00000, 0x0000000100000000)
  eden space 25600K, 0% used [0x00000000eab00000,0x00000000eab00000,0x00000000ec400000)
  from space 4096K, 0% used [0x00000000ec400000,0x00000000ec400000,0x00000000ec800000)
  to   space 5120K, 0% used [0x00000000ec900000,0x00000000ec900000,0x00000000ece00000)
 ParOldGen       total 68608K, used 10418K [0x00000000c0000000, 0x00000000c4300000, 0x00000000eab00000)
  object space 68608K, 15% used [0x00000000c0000000,0x00000000c0a2c810,0x00000000c4300000)
 Metaspace       used 21117K, committed 21504K, reserved 1114112K
  class space    used 2108K, committed 2304K, reserved 1048576K
}
Event: 1.563 GC heap before
{Heap before GC invocations=7 (full 1):
 PSYoungGen      total 29696K, used 25600K [0x00000000eab00000, 0x00000000ece00000, 0x0000000100000000)
  eden space 25600K, 100% used [0x00000000eab00000,0x00000000ec400000,0x00000000ec400000)
  from space 4096K, 0% used [0x00000000ec400000,0x00000000ec400000,0x00000000ec800000)
  to   space 5120K, 0% used [0x00000000ec900000,0x00000000ec900000,0x00000000ece00000)
 ParOldGen       total 68608K, used 10418K [0x00000000c0000000, 0x00000000c4300000, 0x00000000eab00000)
  object space 68608K, 15% used [0x00000000c0000000,0x00000000c0a2c810,0x00000000c4300000)
 Metaspace       used 24560K, committed 25088K, reserved 1114112K
  class space    used 2472K, committed 2688K, reserved 1048576K
}
Event: 1.564 GC heap after
{Heap after GC invocations=7 (full 1):
 PSYoungGen      total 26112K, used 1008K [0x00000000eab00000, 0x00000000eca00000, 0x0000000100000000)
  eden space 25088K, 0% used [0x00000000eab00000,0x00000000eab00000,0x00000000ec380000)
  from space 1024K, 98% used [0x00000000ec900000,0x00000000ec9fc0a8,0x00000000eca00000)
  to   space 2560K, 0% used [0x00000000ec500000,0x00000000ec500000,0x00000000ec780000)
 ParOldGen       total 68608K, used 10426K [0x00000000c0000000, 0x00000000c4300000, 0x00000000eab00000)
  object space 68608K, 15% used [0x00000000c0000000,0x00000000c0a2e810,0x00000000c4300000)
 Metaspace       used 24560K, committed 25088K, reserved 1114112K
  class space    used 2472K, committed 2688K, reserved 1048576K
}

Dll operation events (9 events):
Event: 0.006 Loaded shared library c:\Users\raguv\.vscode\extensions\redhat.java-1.28.1-win32-x64\jre\17.0.10-win32-x86_64\bin\java.dll
Event: 0.091 Loaded shared library c:\Users\raguv\.vscode\extensions\redhat.java-1.28.1-win32-x64\jre\17.0.10-win32-x86_64\bin\zip.dll
Event: 0.093 Loaded shared library C:\Users\raguv\.vscode\extensions\redhat.java-1.28.1-win32-x64\jre\17.0.10-win32-x86_64\bin\instrument.dll
Event: 0.102 Loaded shared library C:\Users\raguv\.vscode\extensions\redhat.java-1.28.1-win32-x64\jre\17.0.10-win32-x86_64\bin\net.dll
Event: 0.103 Loaded shared library C:\Users\raguv\.vscode\extensions\redhat.java-1.28.1-win32-x64\jre\17.0.10-win32-x86_64\bin\nio.dll
Event: 0.110 Loaded shared library C:\Users\raguv\.vscode\extensions\redhat.java-1.28.1-win32-x64\jre\17.0.10-win32-x86_64\bin\zip.dll
Event: 0.119 Loaded shared library C:\Users\raguv\.vscode\extensions\redhat.java-1.28.1-win32-x64\jre\17.0.10-win32-x86_64\bin\jimage.dll
Event: 0.155 Loaded shared library c:\Users\raguv\.vscode\extensions\redhat.java-1.28.1-win32-x64\jre\17.0.10-win32-x86_64\bin\verify.dll
Event: 0.716 Loaded shared library C:\Users\raguv\AppData\Roaming\Code\User\globalStorage\redhat.java\1.28.1\config_win\org.eclipse.equinox.launcher\org.eclipse.equinox.launcher.win32.win32.x86_64_1.2.900.v20240129-1338\eclipse_11900.dll

Deoptimization events (20 events):
Event: 1.694 Thread 0x0000020f803a4700 Uncommon trap: trap_request=0xffffffde fr.pc=0x0000020feed048a4 relative=0x0000000000000504
Event: 1.694 Thread 0x0000020f803a4700 Uncommon trap: reason=class_check action=maybe_recompile pc=0x0000020feed048a4 method=java.util.ImmutableCollections$MapN.probe(Ljava/lang/Object;)I @ 1 c2
Event: 1.694 Thread 0x0000020f803a4700 DEOPT PACKING pc=0x0000020feed048a4 sp=0x000000b54bff1610
Event: 1.694 Thread 0x0000020f803a4700 DEOPT UNPACKING pc=0x0000020fee519ea3 sp=0x000000b54bff15c0 mode 2
Event: 1.694 Thread 0x0000020f803a4700 Uncommon trap: trap_request=0xffffffde fr.pc=0x0000020feed048a4 relative=0x0000000000000504
Event: 1.694 Thread 0x0000020f803a4700 Uncommon trap: reason=class_check action=maybe_recompile pc=0x0000020feed048a4 method=java.util.ImmutableCollections$MapN.probe(Ljava/lang/Object;)I @ 1 c2
Event: 1.694 Thread 0x0000020f803a4700 DEOPT PACKING pc=0x0000020feed048a4 sp=0x000000b54bff1610
Event: 1.694 Thread 0x0000020f803a4700 DEOPT UNPACKING pc=0x0000020fee519ea3 sp=0x000000b54bff15c0 mode 2
Event: 1.694 Thread 0x0000020f803a4700 Uncommon trap: trap_request=0xffffffde fr.pc=0x0000020feed048a4 relative=0x0000000000000504
Event: 1.694 Thread 0x0000020f803a4700 Uncommon trap: reason=class_check action=maybe_recompile pc=0x0000020feed048a4 method=java.util.ImmutableCollections$MapN.probe(Ljava/lang/Object;)I @ 1 c2
Event: 1.694 Thread 0x0000020f803a4700 DEOPT PACKING pc=0x0000020feed048a4 sp=0x000000b54bff1610
Event: 1.694 Thread 0x0000020f803a4700 DEOPT UNPACKING pc=0x0000020fee519ea3 sp=0x000000b54bff15c0 mode 2
Event: 1.723 Thread 0x0000020f803a4700 Uncommon trap: trap_request=0xffffffc6 fr.pc=0x0000020feed4bd44 relative=0x0000000000000b24
Event: 1.723 Thread 0x0000020f803a4700 Uncommon trap: reason=bimorphic_or_optimized_type_check action=maybe_recompile pc=0x0000020feed4bd44 method=java.io.DataInputStream.readUnsignedShort()I @ 6 c2
Event: 1.723 Thread 0x0000020f803a4700 DEOPT PACKING pc=0x0000020feed4bd44 sp=0x000000b54bff2a50
Event: 1.723 Thread 0x0000020f803a4700 DEOPT UNPACKING pc=0x0000020fee519ea3 sp=0x000000b54bff2a08 mode 2
Event: 1.744 Thread 0x0000020f803a4700 Uncommon trap: trap_request=0xffffffc6 fr.pc=0x0000020feed4bd44 relative=0x0000000000000b24
Event: 1.744 Thread 0x0000020f803a4700 Uncommon trap: reason=bimorphic_or_optimized_type_check action=maybe_recompile pc=0x0000020feed4bd44 method=java.io.DataInputStream.readUnsignedShort()I @ 6 c2
Event: 1.744 Thread 0x0000020f803a4700 DEOPT PACKING pc=0x0000020feed4bd44 sp=0x000000b54bff2030
Event: 1.744 Thread 0x0000020f803a4700 DEOPT UNPACKING pc=0x0000020fee519ea3 sp=0x000000b54bff1fe8 mode 2

Classes unloaded (0 events):
No events

Classes redefined (0 events):
No events

Internal exceptions (20 events):
Event: 1.700 Thread 0x0000020f803a4700 Exception <a 'java/lang/NoSuchMethodError'{0x00000000ebd65d18}: 'java.lang.Object java.lang.invoke.Invokers$Holder.invoke_MT(java.lang.Object, java.lang.Object, java.lang.Object, java.lang.Object, java.lang.Object, java.lang.Object, java.lang.Object, java.lang.Object, java.lang.Object)'> (0x00000000ebd65d18) 
thrown [s\src\hotspot\share\interpreter\linkResolver.cpp, line 759]
Event: 1.702 Thread 0x0000020f803a4700 Exception <a 'java/lang/NoSuchMethodError'{0x00000000ebd9fc08}: 'int java.lang.invoke.DirectMethodHandle$Holder.invokeVirtual(java.lang.Object, java.lang.Object, java.lang.Object)'> (0x00000000ebd9fc08) 
thrown [s\src\hotspot\share\interpreter\linkResolver.cpp, line 759]
Event: 1.702 Thread 0x0000020f803a4700 Exception <a 'java/lang/NoSuchMethodError'{0x00000000ebda44b0}: 'int java.lang.invoke.DirectMethodHandle$Holder.invokeVirtual(java.lang.Object, java.lang.Object)'> (0x00000000ebda44b0) 
thrown [s\src\hotspot\share\interpreter\linkResolver.cpp, line 759]
Event: 1.702 Thread 0x0000020f803a4700 Exception <a 'java/lang/NoSuchMethodError'{0x00000000ebda96b8}: 'int java.lang.invoke.DirectMethodHandle$Holder.invokeStaticInit(java.lang.Object, int, int)'> (0x00000000ebda96b8) 
thrown [s\src\hotspot\share\interpreter\linkResolver.cpp, line 759]
Event: 1.702 Thread 0x0000020f803a4700 Exception <a 'java/lang/NoSuchMethodError'{0x00000000ebdb1e98}: 'int java.lang.invoke.DirectMethodHandle$Holder.invokeStaticInit(java.lang.Object, long, long)'> (0x00000000ebdb1e98) 
thrown [s\src\hotspot\share\interpreter\linkResolver.cpp, line 759]
Event: 1.703 Thread 0x0000020f803a4700 Exception <a 'java/lang/NoSuchMethodError'{0x00000000ebdb9cd8}: 'int java.lang.invoke.DirectMethodHandle$Holder.invokeStaticInit(java.lang.Object, float, float)'> (0x00000000ebdb9cd8) 
thrown [s\src\hotspot\share\interpreter\linkResolver.cpp, line 759]
Event: 1.703 Thread 0x0000020f803a4700 Exception <a 'java/lang/NoSuchMethodError'{0x00000000ebdc1b20}: 'int java.lang.invoke.DirectMethodHandle$Holder.invokeStaticInit(java.lang.Object, double, double)'> (0x00000000ebdc1b20) 
thrown [s\src\hotspot\share\interpreter\linkResolver.cpp, line 759]
Event: 1.703 Thread 0x0000020f803a4700 Exception <a 'java/lang/NoSuchMethodError'{0x00000000ebdc7118}: 'int java.lang.invoke.DirectMethodHandle$Holder.invokeStatic(java.lang.Object, long)'> (0x00000000ebdc7118) 
thrown [s\src\hotspot\share\interpreter\linkResolver.cpp, line 759]
Event: 1.706 Thread 0x0000020f803a4700 Exception <a 'java/lang/NoSuchMethodError'{0x00000000ebdef5b8}: 'int java.lang.invoke.Invokers$Holder.linkToTargetMethod(java.lang.Object, java.lang.Object)'> (0x00000000ebdef5b8) 
thrown [s\src\hotspot\share\interpreter\linkResolver.cpp, line 759]
Event: 1.721 Thread 0x0000020f803a4700 Exception <a 'java/lang/NoSuchMethodError'{0x00000000ebed4dc8}: 'java.lang.Object java.lang.invoke.DirectMethodHandle$Holder.invokeSpecial(java.lang.Object, java.lang.Object, java.lang.Object, java.lang.Object, java.lang.Object, java.lang.Object, java.lang.Object, java.lang.Object, java.lang.Object, java.lang.Object, java.lang.Object)'> (0x00000000ebed4dc8) 
thrown [s\src\hotspot\share\interpreter\linkResolver.cpp, line 759]
Event: 1.721 Thread 0x0000020f803a4700 Exception <a 'java/lang/NoSuchMethodError'{0x00000000ebeda2e0}: 'java.lang.Object java.lang.invoke.Invokers$Holder.invoke_MT(java.lang.Object, java.lang.Object, java.lang.Object, java.lang.Object, java.lang.Object, java.lang.Object, java.lang.Object, java.lang.Object, java.lang.Object, java.lang.Object, java.lang.Object)'> (0x00000000ebeda2e0) 
thrown [s\src\hotspot\share\interpreter\linkResolver.cpp, line 759]
Event: 1.727 Thread 0x0000020f803a4700 Exception <a 'java/lang/NoSuchMethodError'{0x00000000ebf67508}: 'java.lang.Object java.lang.invoke.DirectMethodHandle$Holder.invokeSpecial(java.lang.Object, java.lang.Object, java.lang.Object, java.lang.Object, java.lang.Object, java.lang.Object, java.lang.Object, java.lang.Object, java.lang.Object, java.lang.Object)'> (0x00000000ebf67508) 
thrown [s\src\hotspot\share\interpreter\linkResolver.cpp, line 759]
Event: 1.727 Thread 0x0000020f803a4700 Exception <a 'java/lang/NoSuchMethodError'{0x00000000ebf6c758}: 'java.lang.Object java.lang.invoke.Invokers$Holder.invoke_MT(java.lang.Object, java.lang.Object, java.lang.Object, java.lang.Object, java.lang.Object, java.lang.Object, java.lang.Object, java.lang.Object, java.lang.Object, java.lang.Object)'> (0x00000000ebf6c758) 
thrown [s\src\hotspot\share\interpreter\linkResolver.cpp, line 759]
Event: 1.733 Thread 0x0000020f803a4700 Exception <a 'java/lang/NoSuchMethodError'{0x00000000ec009d78}: 'java.lang.Object java.lang.invoke.DirectMethodHandle$Holder.newInvokeSpecial(java.lang.Object, java.lang.Object, java.lang.Object, java.lang.Object, java.lang.Object, java.lang.Object, java.lang.Object)'> (0x00000000ec009d78) 
thrown [s\src\hotspot\share\interpreter\linkResolver.cpp, line 759]
Event: 1.737 Thread 0x0000020f803a4700 Exception <a 'java/lang/NoSuchMethodError'{0x00000000ec077f08}: 'java.lang.Object java.lang.invoke.DirectMethodHandle$Holder.invokeSpecial(java.lang.Object, java.lang.Object, java.lang.Object, java.lang.Object, java.lang.Object, java.lang.Object, java.lang.Object, java.lang.Object, java.lang.Object, java.lang.Object, java.lang.Object, java.lang.Object, java.lang.Object)'> (0x00000000ec077f08) 
thrown [s\src\hotspot\share\interpreter\linkResolver.cpp, line 759]
Event: 1.737 Thread 0x0000020f803a4700 Exception <a 'java/lang/NoSuchMethodError'{0x00000000ec07da38}: 'java.lang.Object java.lang.invoke.Invokers$Holder.invoker(java.lang.Object, java.lang.Object, java.lang.Object, java.lang.Object, java.lang.Object, java.lang.Object, java.lang.Object, java.lang.Object, java.lang.Object, java.lang.Object, java.lang.Object, java.lang.Object, java.lang.Object)'> (0x00000000ec07da38) 
thrown [s\src\hotspot\share\interpreter\linkResolver.cpp, line 759]
Event: 1.737 Thread 0x0000020f803a4700 Exception <a 'java/lang/NoSuchMethodError'{0x00000000ec084738}: 'java.lang.Object java.lang.invoke.DirectMethodHandle$Holder.invokeSpecial(java.lang.Object, java.lang.Object, java.lang.Object, java.lang.Object, java.lang.Object, java.lang.Object, java.lang.Object, java.lang.Object, java.lang.Object, java.lang.Object, java.lang.Object, java.lang.Object, java.lang.Object, java.lang.Object)'> (0x00000000ec084738) 
thrown [s\src\hotspot\share\interpreter\linkResolver.cpp, line 759]
Event: 1.740 Thread 0x0000020f803a4700 Exception <a 'java/lang/NoSuchMethodError'{0x00000000ec0ecaf8}: static Lorg/eclipse/m2e/core/internal/lifecyclemapping/model/PluginExecutionMetadata;.<clinit>()V> (0x00000000ec0ecaf8) 
thrown [s\src\hotspot\share\prims\jni.cpp, line 1107]
Event: 1.743 Thread 0x0000020f803a4700 Exception <a 'java/lang/NoSuchMethodError'{0x00000000ec14a1f8}: static Lorg/eclipse/m2e/core/internal/lifecyclemapping/model/PluginExecutionFilter;.<clinit>()V> (0x00000000ec14a1f8) 
thrown [s\src\hotspot\share\prims\jni.cpp, line 1107]
Event: 1.744 Thread 0x0000020f803a4700 Exception <a 'java/lang/NoSuchMethodError'{0x00000000ec184c68}: static Lorg/eclipse/m2e/core/internal/project/registry/MavenProjectFacade$MavenProjectConfiguration;.<clinit>()V> (0x00000000ec184c68) 
thrown [s\src\hotspot\share\prims\jni.cpp, line 1107]

VM Operations (20 events):
Event: 1.423 Executing VM operation: HandshakeAllThreads
Event: 1.423 Executing VM operation: HandshakeAllThreads done
Event: 1.465 Executing VM operation: HandshakeAllThreads
Event: 1.465 Executing VM operation: HandshakeAllThreads done
Event: 1.493 Executing VM operation: HandshakeAllThreads
Event: 1.493 Executing VM operation: HandshakeAllThreads done
Event: 1.514 Executing VM operation: HandshakeAllThreads
Event: 1.514 Executing VM operation: HandshakeAllThreads done
Event: 1.518 Executing VM operation: HandshakeAllThreads
Event: 1.518 Executing VM operation: HandshakeAllThreads done
Event: 1.538 Executing VM operation: HandshakeAllThreads
Event: 1.538 Executing VM operation: HandshakeAllThreads done
Event: 1.538 Executing VM operation: HandshakeAllThreads
Event: 1.538 Executing VM operation: HandshakeAllThreads done
Event: 1.558 Executing VM operation: ICBufferFull
Event: 1.558 Executing VM operation: ICBufferFull done
Event: 1.563 Executing VM operation: ParallelGCFailedAllocation
Event: 1.564 Executing VM operation: ParallelGCFailedAllocation done
Event: 1.692 Executing VM operation: HandshakeAllThreads
Event: 1.692 Executing VM operation: HandshakeAllThreads done

Events (20 events):
Event: 1.723 loading class java/io/FileFilter
Event: 1.723 loading class java/io/FileFilter done
Event: 1.732 loading class java/util/CollSer
Event: 1.732 loading class java/util/CollSer done
Event: 1.740 loading class java/io/ObjectStreamClass$1
Event: 1.740 loading class java/io/ObjectStreamClass$1 done
Event: 1.740 loading class java/io/DataOutputStream
Event: 1.740 loading class java/io/DataOutputStream done
Event: 1.740 loading class java/io/ObjectStreamClass$MemberSignature
Event: 1.740 loading class java/io/ObjectStreamClass$MemberSignature done
Event: 1.740 loading class java/io/ObjectStreamClass$3
Event: 1.740 loading class java/io/ObjectStreamClass$3 done
Event: 1.740 loading class java/io/ObjectStreamClass$4
Event: 1.740 loading class java/io/ObjectStreamClass$4 done
Event: 1.740 loading class java/io/ObjectStreamClass$5
Event: 1.740 loading class java/io/ObjectStreamClass$5 done
Event: 1.740 loading class sun/security/provider/SHA
Event: 1.740 loading class sun/security/provider/SHA done
Event: 1.745 loading class java/io/ObjectStreamClass$ExceptionInfo
Event: 1.745 loading class java/io/ObjectStreamClass$ExceptionInfo done


Dynamic libraries:
0x00007ff6425d0000 - 0x00007ff6425de000 	c:\Users\raguv\.vscode\extensions\redhat.java-1.28.1-win32-x64\jre\17.0.10-win32-x86_64\bin\java.exe
0x00007ffa2cf90000 - 0x00007ffa2d1a6000 	C:\WINDOWS\SYSTEM32\ntdll.dll
0x00007ffa2b970000 - 0x00007ffa2ba34000 	C:\WINDOWS\System32\KERNEL32.DLL
0x00007ffa2a740000 - 0x00007ffa2aae6000 	C:\WINDOWS\System32\KERNELBASE.dll
0x00007ffa2ab20000 - 0x00007ffa2ac31000 	C:\WINDOWS\System32\ucrtbase.dll
0x00007ffa20620000 - 0x00007ffa2063b000 	c:\Users\raguv\.vscode\extensions\redhat.java-1.28.1-win32-x64\jre\17.0.10-win32-x86_64\bin\VCRUNTIME140.dll
0x00007ffa20cf0000 - 0x00007ffa20d07000 	c:\Users\raguv\.vscode\extensions\redhat.java-1.28.1-win32-x64\jre\17.0.10-win32-x86_64\bin\jli.dll
0x00007ffa2b500000 - 0x00007ffa2b6ad000 	C:\WINDOWS\System32\USER32.dll
0x00007ffa1b050000 - 0x00007ffa1b2e3000 	C:\WINDOWS\WinSxS\amd64_microsoft.windows.common-controls_6595b64144ccf1df_6.0.22621.3235_none_270f74e173860f98\COMCTL32.dll
0x00007ffa2acb0000 - 0x00007ffa2acd6000 	C:\WINDOWS\System32\win32u.dll
0x00007ffa2acf0000 - 0x00007ffa2ad19000 	C:\WINDOWS\System32\GDI32.dll
0x00007ffa2b3f0000 - 0x00007ffa2b497000 	C:\WINDOWS\System32\msvcrt.dll
0x00007ffa2a350000 - 0x00007ffa2a468000 	C:\WINDOWS\System32\gdi32full.dll
0x00007ffa2a530000 - 0x00007ffa2a5ca000 	C:\WINDOWS\System32\msvcp_win.dll
0x00007ffa2ae30000 - 0x00007ffa2ae61000 	C:\WINDOWS\System32\IMM32.DLL
0x00007ffa234a0000 - 0x00007ffa234ac000 	c:\Users\raguv\.vscode\extensions\redhat.java-1.28.1-win32-x64\jre\17.0.10-win32-x86_64\bin\vcruntime140_1.dll
0x00007ffa20110000 - 0x00007ffa2019d000 	c:\Users\raguv\.vscode\extensions\redhat.java-1.28.1-win32-x64\jre\17.0.10-win32-x86_64\bin\msvcp140.dll
0x00007ff97bac0000 - 0x00007ff97c722000 	c:\Users\raguv\.vscode\extensions\redhat.java-1.28.1-win32-x64\jre\17.0.10-win32-x86_64\bin\server\jvm.dll
0x00007ffa2c8f0000 - 0x00007ffa2c9a2000 	C:\WINDOWS\System32\ADVAPI32.dll
0x00007ffa2ad80000 - 0x00007ffa2ae28000 	C:\WINDOWS\System32\sechost.dll
0x00007ffa2aaf0000 - 0x00007ffa2ab18000 	C:\WINDOWS\System32\bcrypt.dll
0x00007ffa2c9b0000 - 0x00007ffa2cac5000 	C:\WINDOWS\System32\RPCRT4.dll
0x00007ffa270c0000 - 0x00007ffa270c9000 	C:\WINDOWS\SYSTEM32\WSOCK32.dll
0x00007ffa23320000 - 0x00007ffa23354000 	C:\WINDOWS\SYSTEM32\WINMM.dll
0x00007ffa29120000 - 0x00007ffa2916d000 	C:\WINDOWS\SYSTEM32\POWRPROF.dll
0x00007ffa2b270000 - 0x00007ffa2b2e1000 	C:\WINDOWS\System32\WS2_32.dll
0x00007ffa225e0000 - 0x00007ffa225ea000 	C:\WINDOWS\SYSTEM32\VERSION.dll
0x00007ffa29100000 - 0x00007ffa29113000 	C:\WINDOWS\SYSTEM32\UMPDC.dll
0x00007ffa293c0000 - 0x00007ffa293d8000 	C:\WINDOWS\SYSTEM32\kernel.appcore.dll
0x00007ffa23680000 - 0x00007ffa2368a000 	c:\Users\raguv\.vscode\extensions\redhat.java-1.28.1-win32-x64\jre\17.0.10-win32-x86_64\bin\jimage.dll
0x00007ffa27d60000 - 0x00007ffa27f93000 	C:\WINDOWS\SYSTEM32\DBGHELP.DLL
0x00007ffa2ba40000 - 0x00007ffa2bdc8000 	C:\WINDOWS\System32\combase.dll
0x00007ffa2c7f0000 - 0x00007ffa2c8c7000 	C:\WINDOWS\System32\OLEAUT32.dll
0x00007ffa0af60000 - 0x00007ffa0af92000 	C:\WINDOWS\SYSTEM32\dbgcore.DLL
0x00007ffa2a2d0000 - 0x00007ffa2a34a000 	C:\WINDOWS\System32\bcryptPrimitives.dll
0x00007ffa21590000 - 0x00007ffa2159e000 	c:\Users\raguv\.vscode\extensions\redhat.java-1.28.1-win32-x64\jre\17.0.10-win32-x86_64\bin\instrument.dll
0x00007ffa20570000 - 0x00007ffa20595000 	c:\Users\raguv\.vscode\extensions\redhat.java-1.28.1-win32-x64\jre\17.0.10-win32-x86_64\bin\java.dll
0x00007ffa20550000 - 0x00007ffa20568000 	c:\Users\raguv\.vscode\extensions\redhat.java-1.28.1-win32-x64\jre\17.0.10-win32-x86_64\bin\zip.dll
0x00007ffa2bdd0000 - 0x00007ffa2c62d000 	C:\WINDOWS\System32\SHELL32.dll
0x00007ffa281e0000 - 0x00007ffa28ad8000 	C:\WINDOWS\SYSTEM32\windows.storage.dll
0x00007ffa280a0000 - 0x00007ffa281de000 	C:\WINDOWS\SYSTEM32\wintypes.dll
0x00007ffa2b6b0000 - 0x00007ffa2b7a3000 	C:\WINDOWS\System32\SHCORE.dll
0x00007ffa2b4a0000 - 0x00007ffa2b4fe000 	C:\WINDOWS\System32\shlwapi.dll
0x00007ffa2a200000 - 0x00007ffa2a226000 	C:\WINDOWS\SYSTEM32\profapi.dll
0x00007ffa200f0000 - 0x00007ffa20109000 	C:\Users\raguv\.vscode\extensions\redhat.java-1.28.1-win32-x64\jre\17.0.10-win32-x86_64\bin\net.dll
0x00007ffa24030000 - 0x00007ffa24167000 	C:\WINDOWS\SYSTEM32\WINHTTP.dll
0x00007ffa29830000 - 0x00007ffa29899000 	C:\WINDOWS\system32\mswsock.dll
0x00007ffa200d0000 - 0x00007ffa200e6000 	C:\Users\raguv\.vscode\extensions\redhat.java-1.28.1-win32-x64\jre\17.0.10-win32-x86_64\bin\nio.dll
0x00007ffa20b40000 - 0x00007ffa20b50000 	c:\Users\raguv\.vscode\extensions\redhat.java-1.28.1-win32-x64\jre\17.0.10-win32-x86_64\bin\verify.dll
0x00007ffa20470000 - 0x00007ffa204ae000 	C:\Users\raguv\AppData\Roaming\Code\User\globalStorage\redhat.java\1.28.1\config_win\org.eclipse.equinox.launcher\org.eclipse.equinox.launcher.win32.win32.x86_64_1.2.900.v20240129-1338\eclipse_11900.dll
0x00007ffa2b0d0000 - 0x00007ffa2b26f000 	C:\WINDOWS\System32\ole32.dll

dbghelp: loaded successfully - version: 4.0.5 - missing functions: none
symbol engine: initialized successfully - sym options: 0x614 - pdb path: .;c:\Users\raguv\.vscode\extensions\redhat.java-1.28.1-win32-x64\jre\17.0.10-win32-x86_64\bin;C:\WINDOWS\SYSTEM32;C:\WINDOWS\WinSxS\amd64_microsoft.windows.common-controls_6595b64144ccf1df_6.0.22621.3235_none_270f74e173860f98;c:\Users\raguv\.vscode\extensions\redhat.java-1.28.1-win32-x64\jre\17.0.10-win32-x86_64\bin\server;C:\Users\raguv\AppData\Roaming\Code\User\globalStorage\redhat.java\1.28.1\config_win\org.eclipse.equinox.launcher\org.eclipse.equinox.launcher.win32.win32.x86_64_1.2.900.v20240129-1338

VM Arguments:
jvm_args: --add-modules=ALL-SYSTEM --add-opens=java.base/java.util=ALL-UNNAMED --add-opens=java.base/java.lang=ALL-UNNAMED --add-opens=java.base/sun.nio.fs=ALL-UNNAMED -Declipse.application=org.eclipse.jdt.ls.core.id1 -Dosgi.bundles.defaultStartLevel=4 -Declipse.product=org.eclipse.jdt.ls.core.product -Djava.import.generatesMetadataFilesAtProjectRoot=false -DDetectVMInstallationsJob.disabled=true -Dfile.encoding=utf8 -XX:+UseParallelGC -XX:GCTimeRatio=4 -XX:AdaptiveSizePolicyWeight=90 -Dsun.zip.disableMemoryMapping=true -Xmx1G -Xms100m -Xlog:disable -javaagent:c:\Users\raguv\.vscode\extensions\redhat.java-1.28.1-win32-x64\lombok\lombok-1.18.31.jar -XX:+HeapDumpOnOutOfMemoryError -XX:HeapDumpPath=c:\Users\raguv\AppData\Roaming\Code\User\workspaceStorage\3369feadbb714503eb105f69fa7612c8\redhat.java -Daether.dependencyCollector.impl=bf 
java_command: c:\Users\raguv\.vscode\extensions\redhat.java-1.28.1-win32-x64\server\plugins\org.eclipse.equinox.launcher_1.6.700.v20231214-2017.jar -configuration c:\Users\raguv\AppData\Roaming\Code\User\globalStorage\redhat.java\1.28.1\config_win -data c:\Users\raguv\AppData\Roaming\Code\User\workspaceStorage\3369feadbb714503eb105f69fa7612c8\redhat.java\jdt_ws --stdio
java_class_path (initial): c:\Users\raguv\.vscode\extensions\redhat.java-1.28.1-win32-x64\server\plugins\org.eclipse.equinox.launcher_1.6.700.v20231214-2017.jar
Launcher Type: SUN_STANDARD

[Global flags]
    uintx AdaptiveSizePolicyWeight                 = 90                                        {product} {command line}
     intx CICompilerCount                          = 12                                        {product} {ergonomic}
    uintx GCTimeRatio                              = 4                                         {product} {command line}
     bool HeapDumpOnOutOfMemoryError               = true                                   {manageable} {command line}
    ccstr HeapDumpPath                             = c:\Users\raguv\AppData\Roaming\Code\User\workspaceStorage\3369feadbb714503eb105f69fa7612c8\redhat.java         {manageable} {command line}
   size_t InitialHeapSize                          = 104857600                                 {product} {command line}
   size_t MaxHeapSize                              = 1073741824                                {product} {command line}
   size_t MaxNewSize                               = 357564416                                 {product} {ergonomic}
   size_t MinHeapDeltaBytes                        = 524288                                    {product} {ergonomic}
   size_t MinHeapSize                              = 104857600                                 {product} {command line}
   size_t NewSize                                  = 34603008                                  {product} {ergonomic}
    uintx NonNMethodCodeHeapSize                   = 7602480                                {pd product} {ergonomic}
    uintx NonProfiledCodeHeapSize                  = 122027880                              {pd product} {ergonomic}
   size_t OldSize                                  = 70254592                                  {product} {ergonomic}
    uintx ProfiledCodeHeapSize                     = 122027880                              {pd product} {ergonomic}
    uintx ReservedCodeCacheSize                    = 251658240                              {pd product} {ergonomic}
     bool SegmentedCodeCache                       = true                                      {product} {ergonomic}
   size_t SoftMaxHeapSize                          = 1073741824                             {manageable} {ergonomic}
     bool UseCompressedClassPointers               = true                           {product lp64_product} {ergonomic}
     bool UseCompressedOops                        = true                           {product lp64_product} {ergonomic}
     bool UseLargePagesIndividualAllocation        = false                                  {pd product} {ergonomic}
     bool UseParallelGC                            = true                                      {product} {command line}

Logging:
Log output configuration:
 #0: stdout all=off uptime,level,tags
 #1: stderr all=off uptime,level,tags

Environment Variables:
PATH=C:\Program Files\Common Files\Oracle\Java\javapath;C:\Windows\system32;C:\Windows;C:\Windows\System32\Wbem;C:\Windows\System32\WindowsPowerShell\v1.0\;C:\Windows\System32\OpenSSH\;C:\Program Files (x86)\NVIDIA Corporation\PhysX\Common;C:\Program Files\NVIDIA Corporation\NVIDIA NvDLISR;C:\WINDOWS\system32;C:\WINDOWS;C:\WINDOWS\System32\Wbem;C:\WINDOWS\System32\WindowsPowerShell\v1.0\;C:\WINDOWS\System32\OpenSSH\;C:\Program Files\Git\cmd;C:\Program Files\MySQL\MySQL Server 8.0\bin;C:\Program Files\dotnet\;C:\Program Files\PowerShell\7\;C:\Program Files\MySQL\MySQL Shell 8.0\bin\;C:\Users\raguv\AppData\Local\Microsoft\WindowsApps;C:\Program Files\JetBrains\IntelliJ IDEA Community Edition 2023.1\bin;;C:\Users\raguv\AppData\Local\GitHubDesktop\bin;C:\Program Files\Git\bin\;C:\Program Files\Git\cmd\;C:\Users\raguv\AppData\Local\Programs\Microsoft VS Code\bin;C:\Program Files\apache-maven-3.9.2-bin\apache-maven-3.9.2\bin;
USERNAME=brahmabull3
OS=Windows_NT
PROCESSOR_IDENTIFIER=Intel64 Family 6 Model 141 Stepping 1, GenuineIntel
TMP=C:\Users\raguv\AppData\Local\Temp
TEMP=C:\Users\raguv\AppData\Local\Temp



Periodic native trim disabled


---------------  S Y S T E M  ---------------

OS:
 Windows 11 , 64 bit Build 22621 (10.0.22621.3235)
OS uptime: 0 days 16:52 hours
Hyper-V role detected

CPU: total 16 (initial active 16) (8 cores per cpu, 2 threads per core) family 6 model 141 stepping 1 microcode 0x34, cx8, cmov, fxsr, ht, mmx, 3dnowpref, sse, sse2, sse3, ssse3, sse4.1, sse4.2, popcnt, lzcnt, tsc, tscinvbit, avx, avx2, aes, erms, clmul, bmi1, bmi2, adx, avx512f, avx512dq, avx512cd, avx512bw, avx512vl, sha, fma, vzeroupper, avx512_vpopcntdq, avx512_vpclmulqdq, avx512_vaes, avx512_vnni, clflush, clflushopt, clwb, avx512_vbmi2, avx512_vbmi, hv
Processor Information for all 16 processors :
  Max Mhz: 2301, Current Mhz: 2301, Mhz Limit: 2301

Memory: 4k page, system-wide physical 16085M (6669M free)
TotalPageFile size 18991M (AvailPageFile size 4M)
current process WorkingSet (physical memory assigned to process): 133M, peak: 133M
current process commit charge ("private bytes"): 252M, peak: 253M

vm_info: OpenJDK 64-Bit Server VM (17.0.10+7) for windows-amd64 JRE (17.0.10+7), built on Jan 16 2024 23:25:11 by "admin" with MS VC++ 16.10 / 16.11 (VS2019)

END.
