#
# There is insufficient memory for the Java Runtime Environment to continue.
# Native memory allocation (mmap) failed to map 264241152 bytes for G1 virtual space
# Possible reasons:
#   The system is out of physical RAM or swap space
#   The process is running with CompressedOops enabled, and the Java Heap may be blocking the growth of the native heap
# Possible solutions:
#   Reduce memory load on the system
#   Increase physical memory or swap space
#   Check if swap backing store is full
#   Decrease Java heap size (-Xmx/-Xms)
#   Decrease number of Java threads
#   Decrease Java thread stack sizes (-Xss)
#   Set larger code cache with -XX:ReservedCodeCacheSize=
#   JVM is running with Zero Based Compressed Oops mode in which the Java heap is
#     placed in the first 32GB address space. The Java Heap base address is the
#     maximum limit for the native heap growth. Please use -XX:HeapBaseMinAddress
#     to set the Java Heap base and to place the Java Heap above 32GB virtual address.
# This output file may be truncated or incomplete.
#
#  Out of Memory Error (os_windows.cpp:3600), pid=3076, tid=3984
#
# JRE version:  (21.0.1+12) (build )
# Java VM: Java HotSpot(TM) 64-Bit Server VM (21.0.1+12-LTS-29, mixed mode, sharing, tiered, compressed oops, compressed class ptrs, g1 gc, windows-amd64)
# No core dump will be written. Minidumps are not enabled by default on client versions of Windows
#

---------------  S U M M A R Y ------------

Command Line: -Dclassworlds.conf=C:\\Program Files\\apache-maven-3.9.2-bin\\apache-maven-3.9.2\\bin\\m2.conf -Dmaven.home=C:\\Program Files\\apache-maven-3.9.2-bin\\apache-maven-3.9.2 -Dlibrary.jansi.path=C:\\Program Files\\apache-maven-3.9.2-bin\\apache-maven-3.9.2\\lib\\jansi-native -Dmaven.multiModuleProjectDirectory=c:\\Vishal x33\\GitHub 2024\\JAVATrainingProgramme\\Minor Project\\course-scheduling org.codehaus.plexus.classworlds.launcher.Launcher --version

Host: 11th Gen Intel(R) Core(TM) i7-11800H @ 2.30GHz, 16 cores, 15G,  Windows 11 , 64 bit Build 22621 (10.0.22621.3085)
Time: Fri Mar  8 16:54:14 2024 India Standard Time elapsed time: 0.008058 seconds (0d 0h 0m 0s)

---------------  T H R E A D  ---------------

Current thread (0x000001e9761a0140):  JavaThread "Unknown thread" [_thread_in_vm, id=3984, stack(0x0000005788600000,0x0000005788700000) (1024K)]

Stack: [0x0000005788600000,0x0000005788700000]
Native frames: (J=compiled Java code, j=interpreted, Vv=VM code, C=native code)
V  [jvm.dll+0x6c9029]
V  [jvm.dll+0x854b81]
V  [jvm.dll+0x856e5e]
V  [jvm.dll+0x857543]
V  [jvm.dll+0x280c06]
V  [jvm.dll+0x6c5715]
V  [jvm.dll+0x6ba10a]
V  [jvm.dll+0x3557ea]
V  [jvm.dll+0x35d436]
V  [jvm.dll+0x3ae1be]
V  [jvm.dll+0x3ae468]
V  [jvm.dll+0x3291fc]
V  [jvm.dll+0x329d8b]
V  [jvm.dll+0x81d179]
V  [jvm.dll+0x3bb4f1]
V  [jvm.dll+0x805ae8]
V  [jvm.dll+0x44effe]
V  [jvm.dll+0x450901]
C  [jli.dll+0x52a3]
C  [ucrtbase.dll+0x29363]
C  [KERNEL32.DLL+0x1257d]
C  [ntdll.dll+0x5aa58]


---------------  P R O C E S S  ---------------

Threads class SMR info:
_java_thread_list=0x00007ffa4a279b88, length=0, elements={
}

Java Threads: ( => current thread )
Total: 0

Other Threads:
  0x000001e976190140 WorkerThread "GC Thread#0"                     [id=7492, stack(0x0000005788700000,0x0000005788800000) (1024K)]
  0x000001e9783338a0 ConcurrentGCThread "G1 Main Marker"            [id=2404, stack(0x0000005788800000,0x0000005788900000) (1024K)]
  0x000001e97618f660 WorkerThread "G1 Conc#0"                       [id=12628, stack(0x0000005788900000,0x0000005788a00000) (1024K)]

[error occurred during error reporting (printing all threads), id 0xc0000005, EXCEPTION_ACCESS_VIOLATION (0xc0000005) at pc=0x00007ffa499ec2c7]
VM state: not at safepoint (not fully initialized)

VM Mutex/Monitor currently owned by a thread:  ([mutex/lock_event])
[0x00007ffa4a2ea6f8] Heap_lock - owner thread: 0x000001e9761a0140

Heap address: 0x0000000704a00000, size: 4022 MB, Compressed Oops mode: Zero based, Oop shift amount: 3

CDS archive(s) mapped at: [0x0000000000000000-0x0000000000000000-0x0000000000000000), size 0, SharedBaseAddress: 0x0000000800000000, ArchiveRelocationMode: 1.
Narrow klass base: 0x0000000000000000, Narrow klass shift: 0, Narrow klass range: 0x0

GC Precious Log:
 CardTable entry size: 512
 Card Set container configuration: InlinePtr #cards 4 size 8 Array Of Cards #cards 16 size 48 Howl #buckets 8 coarsen threshold 3686 Howl Bitmap #cards 512 size 80 coarsen threshold 460 Card regions per heap region 1 cards per card region 4096

Heap:
 garbage-first heap   total 0K, used 0K [0x0000000704a00000, 0x0000000800000000)
  region size 2048K, 0 young (0K), 0 survivors (0K)

[error occurred during error reporting (printing heap information), id 0xc0000005, EXCEPTION_ACCESS_VIOLATION (0xc0000005) at pc=0x00007ffa49dd1be9]
GC Heap History (0 events):
No events

Dll operation events (1 events):
Event: 0.004 Loaded shared library C:\Program Files\Java\jdk-21\bin\java.dll

Deoptimization events (0 events):
No events

Classes loaded (0 events):
No events

Classes unloaded (0 events):
No events

Classes redefined (0 events):
No events

Internal exceptions (0 events):
No events

ZGC Phase Switch (0 events):
No events

VM Operations (0 events):
No events

Events (0 events):
No events


Dynamic libraries:
0x00007ff7f1b40000 - 0x00007ff7f1b50000 	C:\Program Files\Java\jdk-21\bin\java.exe
0x00007ffaf0f90000 - 0x00007ffaf11a7000 	C:\WINDOWS\SYSTEM32\ntdll.dll
0x00007ffaf0c20000 - 0x00007ffaf0ce4000 	C:\WINDOWS\System32\KERNEL32.DLL
0x00007ffaee4a0000 - 0x00007ffaee846000 	C:\WINDOWS\System32\KERNELBASE.dll
0x00007ffaee380000 - 0x00007ffaee491000 	C:\WINDOWS\System32\ucrtbase.dll
0x00007ffae7670000 - 0x00007ffae7689000 	C:\Program Files\Java\jdk-21\bin\jli.dll
0x00007ffae7650000 - 0x00007ffae766b000 	C:\Program Files\Java\jdk-21\bin\VCRUNTIME140.dll
0x00007ffaf0000000 - 0x00007ffaf00b3000 	C:\WINDOWS\System32\ADVAPI32.dll
0x00007ffaef930000 - 0x00007ffaef9d7000 	C:\WINDOWS\System32\msvcrt.dll
0x00007ffaeed10000 - 0x00007ffaeedb8000 	C:\WINDOWS\System32\sechost.dll
0x00007ffaeebf0000 - 0x00007ffaeec18000 	C:\WINDOWS\System32\bcrypt.dll
0x00007ffaeedc0000 - 0x00007ffaeeed7000 	C:\WINDOWS\System32\RPCRT4.dll
0x00007ffaef6f0000 - 0x00007ffaef89e000 	C:\WINDOWS\System32\USER32.dll
0x00007ffaee350000 - 0x00007ffaee376000 	C:\WINDOWS\System32\win32u.dll
0x00007ffadf360000 - 0x00007ffadf5f3000 	C:\WINDOWS\WinSxS\amd64_microsoft.windows.common-controls_6595b64144ccf1df_6.0.22621.2506_none_270c5ae97388e100\COMCTL32.dll
0x00007ffaeece0000 - 0x00007ffaeed09000 	C:\WINDOWS\System32\GDI32.dll
0x00007ffaeea30000 - 0x00007ffaeeb48000 	C:\WINDOWS\System32\gdi32full.dll
0x00007ffaeeb50000 - 0x00007ffaeebea000 	C:\WINDOWS\System32\msvcp_win.dll
0x00007ffae6e90000 - 0x00007ffae6e9a000 	C:\WINDOWS\SYSTEM32\VERSION.dll
0x00007ffaf0e90000 - 0x00007ffaf0ec1000 	C:\WINDOWS\System32\IMM32.DLL
0x00007ffae9ae0000 - 0x00007ffae9aec000 	C:\Program Files\Java\jdk-21\bin\vcruntime140_1.dll
0x00007ffa4afb0000 - 0x00007ffa4b03e000 	C:\Program Files\Java\jdk-21\bin\msvcp140.dll
0x00007ffa496b0000 - 0x00007ffa4a3c5000 	C:\Program Files\Java\jdk-21\bin\server\jvm.dll
0x00007ffaf0ed0000 - 0x00007ffaf0f41000 	C:\WINDOWS\System32\WS2_32.dll
0x00007ffaed1c0000 - 0x00007ffaed20d000 	C:\WINDOWS\SYSTEM32\POWRPROF.dll
0x00007ffae7540000 - 0x00007ffae7574000 	C:\WINDOWS\SYSTEM32\WINMM.dll
0x00007ffaed120000 - 0x00007ffaed133000 	C:\WINDOWS\SYSTEM32\UMPDC.dll
0x00007ffaed3c0000 - 0x00007ffaed3d8000 	C:\WINDOWS\SYSTEM32\kernel.appcore.dll
0x00007ffae88b0000 - 0x00007ffae88ba000 	C:\Program Files\Java\jdk-21\bin\jimage.dll
0x00007ffaebbb0000 - 0x00007ffaebde3000 	C:\WINDOWS\SYSTEM32\DBGHELP.DLL
0x00007ffaefbb0000 - 0x00007ffaeff39000 	C:\WINDOWS\System32\combase.dll
0x00007ffaf0cf0000 - 0x00007ffaf0dc7000 	C:\WINDOWS\System32\OLEAUT32.dll
0x00007ffacd910000 - 0x00007ffacd942000 	C:\WINDOWS\SYSTEM32\dbgcore.DLL
0x00007ffaee2d0000 - 0x00007ffaee34a000 	C:\WINDOWS\System32\bcryptPrimitives.dll
0x00007ffae7630000 - 0x00007ffae764f000 	C:\Program Files\Java\jdk-21\bin\java.dll

dbghelp: loaded successfully - version: 4.0.5 - missing functions: none
symbol engine: initialized successfully - sym options: 0x614 - pdb path: .;C:\Program Files\Java\jdk-21\bin;C:\WINDOWS\SYSTEM32;C:\WINDOWS\WinSxS\amd64_microsoft.windows.common-controls_6595b64144ccf1df_6.0.22621.2506_none_270c5ae97388e100;C:\Program Files\Java\jdk-21\bin\server

VM Arguments:
jvm_args: -Dclassworlds.conf=C:\\Program Files\\apache-maven-3.9.2-bin\\apache-maven-3.9.2\\bin\\m2.conf -Dmaven.home=C:\\Program Files\\apache-maven-3.9.2-bin\\apache-maven-3.9.2 -Dlibrary.jansi.path=C:\\Program Files\\apache-maven-3.9.2-bin\\apache-maven-3.9.2\\lib\\jansi-native -Dmaven.multiModuleProjectDirectory=c:\\Vishal x33\\GitHub 2024\\JAVATrainingProgramme\\Minor Project\\course-scheduling 
java_command: org.codehaus.plexus.classworlds.launcher.Launcher --version
java_class_path (initial): C:\\Program Files\\apache-maven-3.9.2-bin\\apache-maven-3.9.2\\boot\\plexus-classworlds-2.7.0.jar
Launcher Type: SUN_STANDARD

[Global flags]
     intx CICompilerCount                          = 12                                        {product} {ergonomic}
     uint ConcGCThreads                            = 3                                         {product} {ergonomic}
     uint G1ConcRefinementThreads                  = 13                                        {product} {ergonomic}
   size_t G1HeapRegionSize                         = 2097152                                   {product} {ergonomic}
    uintx GCDrainStackTargetSize                   = 64                                        {product} {ergonomic}
   size_t InitialHeapSize                          = 264241152                                 {product} {ergonomic}
   size_t MarkStackSize                            = 4194304                                   {product} {ergonomic}
   size_t MaxHeapSize                              = 4217372672                                {product} {ergonomic}
   size_t MinHeapDeltaBytes                        = 2097152                                   {product} {ergonomic}
   size_t MinHeapSize                              = 8388608                                   {product} {ergonomic}
    uintx NonNMethodCodeHeapSize                   = 7602480                                {pd product} {ergonomic}
    uintx NonProfiledCodeHeapSize                  = 122027880                              {pd product} {ergonomic}
    uintx ProfiledCodeHeapSize                     = 122027880                              {pd product} {ergonomic}
    uintx ReservedCodeCacheSize                    = 251658240                              {pd product} {ergonomic}
     bool SegmentedCodeCache                       = true                                      {product} {ergonomic}
   size_t SoftMaxHeapSize                          = 4217372672                             {manageable} {ergonomic}
     bool UseCompressedOops                        = true                           {product lp64_product} {ergonomic}
     bool UseG1GC                                  = true                                      {product} {ergonomic}
     bool UseLargePagesIndividualAllocation        = false                                  {pd product} {ergonomic}

Logging:
Log output configuration:
 #0: stdout all=warning uptime,level,tags foldmultilines=false
 #1: stderr all=off uptime,level,tags foldmultilines=false

Environment Variables:
PATH=C:\Program Files\Common Files\Oracle\Java\javapath;C:\Windows\system32;C:\Windows;C:\Windows\System32\Wbem;C:\Windows\System32\WindowsPowerShell\v1.0\;C:\Windows\System32\OpenSSH\;C:\Program Files (x86)\NVIDIA Corporation\PhysX\Common;C:\Program Files\NVIDIA Corporation\NVIDIA NvDLISR;C:\WINDOWS\system32;C:\WINDOWS;C:\WINDOWS\System32\Wbem;C:\WINDOWS\System32\WindowsPowerShell\v1.0\;C:\WINDOWS\System32\OpenSSH\;C:\Program Files\Git\cmd;C:\Program Files\MySQL\MySQL Server 8.0\bin;C:\Program Files\dotnet\;C:\Program Files\PowerShell\7\;C:\Program Files\MySQL\MySQL Shell 8.0\bin\;C:\Users\raguv\AppData\Local\Microsoft\WindowsApps;C:\Program Files\JetBrains\IntelliJ IDEA Community Edition 2023.1\bin;;C:\Users\raguv\AppData\Local\GitHubDesktop\bin;C:\Program Files\Git\bin\;C:\Program Files\Git\cmd\;C:\Users\raguv\AppData\Local\Programs\Microsoft VS Code\bin;C:\Program Files\apache-maven-3.9.2-bin\apache-maven-3.9.2\bin;
USERNAME=brahmabull3
OS=Windows_NT
PROCESSOR_IDENTIFIER=Intel64 Family 6 Model 141 Stepping 1, GenuineIntel
TMP=C:\Users\raguv\AppData\Local\Temp
TEMP=C:\Users\raguv\AppData\Local\Temp




Periodic native trim disabled

---------------  S Y S T E M  ---------------

OS:
 Windows 11 , 64 bit Build 22621 (10.0.22621.3085)
OS uptime: 0 days 1:39 hours
Hyper-V role detected

CPU: total 16 (initial active 16) (8 cores per cpu, 2 threads per core) family 6 model 141 stepping 1 microcode 0x34, cx8, cmov, fxsr, ht, mmx, 3dnowpref, sse, sse2, sse3, ssse3, sse4.1, sse4.2, popcnt, lzcnt, tsc, tscinvbit, avx, avx2, aes, erms, clmul, bmi1, bmi2, adx, avx512f, avx512dq, avx512cd, avx512bw, avx512vl, sha, fma, vzeroupper, avx512_vpopcntdq, avx512_vpclmulqdq, avx512_vaes, avx512_vnni, clflush, clflushopt, clwb, avx512_vbmi2, avx512_vbmi, hv, rdtscp, rdpid, fsrm, gfni, avx512_bitalg, f16c, cet_ibt, cet_ss, avx512_ifma
Processor Information for all 16 processors :
  Max Mhz: 2301, Current Mhz: 2300, Mhz Limit: 2277

Memory: 4k page, system-wide physical 16085M (6709M free)
TotalPageFile size 18991M (AvailPageFile size 221M)
current process WorkingSet (physical memory assigned to process): 11M, peak: 11M
current process commit charge ("private bytes"): 71M, peak: 322M

vm_info: Java HotSpot(TM) 64-Bit Server VM (21.0.1+12-LTS-29) for windows-amd64 JRE (21.0.1+12-LTS-29), built on 2023-10-05T13:27:09Z by "mach5one" with MS VC++ 17.1 (VS2022)

END.
