#
# There is insufficient memory for the Java Runtime Environment to continue.
# Native memory allocation (malloc) failed to allocate 1918576 bytes for Chunk::new
# Possible reasons:
#   The system is out of physical RAM or swap space
#   The process is running with CompressedOops enabled, and the Java Heap may be blocking the growth of the native heap
# Possible solutions:
#   Reduce memory load on the system
#   Increase physical memory or swap space
#   Check if swap backing store is full
#   Decrease Java heap size (-Xmx/-Xms)
#   Decrease number of Java threads
#   Decrease Java thread stack sizes (-Xss)
#   Set larger code cache with -XX:ReservedCodeCacheSize=
#   JVM is running with Unscaled Compressed Oops mode in which the Java heap is
#     placed in the first 4GB address space. The Java Heap base address is the
#     maximum limit for the native heap growth. Please use -XX:HeapBaseMinAddress
#     to set the Java Heap base and to place the Java Heap above 4GB virtual address.
# This output file may be truncated or incomplete.
#
#  Out of Memory Error (arena.cpp:191), pid=320848, tid=328812
#
# JRE version: OpenJDK Runtime Environment Temurin-17.0.10+7 (17.0.10+7) (build 17.0.10+7)
# Java VM: OpenJDK 64-Bit Server VM Temurin-17.0.10+7 (17.0.10+7, mixed mode, tiered, compressed oops, compressed class ptrs, parallel gc, windows-amd64)
# No core dump will be written. Minidumps are not enabled by default on client versions of Windows
#

---------------  S U M M A R Y ------------

Command Line: --add-modules=ALL-SYSTEM --add-opens=java.base/java.util=ALL-UNNAMED --add-opens=java.base/java.lang=ALL-UNNAMED --add-opens=java.base/sun.nio.fs=ALL-UNNAMED -Declipse.application=org.eclipse.jdt.ls.core.id1 -Dosgi.bundles.defaultStartLevel=4 -Declipse.product=org.eclipse.jdt.ls.core.product -Djava.import.generatesMetadataFilesAtProjectRoot=false -DDetectVMInstallationsJob.disabled=true -Dfile.encoding=utf8 -XX:+UseParallelGC -XX:GCTimeRatio=4 -XX:AdaptiveSizePolicyWeight=90 -Dsun.zip.disableMemoryMapping=true -Xmx1G -Xms100m -Xlog:disable -javaagent:c:\Users\raguv\.vscode\extensions\redhat.java-1.28.1-win32-x64\lombok\lombok-1.18.31.jar c:\Users\raguv\.vscode\extensions\redhat.java-1.28.1-win32-x64\server\plugins\org.eclipse.equinox.launcher_1.6.700.v20231214-2017.jar -configuration c:\Users\raguv\AppData\Roaming\Code\User\globalStorage\redhat.java\1.28.1\config_ss_win -data c:\Users\raguv\AppData\Roaming\Code\User\workspaceStorage\3369feadbb714503eb105f69fa7612c8\redhat.java\ss_ws --stdio

Host: 11th Gen Intel(R) Core(TM) i7-11800H @ 2.30GHz, 16 cores, 15G,  Windows 11 , 64 bit Build 22621 (10.0.22621.3235)
Time: Wed Mar 20 16:38:51 2024 India Standard Time elapsed time: 3.580173 seconds (0d 0h 0m 3s)

---------------  T H R E A D  ---------------

Current thread (0x000001651b006370):  JavaThread "C2 CompilerThread0" daemon [_thread_in_native, id=328812, stack(0x0000001020200000,0x0000001020300000)]


Current CompileTask:
C2:   3580 4478   !   4       org.eclipse.osgi.internal.loader.classpath.ClasspathManager::findLocalClass (210 bytes)

Stack: [0x0000001020200000,0x0000001020300000]
Native frames: (J=compiled Java code, j=interpreted, Vv=VM code, C=native code)
V  [jvm.dll+0x67d2c9]
V  [jvm.dll+0x834afa]
V  [jvm.dll+0x8365be]
V  [jvm.dll+0x836c23]
V  [jvm.dll+0x2477ff]
V  [jvm.dll+0xac514]
V  [jvm.dll+0xacb5c]
V  [jvm.dll+0x366782]
V  [jvm.dll+0x1bcd86]
V  [jvm.dll+0x21a049]
V  [jvm.dll+0x219311]
V  [jvm.dll+0x1a502d]
V  [jvm.dll+0x2290de]
V  [jvm.dll+0x2272ac]
V  [jvm.dll+0x7e9bb7]
V  [jvm.dll+0x7e3fba]
V  [jvm.dll+0x67c1b5]
C  [ucrtbase.dll+0x29363]
C  [KERNEL32.DLL+0x1257d]
C  [ntdll.dll+0x5aa58]


---------------  P R O C E S S  ---------------

Threads class SMR info:
_java_thread_list=0x000001651eea3eb0, length=36, elements={
0x0000016502001020, 0x000001651afda020, 0x000001651afdb290, 0x0000016515e7bb00,
0x0000016515e7c5d0, 0x000001651affc6d0, 0x000001651affefb0, 0x000001651b006370,
0x000001651b00a180, 0x000001651b00aa90, 0x000001651b023440, 0x000001651b096ac0,
0x00000165020661f0, 0x000001651d13d730, 0x000001651d1d1e80, 0x000001651da60e80,
0x000001651dc2d760, 0x000001651dd2a070, 0x000001651d5d6ce0, 0x000001651dc6b860,
0x000001651dd1e020, 0x000001651dd1bcb0, 0x000001651dd1e530, 0x000001651ec146d0,
0x000001651e819c10, 0x000001651dd1c6d0, 0x000001651dd1cbe0, 0x000001651dd1d0f0,
0x000001651dd1b7a0, 0x000001651f289270, 0x000001651f47e4f0, 0x000001651f3184a0,
0x000001651dd1b290, 0x000001651dd1d600, 0x000001651dd1db10, 0x000001651f303710
}

Java Threads: ( => current thread )
  0x0000016502001020 JavaThread "main" [_thread_blocked, id=328620, stack(0x000000101f900000,0x000000101fa00000)]
  0x000001651afda020 JavaThread "Reference Handler" daemon [_thread_blocked, id=328708, stack(0x000000101fc00000,0x000000101fd00000)]
  0x000001651afdb290 JavaThread "Finalizer" daemon [_thread_blocked, id=328712, stack(0x000000101fd00000,0x000000101fe00000)]
  0x0000016515e7bb00 JavaThread "Signal Dispatcher" daemon [_thread_blocked, id=328748, stack(0x000000101fe00000,0x000000101ff00000)]
  0x0000016515e7c5d0 JavaThread "Attach Listener" daemon [_thread_blocked, id=329048, stack(0x000000101ff00000,0x0000001020000000)]
  0x000001651affc6d0 JavaThread "Service Thread" daemon [_thread_blocked, id=328740, stack(0x0000001020000000,0x0000001020100000)]
  0x000001651affefb0 JavaThread "Monitor Deflation Thread" daemon [_thread_blocked, id=328776, stack(0x0000001020100000,0x0000001020200000)]
=>0x000001651b006370 JavaThread "C2 CompilerThread0" daemon [_thread_in_native, id=328812, stack(0x0000001020200000,0x0000001020300000)]
  0x000001651b00a180 JavaThread "C1 CompilerThread0" daemon [_thread_blocked, id=328728, stack(0x0000001020300000,0x0000001020400000)]
  0x000001651b00aa90 JavaThread "Sweeper thread" daemon [_thread_blocked, id=328796, stack(0x0000001020400000,0x0000001020500000)]
  0x000001651b023440 JavaThread "C1 CompilerThread1" daemon [_thread_blocked, id=328744, stack(0x0000001020500000,0x0000001020600000)]
  0x000001651b096ac0 JavaThread "C1 CompilerThread2" daemon [_thread_blocked, id=329200, stack(0x0000001020600000,0x0000001020700000)]
  0x00000165020661f0 JavaThread "Common-Cleaner" daemon [_thread_blocked, id=328800, stack(0x0000001020700000,0x0000001020800000)]
  0x000001651d13d730 JavaThread "C1 CompilerThread3" daemon [_thread_blocked, id=329080, stack(0x0000001020a00000,0x0000001020b00000)]
  0x000001651d1d1e80 JavaThread "Notification Thread" daemon [_thread_blocked, id=329148, stack(0x0000001020b00000,0x0000001020c00000)]
  0x000001651da60e80 JavaThread "Active Thread: Equinox Container: fde601b7-d2b1-411a-8cf6-1768c7765984" [_thread_blocked, id=310020, stack(0x0000001021200000,0x0000001021300000)]
  0x000001651dc2d760 JavaThread "Framework Event Dispatcher: Equinox Container: fde601b7-d2b1-411a-8cf6-1768c7765984" daemon [_thread_blocked, id=329512, stack(0x0000001021300000,0x0000001021400000)]
  0x000001651dd2a070 JavaThread "Start Level: Equinox Container: fde601b7-d2b1-411a-8cf6-1768c7765984" daemon [_thread_blocked, id=329000, stack(0x0000001021400000,0x0000001021500000)]
  0x000001651d5d6ce0 JavaThread "SCR Component Actor" daemon [_thread_blocked, id=329240, stack(0x0000001021500000,0x0000001021600000)]
  0x000001651dc6b860 JavaThread "SCR Component Registry" daemon [_thread_blocked, id=329472, stack(0x0000001021800000,0x0000001021900000)]
  0x000001651dd1e020 JavaThread "Worker-JM" [_thread_blocked, id=328052, stack(0x0000001021900000,0x0000001021a00000)]
  0x000001651dd1bcb0 JavaThread "Worker-0" [_thread_blocked, id=329236, stack(0x0000001021c00000,0x0000001021d00000)]
  0x000001651dd1e530 JavaThread "Worker-1" [_thread_blocked, id=329508, stack(0x0000001021d00000,0x0000001021e00000)]
  0x000001651ec146d0 JavaThread "C2 CompilerThread1" daemon [_thread_blocked, id=329820, stack(0x0000001020800000,0x0000001020900000)]
  0x000001651e819c10 JavaThread "C2 CompilerThread2" daemon [_thread_blocked, id=329888, stack(0x0000001020900000,0x0000001020a00000)]
  0x000001651dd1c6d0 JavaThread "JNA Cleaner" daemon [_thread_blocked, id=329840, stack(0x0000001022100000,0x0000001022200000)]
  0x000001651dd1cbe0 JavaThread "pool-2-thread-1" [_thread_blocked, id=329836, stack(0x0000001022200000,0x0000001022300000)]
  0x000001651dd1d0f0 JavaThread "WorkspaceEventsHandler" [_thread_blocked, id=329948, stack(0x0000001022300000,0x0000001022400000)]
  0x000001651dd1b7a0 JavaThread "pool-1-thread-1" [_thread_blocked, id=329916, stack(0x0000001022400000,0x0000001022500000)]
  0x000001651f289270 JavaThread "C2 CompilerThread3" daemon [_thread_blocked, id=329940, stack(0x0000001022500000,0x0000001022600000)]
  0x000001651f47e4f0 JavaThread "C2 CompilerThread4" daemon [_thread_blocked, id=329932, stack(0x0000001022600000,0x0000001022700000)]
  0x000001651f3184a0 JavaThread "C2 CompilerThread5" daemon [_thread_blocked, id=329936, stack(0x0000001022700000,0x0000001022800000)]
  0x000001651dd1b290 JavaThread "Worker-2" [_thread_blocked, id=330024, stack(0x0000001022a00000,0x0000001022b00000)]
  0x000001651dd1d600 JavaThread "ForkJoinPool.commonPool-worker-1" daemon [_thread_blocked, id=329996, stack(0x0000001022b00000,0x0000001022c00000)]
  0x000001651dd1db10 JavaThread "ForkJoinPool.commonPool-worker-2" daemon [_thread_in_native, id=330204, stack(0x0000001022c00000,0x0000001022d00000)]
  0x000001651f303710 JavaThread "ForkJoinPool.commonPool-worker-3" daemon [_thread_blocked, id=330088, stack(0x0000001022d00000,0x0000001022e00000)]

Other Threads:
  0x000001651afc6600 VMThread "VM Thread" [stack: 0x000000101fb00000,0x000000101fc00000] [id=328768]
  0x000001651d1c7ea0 WatcherThread [stack: 0x0000001020c00000,0x0000001020d00000] [id=329108]
  0x00000165020179e0 GCTaskThread "GC Thread#0" [stack: 0x000000101fa00000,0x000000101fb00000] [id=321384]
  0x000001651d5f0d10 GCTaskThread "GC Thread#1" [stack: 0x0000001020d00000,0x0000001020e00000] [id=329500]
  0x000001651d483300 GCTaskThread "GC Thread#2" [stack: 0x0000001020e00000,0x0000001020f00000] [id=329460]
  0x000001651d7d31b0 GCTaskThread "GC Thread#3" [stack: 0x0000001020f00000,0x0000001021000000] [id=329504]
  0x000001651d7d3470 GCTaskThread "GC Thread#4" [stack: 0x0000001021000000,0x0000001021100000] [id=329492]
  0x000001651d7d3730 GCTaskThread "GC Thread#5" [stack: 0x0000001021100000,0x0000001021200000] [id=329560]
  0x000001651da46b90 GCTaskThread "GC Thread#6" [stack: 0x0000001021600000,0x0000001021700000] [id=329468]
  0x000001651daa11e0 GCTaskThread "GC Thread#7" [stack: 0x0000001021700000,0x0000001021800000] [id=321948]
  0x000001651de63a10 GCTaskThread "GC Thread#8" [stack: 0x0000001021a00000,0x0000001021b00000] [id=321944]
  0x000001651decece0 GCTaskThread "GC Thread#9" [stack: 0x0000001021b00000,0x0000001021c00000] [id=329276]
  0x000001651db77c50 GCTaskThread "GC Thread#10" [stack: 0x0000001021e00000,0x0000001021f00000] [id=329684]
  0x000001651e89ecf0 GCTaskThread "GC Thread#11" [stack: 0x0000001021f00000,0x0000001022000000] [id=328928]
  0x000001651e08da60 GCTaskThread "GC Thread#12" [stack: 0x0000001022000000,0x0000001022100000] [id=329832]

Threads with active compile tasks:
C2 CompilerThread0     3590 4478   !   4       org.eclipse.osgi.internal.loader.classpath.ClasspathManager::findLocalClass (210 bytes)
C1 CompilerThread2     3590 4582       1       lombok.core.LombokNode::down (5 bytes)

VM state: not at safepoint (normal execution)

VM Mutex/Monitor currently owned by a thread: None

Heap address: 0x00000000c0000000, size: 1024 MB, Compressed Oops mode: 32-bit

CDS archive(s) not mapped
Compressed class space mapped at: 0x0000000100000000-0x0000000140000000, reserved size: 1073741824
Narrow klass base: 0x0000000000000000, Narrow klass shift: 3, Narrow klass range: 0x140000000

GC Precious Log:
 CPUs: 16 total, 16 available
 Memory: 16085M
 Large Page Support: Disabled
 NUMA Support: Disabled
 Compressed Oops: Enabled (32-bit)
 Alignments: Space 512K, Generation 512K, Heap 2M
 Heap Min Capacity: 100M
 Heap Initial Capacity: 100M
 Heap Max Capacity: 1G
 Pre-touch: Disabled
 Parallel Workers: 13

Heap:
 PSYoungGen      total 23040K, used 1524K [0x00000000eab00000, 0x00000000ec380000, 0x0000000100000000)
  eden space 22016K, 4% used [0x00000000eab00000,0x00000000eabdd050,0x00000000ec080000)
  from space 1024K, 62% used [0x00000000ec180000,0x00000000ec220020,0x00000000ec280000)
  to   space 1024K, 0% used [0x00000000ec280000,0x00000000ec280000,0x00000000ec380000)
 ParOldGen       total 68608K, used 26849K [0x00000000c0000000, 0x00000000c4300000, 0x00000000eab00000)
  object space 68608K, 39% used [0x00000000c0000000,0x00000000c1a38620,0x00000000c4300000)
 Metaspace       used 42249K, committed 42944K, reserved 1114112K
  class space    used 4277K, committed 4608K, reserved 1048576K

Card table byte_map: [0x00000165019b0000,0x0000016501bc0000] _byte_map_base: 0x00000165013b0000

Marking Bits: (ParMarkBitMap*) 0x00007ff97c65d7d0
 Begin Bits: [0x0000016513c80000, 0x0000016514c80000)
 End Bits:   [0x0000016514c80000, 0x0000016515c80000)

Polling page: 0x00000165017a0000

Metaspace:

Usage:
  Non-class:     37.08 MB used.
      Class:      4.18 MB used.
       Both:     41.26 MB used.

Virtual space:
  Non-class space:       64.00 MB reserved,      37.44 MB ( 58%) committed,  1 nodes.
      Class space:        1.00 GB reserved,       4.50 MB ( <1%) committed,  1 nodes.
             Both:        1.06 GB reserved,      41.94 MB (  4%) committed. 

Chunk freelists:
   Non-Class:  10.33 MB
       Class:  11.45 MB
        Both:  21.78 MB

MaxMetaspaceSize: unlimited
CompressedClassSpaceSize: 1.00 GB
Initial GC threshold: 21.00 MB
Current GC threshold: 58.38 MB
CDS: off
MetaspaceReclaimPolicy: balanced
 - commit_granule_bytes: 65536.
 - commit_granule_words: 8192.
 - virtual_space_node_default_size: 8388608.
 - enlarge_chunks_in_place: 1.
 - new_chunks_are_fully_committed: 0.
 - uncommit_free_chunks: 1.
 - use_allocation_guard: 0.
 - handle_deallocations: 1.


Internal statistics:

num_allocs_failed_limit: 6.
num_arena_births: 378.
num_arena_deaths: 14.
num_vsnodes_births: 2.
num_vsnodes_deaths: 0.
num_space_committed: 671.
num_space_uncommitted: 0.
num_chunks_returned_to_freelist: 20.
num_chunks_taken_from_freelist: 1738.
num_chunk_merges: 12.
num_chunk_splits: 1135.
num_chunks_enlarged: 754.
num_inconsistent_stats: 0.

CodeHeap 'non-profiled nmethods': size=119168Kb used=2404Kb max_used=2404Kb free=116763Kb
 bounds [0x000001650c820000, 0x000001650ca90000, 0x0000016513c80000]
CodeHeap 'profiled nmethods': size=119104Kb used=10418Kb max_used=10418Kb free=108685Kb
 bounds [0x0000016504c80000, 0x00000165056b0000, 0x000001650c0d0000]
CodeHeap 'non-nmethods': size=7488Kb used=2998Kb max_used=3034Kb free=4489Kb
 bounds [0x000001650c0d0000, 0x000001650c3d0000, 0x000001650c820000]
 total_blobs=5214 nmethods=4582 adapters=542
 compilation: enabled
              stopped_count=0, restarted_count=0
 full_count=0

Compilation events (20 events):
Event: 3.515 Thread 0x000001651d13d730 nmethod 4563 0x00000165056a0790 code [0x00000165056a0980, 0x00000165056a0d88]
Event: 3.516 Thread 0x000001651b023440 nmethod 4564 0x00000165056a0f10 code [0x00000165056a1260, 0x00000165056a2a38]
Event: 3.527 Thread 0x000001651b00a180 4565   !   3       sun.net.www.protocol.jar.Handler::parseAbsoluteSpec (85 bytes)
Event: 3.527 Thread 0x000001651b00a180 nmethod 4565 0x00000165056a3290 code [0x00000165056a3580, 0x00000165056a42b8]
Event: 3.528 Thread 0x000001651b00a180 4566       3       sun.reflect.generics.parser.SignatureParser::parseZeroOrMoreFormalTypeParameters (19 bytes)
Event: 3.528 Thread 0x000001651b00a180 nmethod 4566 0x00000165056a4810 code [0x00000165056a49c0, 0x00000165056a4c38]
Event: 3.530 Thread 0x000001651f47e4f0 4567       4       java.lang.CharacterDataLatin1::getType (11 bytes)
Event: 3.530 Thread 0x000001651f47e4f0 nmethod 4567 0x000001650ca77d10 code [0x000001650ca77e80, 0x000001650ca77f38]
Event: 3.535 Thread 0x000001651b023440 4568       3       jdk.internal.reflect.ClassFileAssembler::emitConstantPoolNameAndType (28 bytes)
Event: 3.535 Thread 0x000001651b096ac0 4569       1       jdk.internal.reflect.ClassFileAssembler::getStack (5 bytes)
Event: 3.535 Thread 0x000001651b096ac0 nmethod 4569 0x000001650ca78010 code [0x000001650ca781a0, 0x000001650ca78278]
Event: 3.535 Thread 0x000001651b023440 nmethod 4568 0x00000165056a4d10 code [0x00000165056a4f40, 0x00000165056a55c8]
Event: 3.537 Thread 0x000001651d13d730 4570   !   3       lombok.launch.PackageShader::reverseResourceName (126 bytes)
Event: 3.538 Thread 0x000001651d13d730 nmethod 4570 0x00000165056a5990 code [0x00000165056a5ca0, 0x00000165056a6e58]
Event: 3.541 Thread 0x000001651b096ac0 4571       3       java.util.TreeMap::put (221 bytes)
Event: 3.541 Thread 0x000001651b096ac0 nmethod 4571 0x00000165056a7810 code [0x00000165056a7a60, 0x00000165056a85a8]
Event: 3.570 Thread 0x000001651b023440 4572       3       java.io.File::getParentFile (41 bytes)
Event: 3.570 Thread 0x000001651b023440 nmethod 4572 0x00000165056a8890 code [0x00000165056a8a60, 0x00000165056a8e38]
Event: 3.577 Thread 0x000001651b00a180 4573   !   3       org.eclipse.osgi.internal.loader.BundleLoader::findDynamicSource (173 bytes)
Event: 3.578 Thread 0x000001651b00a180 nmethod 4573 0x00000165056a8f90 code [0x00000165056a9380, 0x00000165056aab18]

GC Heap History (20 events):
Event: 2.676 GC heap before
{Heap before GC invocations=9 (full 1):
 PSYoungGen      total 26624K, used 26594K [0x00000000eab00000, 0x00000000ecc80000, 0x0000000100000000)
  eden space 24064K, 100% used [0x00000000eab00000,0x00000000ec280000,0x00000000ec280000)
  from space 2560K, 98% used [0x00000000ec300000,0x00000000ec578bb0,0x00000000ec580000)
  to   space 5120K, 0% used [0x00000000ec780000,0x00000000ec780000,0x00000000ecc80000)
 ParOldGen       total 68608K, used 9456K [0x00000000c0000000, 0x00000000c4300000, 0x00000000eab00000)
  object space 68608K, 13% used [0x00000000c0000000,0x00000000c093c090,0x00000000c4300000)
 Metaspace       used 34943K, committed 35520K, reserved 1114112K
  class space    used 3510K, committed 3776K, reserved 1048576K
}
Event: 2.678 GC heap after
{Heap after GC invocations=9 (full 1):
 PSYoungGen      total 28160K, used 4133K [0x00000000eab00000, 0x00000000ecc00000, 0x0000000100000000)
  eden space 23552K, 0% used [0x00000000eab00000,0x00000000eab00000,0x00000000ec200000)
  from space 4608K, 89% used [0x00000000ec780000,0x00000000ecb89608,0x00000000ecc00000)
  to   space 4608K, 0% used [0x00000000ec300000,0x00000000ec300000,0x00000000ec780000)
 ParOldGen       total 68608K, used 9464K [0x00000000c0000000, 0x00000000c4300000, 0x00000000eab00000)
  object space 68608K, 13% used [0x00000000c0000000,0x00000000c093e090,0x00000000c4300000)
 Metaspace       used 34943K, committed 35520K, reserved 1114112K
  class space    used 3510K, committed 3776K, reserved 1048576K
}
Event: 2.697 GC heap before
{Heap before GC invocations=10 (full 1):
 PSYoungGen      total 28160K, used 6573K [0x00000000eab00000, 0x00000000ecc00000, 0x0000000100000000)
  eden space 23552K, 10% used [0x00000000eab00000,0x00000000ead61e80,0x00000000ec200000)
  from space 4608K, 89% used [0x00000000ec780000,0x00000000ecb89608,0x00000000ecc00000)
  to   space 4608K, 0% used [0x00000000ec300000,0x00000000ec300000,0x00000000ec780000)
 ParOldGen       total 68608K, used 9464K [0x00000000c0000000, 0x00000000c4300000, 0x00000000eab00000)
  object space 68608K, 13% used [0x00000000c0000000,0x00000000c093e090,0x00000000c4300000)
 Metaspace       used 35267K, committed 35840K, reserved 1114112K
  class space    used 3552K, committed 3840K, reserved 1048576K
}
Event: 2.699 GC heap after
{Heap after GC invocations=10 (full 1):
 PSYoungGen      total 27648K, used 3764K [0x00000000eab00000, 0x00000000eca00000, 0x0000000100000000)
  eden space 23552K, 0% used [0x00000000eab00000,0x00000000eab00000,0x00000000ec200000)
  from space 4096K, 91% used [0x00000000ec300000,0x00000000ec6ad1c8,0x00000000ec700000)
  to   space 3072K, 0% used [0x00000000ec700000,0x00000000ec700000,0x00000000eca00000)
 ParOldGen       total 68608K, used 10308K [0x00000000c0000000, 0x00000000c4300000, 0x00000000eab00000)
  object space 68608K, 15% used [0x00000000c0000000,0x00000000c0a110d8,0x00000000c4300000)
 Metaspace       used 35267K, committed 35840K, reserved 1114112K
  class space    used 3552K, committed 3840K, reserved 1048576K
}
Event: 2.699 GC heap before
{Heap before GC invocations=11 (full 2):
 PSYoungGen      total 27648K, used 3764K [0x00000000eab00000, 0x00000000eca00000, 0x0000000100000000)
  eden space 23552K, 0% used [0x00000000eab00000,0x00000000eab00000,0x00000000ec200000)
  from space 4096K, 91% used [0x00000000ec300000,0x00000000ec6ad1c8,0x00000000ec700000)
  to   space 3072K, 0% used [0x00000000ec700000,0x00000000ec700000,0x00000000eca00000)
 ParOldGen       total 68608K, used 10308K [0x00000000c0000000, 0x00000000c4300000, 0x00000000eab00000)
  object space 68608K, 15% used [0x00000000c0000000,0x00000000c0a110d8,0x00000000c4300000)
 Metaspace       used 35267K, committed 35840K, reserved 1114112K
  class space    used 3552K, committed 3840K, reserved 1048576K
}
Event: 2.709 GC heap after
{Heap after GC invocations=11 (full 2):
 PSYoungGen      total 27648K, used 0K [0x00000000eab00000, 0x00000000eca00000, 0x0000000100000000)
  eden space 23552K, 0% used [0x00000000eab00000,0x00000000eab00000,0x00000000ec200000)
  from space 4096K, 0% used [0x00000000ec300000,0x00000000ec300000,0x00000000ec700000)
  to   space 3072K, 0% used [0x00000000ec700000,0x00000000ec700000,0x00000000eca00000)
 ParOldGen       total 68608K, used 12800K [0x00000000c0000000, 0x00000000c4300000, 0x00000000eab00000)
  object space 68608K, 18% used [0x00000000c0000000,0x00000000c0c80250,0x00000000c4300000)
 Metaspace       used 35267K, committed 35840K, reserved 1114112K
  class space    used 3552K, committed 3840K, reserved 1048576K
}
Event: 2.840 GC heap before
{Heap before GC invocations=12 (full 2):
 PSYoungGen      total 27648K, used 23552K [0x00000000eab00000, 0x00000000eca00000, 0x0000000100000000)
  eden space 23552K, 100% used [0x00000000eab00000,0x00000000ec200000,0x00000000ec200000)
  from space 4096K, 0% used [0x00000000ec300000,0x00000000ec300000,0x00000000ec700000)
  to   space 3072K, 0% used [0x00000000ec700000,0x00000000ec700000,0x00000000eca00000)
 ParOldGen       total 68608K, used 12800K [0x00000000c0000000, 0x00000000c4300000, 0x00000000eab00000)
  object space 68608K, 18% used [0x00000000c0000000,0x00000000c0c80250,0x00000000c4300000)
 Metaspace       used 36801K, committed 37504K, reserved 1114112K
  class space    used 3731K, committed 4032K, reserved 1048576K
}
Event: 2.841 GC heap after
{Heap after GC invocations=12 (full 2):
 PSYoungGen      total 25600K, used 2304K [0x00000000eab00000, 0x00000000ec980000, 0x0000000100000000)
  eden space 23040K, 0% used [0x00000000eab00000,0x00000000eab00000,0x00000000ec180000)
  from space 2560K, 90% used [0x00000000ec700000,0x00000000ec940040,0x00000000ec980000)
  to   space 3072K, 0% used [0x00000000ec380000,0x00000000ec380000,0x00000000ec680000)
 ParOldGen       total 68608K, used 12808K [0x00000000c0000000, 0x00000000c4300000, 0x00000000eab00000)
  object space 68608K, 18% used [0x00000000c0000000,0x00000000c0c82250,0x00000000c4300000)
 Metaspace       used 36801K, committed 37504K, reserved 1114112K
  class space    used 3731K, committed 4032K, reserved 1048576K
}
Event: 2.909 GC heap before
{Heap before GC invocations=13 (full 2):
 PSYoungGen      total 25600K, used 25344K [0x00000000eab00000, 0x00000000ec980000, 0x0000000100000000)
  eden space 23040K, 100% used [0x00000000eab00000,0x00000000ec180000,0x00000000ec180000)
  from space 2560K, 90% used [0x00000000ec700000,0x00000000ec940040,0x00000000ec980000)
  to   space 3072K, 0% used [0x00000000ec380000,0x00000000ec380000,0x00000000ec680000)
 ParOldGen       total 68608K, used 12808K [0x00000000c0000000, 0x00000000c4300000, 0x00000000eab00000)
  object space 68608K, 18% used [0x00000000c0000000,0x00000000c0c82250,0x00000000c4300000)
 Metaspace       used 37002K, committed 37696K, reserved 1114112K
  class space    used 3750K, committed 4096K, reserved 1048576K
}
Event: 2.911 GC heap after
{Heap after GC invocations=13 (full 2):
 PSYoungGen      total 25088K, used 2400K [0x00000000eab00000, 0x00000000ec780000, 0x0000000100000000)
  eden space 22528K, 0% used [0x00000000eab00000,0x00000000eab00000,0x00000000ec100000)
  from space 2560K, 93% used [0x00000000ec380000,0x00000000ec5d8010,0x00000000ec600000)
  to   space 1536K, 0% used [0x00000000ec600000,0x00000000ec600000,0x00000000ec780000)
 ParOldGen       total 68608K, used 14851K [0x00000000c0000000, 0x00000000c4300000, 0x00000000eab00000)
  object space 68608K, 21% used [0x00000000c0000000,0x00000000c0e80c20,0x00000000c4300000)
 Metaspace       used 37002K, committed 37696K, reserved 1114112K
  class space    used 3750K, committed 4096K, reserved 1048576K
}
Event: 2.957 GC heap before
{Heap before GC invocations=14 (full 2):
 PSYoungGen      total 25088K, used 24928K [0x00000000eab00000, 0x00000000ec780000, 0x0000000100000000)
  eden space 22528K, 100% used [0x00000000eab00000,0x00000000ec100000,0x00000000ec100000)
  from space 2560K, 93% used [0x00000000ec380000,0x00000000ec5d8010,0x00000000ec600000)
  to   space 1536K, 0% used [0x00000000ec600000,0x00000000ec600000,0x00000000ec780000)
 ParOldGen       total 68608K, used 14851K [0x00000000c0000000, 0x00000000c4300000, 0x00000000eab00000)
  object space 68608K, 21% used [0x00000000c0000000,0x00000000c0e80c20,0x00000000c4300000)
 Metaspace       used 37069K, committed 37760K, reserved 1114112K
  class space    used 3762K, committed 4096K, reserved 1048576K
}
Event: 2.960 GC heap after
{Heap after GC invocations=14 (full 2):
 PSYoungGen      total 23552K, used 1536K [0x00000000eab00000, 0x00000000eca80000, 0x0000000100000000)
  eden space 22016K, 0% used [0x00000000eab00000,0x00000000eab00000,0x00000000ec080000)
  from space 1536K, 100% used [0x00000000ec600000,0x00000000ec780000,0x00000000ec780000)
  to   space 5120K, 0% used [0x00000000ec080000,0x00000000ec080000,0x00000000ec580000)
 ParOldGen       total 68608K, used 17771K [0x00000000c0000000, 0x00000000c4300000, 0x00000000eab00000)
  object space 68608K, 25% used [0x00000000c0000000,0x00000000c115ac30,0x00000000c4300000)
 Metaspace       used 37069K, committed 37760K, reserved 1114112K
  class space    used 3762K, committed 4096K, reserved 1048576K
}
Event: 2.989 GC heap before
{Heap before GC invocations=15 (full 2):
 PSYoungGen      total 23552K, used 23552K [0x00000000eab00000, 0x00000000eca80000, 0x0000000100000000)
  eden space 22016K, 100% used [0x00000000eab00000,0x00000000ec080000,0x00000000ec080000)
  from space 1536K, 100% used [0x00000000ec600000,0x00000000ec780000,0x00000000ec780000)
  to   space 5120K, 0% used [0x00000000ec080000,0x00000000ec080000,0x00000000ec580000)
 ParOldGen       total 68608K, used 17771K [0x00000000c0000000, 0x00000000c4300000, 0x00000000eab00000)
  object space 68608K, 25% used [0x00000000c0000000,0x00000000c115ac30,0x00000000c4300000)
 Metaspace       used 37069K, committed 37760K, reserved 1114112K
  class space    used 3762K, committed 4096K, reserved 1048576K
}
Event: 2.992 GC heap after
{Heap after GC invocations=15 (full 2):
 PSYoungGen      total 25088K, used 2592K [0x00000000eab00000, 0x00000000ec780000, 0x0000000100000000)
  eden space 22016K, 0% used [0x00000000eab00000,0x00000000eab00000,0x00000000ec080000)
  from space 3072K, 84% used [0x00000000ec080000,0x00000000ec308000,0x00000000ec380000)
  to   space 3584K, 0% used [0x00000000ec400000,0x00000000ec400000,0x00000000ec780000)
 ParOldGen       total 68608K, used 19347K [0x00000000c0000000, 0x00000000c4300000, 0x00000000eab00000)
  object space 68608K, 28% used [0x00000000c0000000,0x00000000c12e4ea0,0x00000000c4300000)
 Metaspace       used 37069K, committed 37760K, reserved 1114112K
  class space    used 3762K, committed 4096K, reserved 1048576K
}
Event: 3.020 GC heap before
{Heap before GC invocations=16 (full 2):
 PSYoungGen      total 25088K, used 24608K [0x00000000eab00000, 0x00000000ec780000, 0x0000000100000000)
  eden space 22016K, 100% used [0x00000000eab00000,0x00000000ec080000,0x00000000ec080000)
  from space 3072K, 84% used [0x00000000ec080000,0x00000000ec308000,0x00000000ec380000)
  to   space 3584K, 0% used [0x00000000ec400000,0x00000000ec400000,0x00000000ec780000)
 ParOldGen       total 68608K, used 19347K [0x00000000c0000000, 0x00000000c4300000, 0x00000000eab00000)
  object space 68608K, 28% used [0x00000000c0000000,0x00000000c12e4ea0,0x00000000c4300000)
 Metaspace       used 37069K, committed 37760K, reserved 1114112K
  class space    used 3762K, committed 4096K, reserved 1048576K
}
Event: 3.023 GC heap after
{Heap after GC invocations=16 (full 2):
 PSYoungGen      total 25088K, used 2624K [0x00000000eab00000, 0x00000000ec700000, 0x0000000100000000)
  eden space 22016K, 0% used [0x00000000eab00000,0x00000000eab00000,0x00000000ec080000)
  from space 3072K, 85% used [0x00000000ec400000,0x00000000ec690010,0x00000000ec700000)
  to   space 3072K, 0% used [0x00000000ec080000,0x00000000ec080000,0x00000000ec380000)
 ParOldGen       total 68608K, used 21787K [0x00000000c0000000, 0x00000000c4300000, 0x00000000eab00000)
  object space 68608K, 31% used [0x00000000c0000000,0x00000000c1546ea0,0x00000000c4300000)
 Metaspace       used 37069K, committed 37760K, reserved 1114112K
  class space    used 3762K, committed 4096K, reserved 1048576K
}
Event: 3.238 GC heap before
{Heap before GC invocations=17 (full 2):
 PSYoungGen      total 25088K, used 24634K [0x00000000eab00000, 0x00000000ec700000, 0x0000000100000000)
  eden space 22016K, 99% used [0x00000000eab00000,0x00000000ec07e918,0x00000000ec080000)
  from space 3072K, 85% used [0x00000000ec400000,0x00000000ec690010,0x00000000ec700000)
  to   space 3072K, 0% used [0x00000000ec080000,0x00000000ec080000,0x00000000ec380000)
 ParOldGen       total 68608K, used 21787K [0x00000000c0000000, 0x00000000c4300000, 0x00000000eab00000)
  object space 68608K, 31% used [0x00000000c0000000,0x00000000c1546ea0,0x00000000c4300000)
 Metaspace       used 39062K, committed 39808K, reserved 1114112K
  class space    used 3974K, committed 4352K, reserved 1048576K
}
Event: 3.241 GC heap after
{Heap after GC invocations=17 (full 2):
 PSYoungGen      total 24064K, used 1920K [0x00000000eab00000, 0x00000000ec580000, 0x0000000100000000)
  eden space 22016K, 0% used [0x00000000eab00000,0x00000000eab00000,0x00000000ec080000)
  from space 2048K, 93% used [0x00000000ec080000,0x00000000ec260000,0x00000000ec280000)
  to   space 2560K, 0% used [0x00000000ec300000,0x00000000ec300000,0x00000000ec580000)
 ParOldGen       total 68608K, used 24214K [0x00000000c0000000, 0x00000000c4300000, 0x00000000eab00000)
  object space 68608K, 35% used [0x00000000c0000000,0x00000000c17a5a88,0x00000000c4300000)
 Metaspace       used 39062K, committed 39808K, reserved 1114112K
  class space    used 3974K, committed 4352K, reserved 1048576K
}
Event: 3.394 GC heap before
{Heap before GC invocations=18 (full 2):
 PSYoungGen      total 24064K, used 23936K [0x00000000eab00000, 0x00000000ec580000, 0x0000000100000000)
  eden space 22016K, 100% used [0x00000000eab00000,0x00000000ec080000,0x00000000ec080000)
  from space 2048K, 93% used [0x00000000ec080000,0x00000000ec260000,0x00000000ec280000)
  to   space 2560K, 0% used [0x00000000ec300000,0x00000000ec300000,0x00000000ec580000)
 ParOldGen       total 68608K, used 24214K [0x00000000c0000000, 0x00000000c4300000, 0x00000000eab00000)
  object space 68608K, 35% used [0x00000000c0000000,0x00000000c17a5a88,0x00000000c4300000)
 Metaspace       used 40689K, committed 41472K, reserved 1114112K
  class space    used 4127K, committed 4480K, reserved 1048576K
}
Event: 3.395 GC heap after
{Heap after GC invocations=18 (full 2):
 PSYoungGen      total 23552K, used 1080K [0x00000000eab00000, 0x00000000ec480000, 0x0000000100000000)
  eden space 22016K, 0% used [0x00000000eab00000,0x00000000eab00000,0x00000000ec080000)
  from space 1536K, 70% used [0x00000000ec300000,0x00000000ec40e248,0x00000000ec480000)
  to   space 1536K, 0% used [0x00000000ec180000,0x00000000ec180000,0x00000000ec300000)
 ParOldGen       total 68608K, used 25918K [0x00000000c0000000, 0x00000000c4300000, 0x00000000eab00000)
  object space 68608K, 37% used [0x00000000c0000000,0x00000000c194fa98,0x00000000c4300000)
 Metaspace       used 40689K, committed 41472K, reserved 1114112K
  class space    used 4127K, committed 4480K, reserved 1048576K
}

Dll operation events (10 events):
Event: 0.044 Loaded shared library c:\Users\raguv\.vscode\extensions\redhat.java-1.28.1-win32-x64\jre\17.0.10-win32-x86_64\bin\java.dll
Event: 0.224 Loaded shared library c:\Users\raguv\.vscode\extensions\redhat.java-1.28.1-win32-x64\jre\17.0.10-win32-x86_64\bin\zip.dll
Event: 0.228 Loaded shared library C:\Users\raguv\.vscode\extensions\redhat.java-1.28.1-win32-x64\jre\17.0.10-win32-x86_64\bin\instrument.dll
Event: 0.242 Loaded shared library C:\Users\raguv\.vscode\extensions\redhat.java-1.28.1-win32-x64\jre\17.0.10-win32-x86_64\bin\net.dll
Event: 0.244 Loaded shared library C:\Users\raguv\.vscode\extensions\redhat.java-1.28.1-win32-x64\jre\17.0.10-win32-x86_64\bin\nio.dll
Event: 0.249 Loaded shared library C:\Users\raguv\.vscode\extensions\redhat.java-1.28.1-win32-x64\jre\17.0.10-win32-x86_64\bin\zip.dll
Event: 0.262 Loaded shared library C:\Users\raguv\.vscode\extensions\redhat.java-1.28.1-win32-x64\jre\17.0.10-win32-x86_64\bin\jimage.dll
Event: 0.297 Loaded shared library c:\Users\raguv\.vscode\extensions\redhat.java-1.28.1-win32-x64\jre\17.0.10-win32-x86_64\bin\verify.dll
Event: 0.957 Loaded shared library C:\Users\raguv\AppData\Roaming\Code\User\globalStorage\redhat.java\1.28.1\config_ss_win\org.eclipse.equinox.launcher\org.eclipse.equinox.launcher.win32.win32.x86_64_1.2.900.v20240129-1338\eclipse_11900.dll
Event: 2.440 Loaded shared library C:\Users\raguv\AppData\Local\Temp\jna-1523726357\jna6176088445947005160.dll

Deoptimization events (20 events):
Event: 3.410 Thread 0x000001651f303710 DEOPT PACKING pc=0x000001650ca2fabc sp=0x0000001022dfcb00
Event: 3.410 Thread 0x000001651f303710 DEOPT UNPACKING pc=0x000001650c129ea3 sp=0x0000001022dfca98 mode 2
Event: 3.411 Thread 0x000001651f303710 Uncommon trap: trap_request=0xffffffc6 fr.pc=0x000001650ca2fabc relative=0x000000000000037c
Event: 3.411 Thread 0x000001651f303710 Uncommon trap: reason=bimorphic_or_optimized_type_check action=maybe_recompile pc=0x000001650ca2fabc method=java.util.regex.Matcher.match(II)Z @ 121 c2
Event: 3.411 Thread 0x000001651f303710 DEOPT PACKING pc=0x000001650ca2fabc sp=0x0000001022dfcb00
Event: 3.411 Thread 0x000001651f303710 DEOPT UNPACKING pc=0x000001650c129ea3 sp=0x0000001022dfca98 mode 2
Event: 3.411 Thread 0x000001651f303710 Uncommon trap: trap_request=0xffffffc6 fr.pc=0x000001650ca2fabc relative=0x000000000000037c
Event: 3.411 Thread 0x000001651f303710 Uncommon trap: reason=bimorphic_or_optimized_type_check action=maybe_recompile pc=0x000001650ca2fabc method=java.util.regex.Matcher.match(II)Z @ 121 c2
Event: 3.411 Thread 0x000001651f303710 DEOPT PACKING pc=0x000001650ca2fabc sp=0x0000001022dfcb00
Event: 3.411 Thread 0x000001651f303710 DEOPT UNPACKING pc=0x000001650c129ea3 sp=0x0000001022dfca98 mode 2
Event: 3.417 Thread 0x000001651f303710 DEOPT PACKING pc=0x00000165055abac5 sp=0x0000001022dfc050
Event: 3.417 Thread 0x000001651f303710 DEOPT UNPACKING pc=0x000001650c12a9e3 sp=0x0000001022dfb500 mode 0
Event: 3.423 Thread 0x000001651f303710 DEOPT PACKING pc=0x00000165055abac5 sp=0x0000001022dfbbd0
Event: 3.423 Thread 0x000001651f303710 DEOPT UNPACKING pc=0x000001650c12a9e3 sp=0x0000001022dfb080 mode 0
Event: 3.440 Thread 0x000001651f303710 DEOPT PACKING pc=0x0000016504e8d093 sp=0x0000001022dfbf90
Event: 3.440 Thread 0x000001651f303710 DEOPT UNPACKING pc=0x000001650c12a9e3 sp=0x0000001022dfb4c8 mode 0
Event: 3.541 Thread 0x000001651f303710 Uncommon trap: trap_request=0xffffff45 fr.pc=0x000001650ca725a4 relative=0x0000000000000ca4
Event: 3.541 Thread 0x000001651f303710 Uncommon trap: reason=unstable_if action=reinterpret pc=0x000001650ca725a4 method=java.util.TreeMap.put(Ljava/lang/Object;Ljava/lang/Object;Z)Ljava/lang/Object; @ 27 c2
Event: 3.541 Thread 0x000001651f303710 DEOPT PACKING pc=0x000001650ca725a4 sp=0x0000001022dfd630
Event: 3.541 Thread 0x000001651f303710 DEOPT UNPACKING pc=0x000001650c129ea3 sp=0x0000001022dfd578 mode 2

Classes unloaded (7 events):
Event: 1.383 Thread 0x000001651afc6600 Unloading class 0x000000010021a400 'java/lang/invoke/LambdaForm$MH+0x000000010021a400'
Event: 1.383 Thread 0x000001651afc6600 Unloading class 0x000000010021a000 'java/lang/invoke/LambdaForm$MH+0x000000010021a000'
Event: 1.383 Thread 0x000001651afc6600 Unloading class 0x0000000100219c00 'java/lang/invoke/LambdaForm$MH+0x0000000100219c00'
Event: 1.383 Thread 0x000001651afc6600 Unloading class 0x0000000100219800 'java/lang/invoke/LambdaForm$MH+0x0000000100219800'
Event: 1.383 Thread 0x000001651afc6600 Unloading class 0x0000000100219400 'java/lang/invoke/LambdaForm$BMH+0x0000000100219400'
Event: 1.383 Thread 0x000001651afc6600 Unloading class 0x0000000100219000 'java/lang/invoke/LambdaForm$DMH+0x0000000100219000'
Event: 1.383 Thread 0x000001651afc6600 Unloading class 0x0000000100214400 'java/lang/invoke/LambdaForm$DMH+0x0000000100214400'

Classes redefined (0 events):
No events

Internal exceptions (20 events):
Event: 3.192 Thread 0x000001651dd1b7a0 Exception <a 'sun/nio/fs/WindowsException'{0x00000000eb9862e8}> (0x00000000eb9862e8) 
thrown [s\src\hotspot\share\prims\jni.cpp, line 516]
Event: 3.194 Thread 0x000001651dd1b7a0 Exception <a 'sun/nio/fs/WindowsException'{0x00000000eba3ad00}> (0x00000000eba3ad00) 
thrown [s\src\hotspot\share\prims\jni.cpp, line 516]
Event: 3.208 Thread 0x000001651dd1b7a0 Exception <a 'sun/nio/fs/WindowsException'{0x00000000ebc90c50}> (0x00000000ebc90c50) 
thrown [s\src\hotspot\share\prims\jni.cpp, line 516]
Event: 3.215 Thread 0x000001651dd1b7a0 Exception <a 'sun/nio/fs/WindowsException'{0x00000000ebd5a908}> (0x00000000ebd5a908) 
thrown [s\src\hotspot\share\prims\jni.cpp, line 516]
Event: 3.216 Thread 0x000001651dd1b7a0 Exception <a 'sun/nio/fs/WindowsException'{0x00000000ebda8118}> (0x00000000ebda8118) 
thrown [s\src\hotspot\share\prims\jni.cpp, line 516]
Event: 3.220 Thread 0x000001651dd1b7a0 Exception <a 'sun/nio/fs/WindowsException'{0x00000000ebe29d48}> (0x00000000ebe29d48) 
thrown [s\src\hotspot\share\prims\jni.cpp, line 516]
Event: 3.220 Thread 0x000001651dd1b7a0 Exception <a 'sun/nio/fs/WindowsException'{0x00000000ebe2b9b0}> (0x00000000ebe2b9b0) 
thrown [s\src\hotspot\share\prims\jni.cpp, line 516]
Event: 3.220 Thread 0x000001651dd1b7a0 Exception <a 'sun/nio/fs/WindowsException'{0x00000000ebe2c188}> (0x00000000ebe2c188) 
thrown [s\src\hotspot\share\prims\jni.cpp, line 516]
Event: 3.220 Thread 0x000001651dd1b7a0 Exception <a 'sun/nio/fs/WindowsException'{0x00000000ebe2c5e8}> (0x00000000ebe2c5e8) 
thrown [s\src\hotspot\share\prims\jni.cpp, line 516]
Event: 3.220 Thread 0x000001651dd1b7a0 Exception <a 'sun/nio/fs/WindowsException'{0x00000000ebe2d2f0}> (0x00000000ebe2d2f0) 
thrown [s\src\hotspot\share\prims\jni.cpp, line 516]
Event: 3.222 Thread 0x000001651dd1b7a0 Exception <a 'sun/nio/fs/WindowsException'{0x00000000ebe766a8}> (0x00000000ebe766a8) 
thrown [s\src\hotspot\share\prims\jni.cpp, line 516]
Event: 3.226 Thread 0x000001651dd1b7a0 Exception <a 'sun/nio/fs/WindowsException'{0x00000000ebf142f0}> (0x00000000ebf142f0) 
thrown [s\src\hotspot\share\prims\jni.cpp, line 516]
Event: 3.227 Thread 0x000001651dd1b7a0 Exception <a 'java/io/FileNotFoundException'{0x00000000ebf22520}> (0x00000000ebf22520) 
thrown [s\src\hotspot\share\prims\jni.cpp, line 516]
Event: 3.227 Thread 0x000001651dd1b7a0 Exception <a 'java/io/FileNotFoundException'{0x00000000ebf23540}> (0x00000000ebf23540) 
thrown [s\src\hotspot\share\prims\jni.cpp, line 516]
Event: 3.229 Thread 0x000001651dd1b7a0 Exception <a 'sun/nio/fs/WindowsException'{0x00000000ebf7c530}> (0x00000000ebf7c530) 
thrown [s\src\hotspot\share\prims\jni.cpp, line 516]
Event: 3.236 Thread 0x000001651dd1b7a0 Exception <a 'sun/nio/fs/WindowsException'{0x00000000ec075f58}> (0x00000000ec075f58) 
thrown [s\src\hotspot\share\prims\jni.cpp, line 516]
Event: 3.248 Thread 0x000001651dd1b7a0 Exception <a 'sun/nio/fs/WindowsException'{0x00000000eabc4fd8}> (0x00000000eabc4fd8) 
thrown [s\src\hotspot\share\prims\jni.cpp, line 516]
Event: 3.327 Thread 0x000001651dd1d600 Exception <a 'java/lang/LinkageError'{0x00000000eb41fc80}: loader lombok.launch.ShadowClassLoader @72af4255 attempted duplicate class definition for lombok.launch.PatchFixesHider$Transform. (lombok.launch.PatchFixesHider$Transform is in unnamed module of loader lombok.launch.ShadowClassLoader @72af4255, parent loader org.eclipse.osgi.internal.loader.EquinoxClassLoader @59f61328)> (0x00000000eb41fc80) 
thrown [s\src\hotspot\share\classfile\systemDictionary.cpp, line 1724]
Event: 3.328 Thread 0x000001651dd1db10 Exception <a 'java/lang/LinkageError'{0x00000000eb475d70}: loader lombok.launch.ShadowClassLoader @72af4255 attempted duplicate class definition for lombok.launch.PatchFixesHider$Transform. (lombok.launch.PatchFixesHider$Transform is in unnamed module of loader lombok.launch.ShadowClassLoader @72af4255, parent loader org.eclipse.osgi.internal.loader.EquinoxClassLoader @59f61328)> (0x00000000eb475d70) 
thrown [s\src\hotspot\share\classfile\systemDictionary.cpp, line 1724]
Event: 3.541 Thread 0x000001651f303710 Implicit null exception at 0x000001650ca7194b to 0x000001650ca7258c

VM Operations (20 events):
Event: 2.840 Executing VM operation: ParallelGCFailedAllocation
Event: 2.842 Executing VM operation: ParallelGCFailedAllocation done
Event: 2.909 Executing VM operation: ParallelGCFailedAllocation
Event: 2.912 Executing VM operation: ParallelGCFailedAllocation done
Event: 2.957 Executing VM operation: ParallelGCFailedAllocation
Event: 2.960 Executing VM operation: ParallelGCFailedAllocation done
Event: 2.989 Executing VM operation: ParallelGCFailedAllocation
Event: 2.992 Executing VM operation: ParallelGCFailedAllocation done
Event: 3.020 Executing VM operation: ParallelGCFailedAllocation
Event: 3.023 Executing VM operation: ParallelGCFailedAllocation done
Event: 3.162 Executing VM operation: HandshakeAllThreads
Event: 3.162 Executing VM operation: HandshakeAllThreads done
Event: 3.237 Executing VM operation: ParallelGCFailedAllocation
Event: 3.241 Executing VM operation: ParallelGCFailedAllocation done
Event: 3.390 Executing VM operation: HandshakeAllThreads
Event: 3.390 Executing VM operation: HandshakeAllThreads done
Event: 3.394 Executing VM operation: ParallelGCFailedAllocation
Event: 3.395 Executing VM operation: ParallelGCFailedAllocation done
Event: 3.399 Executing VM operation: HandshakeAllThreads
Event: 3.399 Executing VM operation: HandshakeAllThreads done

Events (20 events):
Event: 3.361 loading class java/util/AbstractList$ListItr
Event: 3.362 loading class java/util/AbstractList$ListItr done
Event: 3.385 loading class java/io/DataOutputStream
Event: 3.385 loading class java/io/DataOutputStream done
Event: 3.387 loading class sun/nio/cs/ThreadLocalCoders
Event: 3.387 loading class sun/nio/cs/ThreadLocalCoders done
Event: 3.387 loading class sun/nio/cs/ThreadLocalCoders$1
Event: 3.387 loading class sun/nio/cs/ThreadLocalCoders$Cache
Event: 3.387 loading class sun/nio/cs/ThreadLocalCoders$Cache done
Event: 3.387 loading class sun/nio/cs/ThreadLocalCoders$1 done
Event: 3.387 loading class sun/nio/cs/ThreadLocalCoders$2
Event: 3.387 loading class sun/nio/cs/ThreadLocalCoders$2 done
Event: 3.430 loading class java/util/Vector$1
Event: 3.431 loading class java/util/Vector$1 done
Event: 3.527 Thread 0x000001651f318ee0 Thread exited: 0x000001651f318ee0
Event: 3.528 Thread 0x000001651f3189c0 Thread exited: 0x000001651f3189c0
Event: 3.541 loading class java/util/Collections$UnmodifiableSortedSet
Event: 3.541 loading class java/util/Collections$UnmodifiableSortedSet done
Event: 3.563 loading class java/util/regex/Pattern$Caret
Event: 3.563 loading class java/util/regex/Pattern$Caret done


Dynamic libraries:
0x00007ff6425d0000 - 0x00007ff6425de000 	c:\Users\raguv\.vscode\extensions\redhat.java-1.28.1-win32-x64\jre\17.0.10-win32-x86_64\bin\java.exe
0x00007ffa2cf90000 - 0x00007ffa2d1a6000 	C:\WINDOWS\SYSTEM32\ntdll.dll
0x00007ffa2b970000 - 0x00007ffa2ba34000 	C:\WINDOWS\System32\KERNEL32.DLL
0x00007ffa2a740000 - 0x00007ffa2aae6000 	C:\WINDOWS\System32\KERNELBASE.dll
0x00007ffa27160000 - 0x00007ffa271f7000 	C:\WINDOWS\SYSTEM32\apphelp.dll
0x00007ffa2ab20000 - 0x00007ffa2ac31000 	C:\WINDOWS\System32\ucrtbase.dll
0x00007ffa20cf0000 - 0x00007ffa20d07000 	c:\Users\raguv\.vscode\extensions\redhat.java-1.28.1-win32-x64\jre\17.0.10-win32-x86_64\bin\jli.dll
0x00007ffa2b500000 - 0x00007ffa2b6ad000 	C:\WINDOWS\System32\USER32.dll
0x00007ffa2acb0000 - 0x00007ffa2acd6000 	C:\WINDOWS\System32\win32u.dll
0x00007ffa1b050000 - 0x00007ffa1b2e3000 	C:\WINDOWS\WinSxS\amd64_microsoft.windows.common-controls_6595b64144ccf1df_6.0.22621.3235_none_270f74e173860f98\COMCTL32.dll
0x00007ffa20620000 - 0x00007ffa2063b000 	c:\Users\raguv\.vscode\extensions\redhat.java-1.28.1-win32-x64\jre\17.0.10-win32-x86_64\bin\VCRUNTIME140.dll
0x00007ffa2acf0000 - 0x00007ffa2ad19000 	C:\WINDOWS\System32\GDI32.dll
0x00007ffa2b3f0000 - 0x00007ffa2b497000 	C:\WINDOWS\System32\msvcrt.dll
0x00007ffa2a350000 - 0x00007ffa2a468000 	C:\WINDOWS\System32\gdi32full.dll
0x00007ffa2a530000 - 0x00007ffa2a5ca000 	C:\WINDOWS\System32\msvcp_win.dll
0x00007ffa2ae30000 - 0x00007ffa2ae61000 	C:\WINDOWS\System32\IMM32.DLL
0x00007ffa234a0000 - 0x00007ffa234ac000 	c:\Users\raguv\.vscode\extensions\redhat.java-1.28.1-win32-x64\jre\17.0.10-win32-x86_64\bin\vcruntime140_1.dll
0x00007ff9fb8a0000 - 0x00007ff9fb92d000 	c:\Users\raguv\.vscode\extensions\redhat.java-1.28.1-win32-x64\jre\17.0.10-win32-x86_64\bin\msvcp140.dll
0x00007ff97bac0000 - 0x00007ff97c722000 	c:\Users\raguv\.vscode\extensions\redhat.java-1.28.1-win32-x64\jre\17.0.10-win32-x86_64\bin\server\jvm.dll
0x00007ffa2c8f0000 - 0x00007ffa2c9a2000 	C:\WINDOWS\System32\ADVAPI32.dll
0x00007ffa2ad80000 - 0x00007ffa2ae28000 	C:\WINDOWS\System32\sechost.dll
0x00007ffa2aaf0000 - 0x00007ffa2ab18000 	C:\WINDOWS\System32\bcrypt.dll
0x00007ffa2c9b0000 - 0x00007ffa2cac5000 	C:\WINDOWS\System32\RPCRT4.dll
0x00007ffa29120000 - 0x00007ffa2916d000 	C:\WINDOWS\SYSTEM32\POWRPROF.dll
0x00007ffa23320000 - 0x00007ffa23354000 	C:\WINDOWS\SYSTEM32\WINMM.dll
0x00007ffa225e0000 - 0x00007ffa225ea000 	C:\WINDOWS\SYSTEM32\VERSION.dll
0x00007ffa21590000 - 0x00007ffa21599000 	C:\WINDOWS\SYSTEM32\WSOCK32.dll
0x00007ffa2b270000 - 0x00007ffa2b2e1000 	C:\WINDOWS\System32\WS2_32.dll
0x00007ffa29100000 - 0x00007ffa29113000 	C:\WINDOWS\SYSTEM32\UMPDC.dll
0x00007ffa293c0000 - 0x00007ffa293d8000 	C:\WINDOWS\SYSTEM32\kernel.appcore.dll
0x00007ffa20b40000 - 0x00007ffa20b4a000 	c:\Users\raguv\.vscode\extensions\redhat.java-1.28.1-win32-x64\jre\17.0.10-win32-x86_64\bin\jimage.dll
0x00007ffa27d60000 - 0x00007ffa27f93000 	C:\WINDOWS\SYSTEM32\DBGHELP.DLL
0x00007ffa2ba40000 - 0x00007ffa2bdc8000 	C:\WINDOWS\System32\combase.dll
0x00007ffa2c7f0000 - 0x00007ffa2c8c7000 	C:\WINDOWS\System32\OLEAUT32.dll
0x00007ffa0af60000 - 0x00007ffa0af92000 	C:\WINDOWS\SYSTEM32\dbgcore.DLL
0x00007ffa2a2d0000 - 0x00007ffa2a34a000 	C:\WINDOWS\System32\bcryptPrimitives.dll
0x00007ffa20a30000 - 0x00007ffa20a3e000 	c:\Users\raguv\.vscode\extensions\redhat.java-1.28.1-win32-x64\jre\17.0.10-win32-x86_64\bin\instrument.dll
0x00007ffa1f800000 - 0x00007ffa1f825000 	c:\Users\raguv\.vscode\extensions\redhat.java-1.28.1-win32-x64\jre\17.0.10-win32-x86_64\bin\java.dll
0x00007ffa20550000 - 0x00007ffa20568000 	c:\Users\raguv\.vscode\extensions\redhat.java-1.28.1-win32-x64\jre\17.0.10-win32-x86_64\bin\zip.dll
0x00007ffa2bdd0000 - 0x00007ffa2c62d000 	C:\WINDOWS\System32\SHELL32.dll
0x00007ffa281e0000 - 0x00007ffa28ad8000 	C:\WINDOWS\SYSTEM32\windows.storage.dll
0x00007ffa280a0000 - 0x00007ffa281de000 	C:\WINDOWS\SYSTEM32\wintypes.dll
0x00007ffa2b6b0000 - 0x00007ffa2b7a3000 	C:\WINDOWS\System32\SHCORE.dll
0x00007ffa2b4a0000 - 0x00007ffa2b4fe000 	C:\WINDOWS\System32\shlwapi.dll
0x00007ffa2a200000 - 0x00007ffa2a226000 	C:\WINDOWS\SYSTEM32\profapi.dll
0x00007ffa1ebc0000 - 0x00007ffa1ebd9000 	C:\Users\raguv\.vscode\extensions\redhat.java-1.28.1-win32-x64\jre\17.0.10-win32-x86_64\bin\net.dll
0x00007ffa24030000 - 0x00007ffa24167000 	C:\WINDOWS\SYSTEM32\WINHTTP.dll
0x00007ffa29830000 - 0x00007ffa29899000 	C:\WINDOWS\system32\mswsock.dll
0x00007ffa1a780000 - 0x00007ffa1a796000 	C:\Users\raguv\.vscode\extensions\redhat.java-1.28.1-win32-x64\jre\17.0.10-win32-x86_64\bin\nio.dll
0x00007ffa20440000 - 0x00007ffa20450000 	c:\Users\raguv\.vscode\extensions\redhat.java-1.28.1-win32-x64\jre\17.0.10-win32-x86_64\bin\verify.dll
0x00007ff9fb860000 - 0x00007ff9fb89e000 	C:\Users\raguv\AppData\Roaming\Code\User\globalStorage\redhat.java\1.28.1\config_ss_win\org.eclipse.equinox.launcher\org.eclipse.equinox.launcher.win32.win32.x86_64_1.2.900.v20240129-1338\eclipse_11900.dll
0x00007ffa2b0d0000 - 0x00007ffa2b26f000 	C:\WINDOWS\System32\ole32.dll
0x00007ffa29a80000 - 0x00007ffa29a9b000 	C:\WINDOWS\SYSTEM32\CRYPTSP.dll
0x00007ffa29320000 - 0x00007ffa29355000 	C:\WINDOWS\system32\rsaenh.dll
0x00007ffa298d0000 - 0x00007ffa298fc000 	C:\WINDOWS\SYSTEM32\USERENV.dll
0x00007ffa29a40000 - 0x00007ffa29a4c000 	C:\WINDOWS\SYSTEM32\CRYPTBASE.dll
0x00007ffa28d80000 - 0x00007ffa28dad000 	C:\WINDOWS\SYSTEM32\IPHLPAPI.DLL
0x00007ffa2b0c0000 - 0x00007ffa2b0c9000 	C:\WINDOWS\System32\NSI.dll
0x00007ffa24450000 - 0x00007ffa24469000 	C:\WINDOWS\SYSTEM32\dhcpcsvc6.DLL
0x00007ffa24280000 - 0x00007ffa2429f000 	C:\WINDOWS\SYSTEM32\dhcpcsvc.DLL
0x00007ffa28db0000 - 0x00007ffa28ea9000 	C:\WINDOWS\SYSTEM32\DNSAPI.dll
0x00007ffa197e0000 - 0x00007ffa19825000 	C:\Users\raguv\AppData\Local\Temp\jna-1523726357\jna6176088445947005160.dll
0x00007ffa2ad20000 - 0x00007ffa2ad28000 	C:\WINDOWS\System32\PSAPI.DLL

dbghelp: loaded successfully - version: 4.0.5 - missing functions: none
symbol engine: initialized successfully - sym options: 0x614 - pdb path: .;c:\Users\raguv\.vscode\extensions\redhat.java-1.28.1-win32-x64\jre\17.0.10-win32-x86_64\bin;C:\WINDOWS\SYSTEM32;C:\WINDOWS\WinSxS\amd64_microsoft.windows.common-controls_6595b64144ccf1df_6.0.22621.3235_none_270f74e173860f98;c:\Users\raguv\.vscode\extensions\redhat.java-1.28.1-win32-x64\jre\17.0.10-win32-x86_64\bin\server;C:\Users\raguv\AppData\Roaming\Code\User\globalStorage\redhat.java\1.28.1\config_ss_win\org.eclipse.equinox.launcher\org.eclipse.equinox.launcher.win32.win32.x86_64_1.2.900.v20240129-1338;C:\Users\raguv\AppData\Local\Temp\jna-1523726357

VM Arguments:
jvm_args: --add-modules=ALL-SYSTEM --add-opens=java.base/java.util=ALL-UNNAMED --add-opens=java.base/java.lang=ALL-UNNAMED --add-opens=java.base/sun.nio.fs=ALL-UNNAMED -Declipse.application=org.eclipse.jdt.ls.core.id1 -Dosgi.bundles.defaultStartLevel=4 -Declipse.product=org.eclipse.jdt.ls.core.product -Djava.import.generatesMetadataFilesAtProjectRoot=false -DDetectVMInstallationsJob.disabled=true -Dfile.encoding=utf8 -XX:+UseParallelGC -XX:GCTimeRatio=4 -XX:AdaptiveSizePolicyWeight=90 -Dsun.zip.disableMemoryMapping=true -Xmx1G -Xms100m -Xlog:disable -javaagent:c:\Users\raguv\.vscode\extensions\redhat.java-1.28.1-win32-x64\lombok\lombok-1.18.31.jar 
java_command: c:\Users\raguv\.vscode\extensions\redhat.java-1.28.1-win32-x64\server\plugins\org.eclipse.equinox.launcher_1.6.700.v20231214-2017.jar -configuration c:\Users\raguv\AppData\Roaming\Code\User\globalStorage\redhat.java\1.28.1\config_ss_win -data c:\Users\raguv\AppData\Roaming\Code\User\workspaceStorage\3369feadbb714503eb105f69fa7612c8\redhat.java\ss_ws --stdio
java_class_path (initial): c:\Users\raguv\.vscode\extensions\redhat.java-1.28.1-win32-x64\server\plugins\org.eclipse.equinox.launcher_1.6.700.v20231214-2017.jar
Launcher Type: SUN_STANDARD

[Global flags]
    uintx AdaptiveSizePolicyWeight                 = 90                                        {product} {command line}
     intx CICompilerCount                          = 12                                        {product} {ergonomic}
    uintx GCTimeRatio                              = 4                                         {product} {command line}
   size_t InitialHeapSize                          = 104857600                                 {product} {command line}
   size_t MaxHeapSize                              = 1073741824                                {product} {command line}
   size_t MaxNewSize                               = 357564416                                 {product} {ergonomic}
   size_t MinHeapDeltaBytes                        = 524288                                    {product} {ergonomic}
   size_t MinHeapSize                              = 104857600                                 {product} {command line}
   size_t NewSize                                  = 34603008                                  {product} {ergonomic}
    uintx NonNMethodCodeHeapSize                   = 7602480                                {pd product} {ergonomic}
    uintx NonProfiledCodeHeapSize                  = 122027880                              {pd product} {ergonomic}
   size_t OldSize                                  = 70254592                                  {product} {ergonomic}
    uintx ProfiledCodeHeapSize                     = 122027880                              {pd product} {ergonomic}
    uintx ReservedCodeCacheSize                    = 251658240                              {pd product} {ergonomic}
     bool SegmentedCodeCache                       = true                                      {product} {ergonomic}
   size_t SoftMaxHeapSize                          = 1073741824                             {manageable} {ergonomic}
     bool UseCompressedClassPointers               = true                           {product lp64_product} {ergonomic}
     bool UseCompressedOops                        = true                           {product lp64_product} {ergonomic}
     bool UseLargePagesIndividualAllocation        = false                                  {pd product} {ergonomic}
     bool UseParallelGC                            = true                                      {product} {command line}

Logging:
Log output configuration:
 #0: stdout all=off uptime,level,tags
 #1: stderr all=off uptime,level,tags

Environment Variables:
PATH=C:\Program Files\Common Files\Oracle\Java\javapath;C:\Windows\system32;C:\Windows;C:\Windows\System32\Wbem;C:\Windows\System32\WindowsPowerShell\v1.0\;C:\Windows\System32\OpenSSH\;C:\Program Files (x86)\NVIDIA Corporation\PhysX\Common;C:\Program Files\NVIDIA Corporation\NVIDIA NvDLISR;C:\WINDOWS\system32;C:\WINDOWS;C:\WINDOWS\System32\Wbem;C:\WINDOWS\System32\WindowsPowerShell\v1.0\;C:\WINDOWS\System32\OpenSSH\;C:\Program Files\Git\cmd;C:\Program Files\MySQL\MySQL Server 8.0\bin;C:\Program Files\dotnet\;C:\Program Files\PowerShell\7\;C:\Program Files\MySQL\MySQL Shell 8.0\bin\;C:\Users\raguv\AppData\Local\Microsoft\WindowsApps;C:\Program Files\JetBrains\IntelliJ IDEA Community Edition 2023.1\bin;;C:\Users\raguv\AppData\Local\GitHubDesktop\bin;C:\Program Files\Git\bin\;C:\Program Files\Git\cmd\;C:\Users\raguv\AppData\Local\Programs\Microsoft VS Code\bin;C:\Program Files\apache-maven-3.9.2-bin\apache-maven-3.9.2\bin;
USERNAME=brahmabull3
OS=Windows_NT
PROCESSOR_IDENTIFIER=Intel64 Family 6 Model 141 Stepping 1, GenuineIntel
TMP=C:\Users\raguv\AppData\Local\Temp
TEMP=C:\Users\raguv\AppData\Local\Temp



Periodic native trim disabled


---------------  S Y S T E M  ---------------

OS:
 Windows 11 , 64 bit Build 22621 (10.0.22621.3235)
OS uptime: 0 days 16:52 hours
Hyper-V role detected

CPU: total 16 (initial active 16) (8 cores per cpu, 2 threads per core) family 6 model 141 stepping 1 microcode 0x34, cx8, cmov, fxsr, ht, mmx, 3dnowpref, sse, sse2, sse3, ssse3, sse4.1, sse4.2, popcnt, lzcnt, tsc, tscinvbit, avx, avx2, aes, erms, clmul, bmi1, bmi2, adx, avx512f, avx512dq, avx512cd, avx512bw, avx512vl, sha, fma, vzeroupper, avx512_vpopcntdq, avx512_vpclmulqdq, avx512_vaes, avx512_vnni, clflush, clflushopt, clwb, avx512_vbmi2, avx512_vbmi, hv
Processor Information for all 16 processors :
  Max Mhz: 2301, Current Mhz: 2301, Mhz Limit: 2301

Memory: 4k page, system-wide physical 16085M (6542M free)
TotalPageFile size 18991M (AvailPageFile size 5M)
current process WorkingSet (physical memory assigned to process): 197M, peak: 199M
current process commit charge ("private bytes"): 294M, peak: 297M

vm_info: OpenJDK 64-Bit Server VM (17.0.10+7) for windows-amd64 JRE (17.0.10+7), built on Jan 16 2024 23:25:11 by "admin" with MS VC++ 16.10 / 16.11 (VS2019)

END.
